Archive member included to satisfy reference by file (symbol)

c:/program files (x86)/cypress/psoc creator/4.2/psoc creator/import/gnu/arm/5.4.1/bin/../lib/gcc/arm-none-eabi/5.4.1/armv7e-m/softfp\libgcc.a(_arm_addsubdf3.o)
                              .\CortexM4\ARM_GCC_541\Debug\cy_sysclk.o (__aeabi_f2d)
c:/program files (x86)/cypress/psoc creator/4.2/psoc creator/import/gnu/arm/5.4.1/bin/../lib/gcc/arm-none-eabi/5.4.1/armv7e-m/softfp\libgcc.a(_arm_muldivdf3.o)
                              .\CortexM4\ARM_GCC_541\Debug\cy_sysclk.o (__aeabi_ddiv)
c:/program files (x86)/cypress/psoc creator/4.2/psoc creator/import/gnu/arm/5.4.1/bin/../lib/gcc/arm-none-eabi/5.4.1/armv7e-m/softfp\libgcc.a(_arm_fixunsdfsi.o)
                              .\CortexM4\ARM_GCC_541\Debug\cy_sysclk.o (__aeabi_d2uiz)
c:/program files (x86)/cypress/psoc creator/4.2/psoc creator/import/gnu/arm/5.4.1/bin/../lib/gcc/arm-none-eabi/5.4.1/armv7e-m/softfp\libgcc.a(_arm_truncdfsf2.o)
                              .\CortexM4\ARM_GCC_541\Debug\cy_sysclk.o (__aeabi_d2f)
c:/program files (x86)/cypress/psoc creator/4.2/psoc creator/import/gnu/arm/5.4.1/bin/../lib/gcc/arm-none-eabi/5.4.1/armv7e-m/softfp\libgcc.a(_aeabi_uldivmod.o)
                              .\CortexM4\ARM_GCC_541\Debug\cy_sysclk.o (__aeabi_uldivmod)
c:/program files (x86)/cypress/psoc creator/4.2/psoc creator/import/gnu/arm/5.4.1/bin/../lib/gcc/arm-none-eabi/5.4.1/armv7e-m/softfp\libgcc.a(_udivmoddi4.o)
                              c:/program files (x86)/cypress/psoc creator/4.2/psoc creator/import/gnu/arm/5.4.1/bin/../lib/gcc/arm-none-eabi/5.4.1/armv7e-m/softfp\libgcc.a(_aeabi_uldivmod.o) (__udivmoddi4)
c:/program files (x86)/cypress/psoc creator/4.2/psoc creator/import/gnu/arm/5.4.1/bin/../lib/gcc/arm-none-eabi/5.4.1/armv7e-m/softfp\libgcc.a(_dvmd_tls.o)
                              c:/program files (x86)/cypress/psoc creator/4.2/psoc creator/import/gnu/arm/5.4.1/bin/../lib/gcc/arm-none-eabi/5.4.1/armv7e-m/softfp\libgcc.a(_aeabi_uldivmod.o) (__aeabi_ldiv0)
c:/program files (x86)/cypress/psoc creator/4.2/psoc creator/import/gnu/arm/5.4.1/bin/../lib/gcc/arm-none-eabi/5.4.1/../../../../arm-none-eabi/lib/armv7e-m/softfp\libg_nano.a(lib_a-exit.o)
                              c:/program files (x86)/cypress/psoc creator/4.2/psoc creator/import/gnu/arm/5.4.1/bin/../lib/gcc/arm-none-eabi/5.4.1/../../../../arm-none-eabi/lib/armv7e-m/softfp/crt0.o (exit)
c:/program files (x86)/cypress/psoc creator/4.2/psoc creator/import/gnu/arm/5.4.1/bin/../lib/gcc/arm-none-eabi/5.4.1/../../../../arm-none-eabi/lib/armv7e-m/softfp\libg_nano.a(lib_a-impure.o)
                              c:/program files (x86)/cypress/psoc creator/4.2/psoc creator/import/gnu/arm/5.4.1/bin/../lib/gcc/arm-none-eabi/5.4.1/../../../../arm-none-eabi/lib/armv7e-m/softfp\libg_nano.a(lib_a-exit.o) (_global_impure_ptr)
c:/program files (x86)/cypress/psoc creator/4.2/psoc creator/import/gnu/arm/5.4.1/bin/../lib/gcc/arm-none-eabi/5.4.1/../../../../arm-none-eabi/lib/armv7e-m/softfp\libg_nano.a(lib_a-init.o)
                              c:/program files (x86)/cypress/psoc creator/4.2/psoc creator/import/gnu/arm/5.4.1/bin/../lib/gcc/arm-none-eabi/5.4.1/../../../../arm-none-eabi/lib/armv7e-m/softfp/crt0.o (__libc_init_array)
c:/program files (x86)/cypress/psoc creator/4.2/psoc creator/import/gnu/arm/5.4.1/bin/../lib/gcc/arm-none-eabi/5.4.1/../../../../arm-none-eabi/lib/armv7e-m/softfp\libg_nano.a(lib_a-memset.o)
                              c:/program files (x86)/cypress/psoc creator/4.2/psoc creator/import/gnu/arm/5.4.1/bin/../lib/gcc/arm-none-eabi/5.4.1/../../../../arm-none-eabi/lib/armv7e-m/softfp/crt0.o (memset)
c:/program files (x86)/cypress/psoc creator/4.2/psoc creator/import/gnu/arm/5.4.1/bin/../lib/gcc/arm-none-eabi/5.4.1/../../../../arm-none-eabi/lib/armv7e-m/softfp\libg_nano.a(lib_a-strncpy.o)
                              .\CortexM4\ARM_GCC_541\Debug\cy_syslib.o (strncpy)
c:/program files (x86)/cypress/psoc creator/4.2/psoc creator/import/gnu/arm/5.4.1/bin/../lib/gcc/arm-none-eabi/5.4.1/../../../../arm-none-eabi/lib/armv7e-m/softfp\libnosys.a(_exit.o)
                              c:/program files (x86)/cypress/psoc creator/4.2/psoc creator/import/gnu/arm/5.4.1/bin/../lib/gcc/arm-none-eabi/5.4.1/../../../../arm-none-eabi/lib/armv7e-m/softfp\libg_nano.a(lib_a-exit.o) (_exit)
c:/program files (x86)/cypress/psoc creator/4.2/psoc creator/import/gnu/arm/5.4.1/bin/../lib/gcc/arm-none-eabi/5.4.1/../../../../arm-none-eabi/lib/armv7e-m/softfp\libm.a(lib_a-s_floor.o)
                              .\CortexM4\ARM_GCC_541\Debug\cy_sysclk.o (floor)
c:/program files (x86)/cypress/psoc creator/4.2/psoc creator/import/gnu/arm/5.4.1/bin/../lib/gcc/arm-none-eabi/5.4.1/../../../../arm-none-eabi/lib/armv7e-m/softfp\libm.a(lib_a-sf_ceil.o)
                              .\CortexM4\ARM_GCC_541\Debug\cy_sysclk.o (ceilf)
[...]
Memory Configuration

Name             Origin             Length             Attributes
ram              0x08024000         0x00023800         xrw
flash            0x10080000         0x00080000         xr
em_eeprom        0x14000000         0x00008000         xr
sflash_user_data 0x16000800         0x00000800         xr
sflash_nar       0x16001a00         0x00000200         xr
sflash_public_key 0x16005a00         0x00000c00         xr
sflash_toc_2     0x16007c00         0x00000200         xr
sflash_rtoc_2    0x16007e00         0x00000200         xr
xip              0x18000000         0x08000000         xr
efuse            0x90700000         0x00100000         r
*default*        0x00000000         0xffffffff

Linker script and memory map

LOAD c:/program files (x86)/cypress/psoc creator/4.2/psoc creator/import/gnu/arm/5.4.1/bin/../lib/gcc/arm-none-eabi/5.4.1/armv7e-m/softfp/crti.o
LOAD c:/program files (x86)/cypress/psoc creator/4.2/psoc creator/import/gnu/arm/5.4.1/bin/../lib/gcc/arm-none-eabi/5.4.1/armv7e-m/softfp/crtbegin.o
LOAD c:/program files (x86)/cypress/psoc creator/4.2/psoc creator/import/gnu/arm/5.4.1/bin/../lib/gcc/arm-none-eabi/5.4.1/../../../../arm-none-eabi/lib/armv7e-m/softfp/crt0.o
START GROUP
LOAD .\CortexM4\ARM_GCC_541\Debug\startup_psoc63_cm4.o
LOAD .\CortexM4\ARM_GCC_541\Debug\main_cm4.o
LOAD .\CortexM4\ARM_GCC_541\Debug\system_psoc63_cm4.o
LOAD .\CortexM4\ARM_GCC_541\Debug\cy_ipc_config.o
LOAD .\CortexM4\ARM_GCC_541\Debug\cyfitter_sysint_cfg.o
LOAD .\CortexM4\ARM_GCC_541\Debug\cymetadata.o
LOAD .\CortexM4\ARM_GCC_541\Debug\PWM.o
LOAD .\CortexM4\ARM_GCC_541\Debug\EZI2C.o
LOAD .\CortexM4\ARM_GCC_541\Debug\cy_sysint.o
LOAD .\CortexM4\ARM_GCC_541\Debug\cy_ipc_drv.o
LOAD .\CortexM4\ARM_GCC_541\Debug\cy_ipc_sema.o
LOAD .\CortexM4\ARM_GCC_541\Debug\cy_ipc_pipe.o
LOAD .\CortexM4\ARM_GCC_541\Debug\cy_sysclk.o
LOAD .\CortexM4\ARM_GCC_541\Debug\cy_wdt.o
LOAD .\CortexM4\ARM_GCC_541\Debug\cy_tcpwm_counter.o
LOAD .\CortexM4\ARM_GCC_541\Debug\cy_tcpwm_pwm.o
LOAD .\CortexM4\ARM_GCC_541\Debug\cy_tcpwm_quaddec.o
LOAD .\CortexM4\ARM_GCC_541\Debug\cy_scb_common.o
LOAD .\CortexM4\ARM_GCC_541\Debug\cy_scb_i2c.o
LOAD .\CortexM4\ARM_GCC_541\Debug\cy_scb_ezi2c.o
LOAD .\CortexM4\ARM_GCC_541\Debug\cy_scb_spi.o
LOAD .\CortexM4\ARM_GCC_541\Debug\cy_scb_uart.o
LOAD .\CortexM4\ARM_GCC_541\Debug\cy_efuse.o
LOAD .\CortexM4\ARM_GCC_541\Debug\cy_flash.o
LOAD .\CortexM4\ARM_GCC_541\Debug\cy_gpio.o
LOAD .\CortexM4\ARM_GCC_541\Debug\cy_sysanalog.o
LOAD .\CortexM4\ARM_GCC_541\Debug\cy_syspm.o
LOAD .\CortexM4\ARM_GCC_541\Debug\cy_syslib.o
LOAD .\CortexM4\ARM_GCC_541\Debug\cy_syslib_gcc.o
LOAD .\CortexM4\ARM_GCC_541\Debug\cy_trigmux.o
LOAD .\CortexM4\ARM_GCC_541\Debug\cy_systick.o
LOAD .\CortexM4\ARM_GCC_541\Debug\cy_profile.o
LOAD .\CortexM4\ARM_GCC_541\Debug\cy_prot.o
LOAD .\CortexM4\ARM_GCC_541\Debug\cy_lvd.o
LOAD .\CortexM4\ARM_GCC_541\Debug\cy_ble_clk.o
END GROUP
START GROUP
LOAD c:/program files (x86)/cypress/psoc creator/4.2/psoc creator/import/gnu/arm/5.4.1/bin/../lib/gcc/arm-none-eabi/5.4.1/armv7e-m/softfp\libgcc.a
LOAD c:/program files (x86)/cypress/psoc creator/4.2/psoc creator/import/gnu/arm/5.4.1/bin/../lib/gcc/arm-none-eabi/5.4.1/../../../../arm-none-eabi/lib/armv7e-m/softfp\libg_nano.a
LOAD c:/program files (x86)/cypress/psoc creator/4.2/psoc creator/import/gnu/arm/5.4.1/bin/../lib/gcc/arm-none-eabi/5.4.1/../../../../arm-none-eabi/lib/armv7e-m/softfp\libc_nano.a
END GROUP
START GROUP
LOAD c:/program files (x86)/cypress/psoc creator/4.2/psoc creator/import/gnu/arm/5.4.1/bin/../lib/gcc/arm-none-eabi/5.4.1/armv7e-m/softfp\libgcc.a
LOAD c:/program files (x86)/cypress/psoc creator/4.2/psoc creator/import/gnu/arm/5.4.1/bin/../lib/gcc/arm-none-eabi/5.4.1/../../../../arm-none-eabi/lib/armv7e-m/softfp\libc_nano.a
END GROUP
LOAD c:/program files (x86)/cypress/psoc creator/4.2/psoc creator/import/gnu/arm/5.4.1/bin/../lib/gcc/arm-none-eabi/5.4.1/armv7e-m/softfp/crtend.o
LOAD c:/program files (x86)/cypress/psoc creator/4.2/psoc creator/import/gnu/arm/5.4.1/bin/../lib/gcc/arm-none-eabi/5.4.1/armv7e-m/softfp/crtn.o
START GROUP
LOAD c:/program files (x86)/cypress/psoc creator/4.2/psoc creator/import/gnu/arm/5.4.1/bin/../lib/gcc/arm-none-eabi/5.4.1/armv7e-m/softfp\libgcc.a
LOAD c:/program files (x86)/cypress/psoc creator/4.2/psoc creator/import/gnu/arm/5.4.1/bin/../lib/gcc/arm-none-eabi/5.4.1/../../../../arm-none-eabi/lib/armv7e-m/softfp\libc.a
LOAD c:/program files (x86)/cypress/psoc creator/4.2/psoc creator/import/gnu/arm/5.4.1/bin/../lib/gcc/arm-none-eabi/5.4.1/../../../../arm-none-eabi/lib/armv7e-m/softfp\libnosys.a
END GROUP
START GROUP
LOAD c:/program files (x86)/cypress/psoc creator/4.2/psoc creator/import/gnu/arm/5.4.1/bin/../lib/gcc/arm-none-eabi/5.4.1/armv7e-m/softfp\libgcc.a
LOAD c:/program files (x86)/cypress/psoc creator/4.2/psoc creator/import/gnu/arm/5.4.1/bin/../lib/gcc/arm-none-eabi/5.4.1/../../../../arm-none-eabi/lib/armv7e-m/softfp\libc.a
LOAD c:/program files (x86)/cypress/psoc creator/4.2/psoc creator/import/gnu/arm/5.4.1/bin/../lib/gcc/arm-none-eabi/5.4.1/../../../../arm-none-eabi/lib/armv7e-m/softfp\libm.a
LOAD c:/program files (x86)/cypress/psoc creator/4.2/psoc creator/import/gnu/arm/5.4.1/bin/../lib/gcc/arm-none-eabi/5.4.1/../../../../arm-none-eabi/lib/armv7e-m/softfp\libnosys.a
END GROUP

.text           0x10080000     0x1bd8
                0x10080000                . = ALIGN (0x4)
                0x10080000                __Vectors = .
 *(.vectors)
 .vectors       0x10080000      0x28c .\CortexM4\ARM_GCC_541\Debug\startup_psoc63_cm4.o
                0x1008028c                . = ALIGN (0x4)
                0x1008028c                __Vectors_End = .
                0x0000028c                __Vectors_Size = (__Vectors_End - __Vectors)
                0x1008028c                __end__ = .
                0x1008028c                . = ALIGN (0x4)
 *(.text*)
 .text          0x1008028c       0x5c c:/program files (x86)/cypress/psoc creator/4.2/psoc creator/import/gnu/arm/5.4.1/bin/../lib/gcc/arm-none-eabi/5.4.1/armv7e-m/softfp/crtbegin.o
 .text          0x100802e8       0x94 .\CortexM4\ARM_GCC_541\Debug\startup_psoc63_cm4.o
                0x100802e8                Cy_OnResetUser
                0x100802ea                Cy_SaveIRQ
                0x100802f2                Cy_RestoreIRQ
                0x100802f8                Reset_Handler
                0x1008035c                tcpwm_1_interrupts_11_IRQHandler
                0x1008035c                cpuss_interrupts_ipc_0_IRQHandler
                0x1008035c                tcpwm_1_interrupts_15_IRQHandler
                0x1008035c                ioss_interrupts_gpio_13_IRQHandler
                0x1008035c                tcpwm_1_interrupts_13_IRQHandler
                0x1008035c                cpuss_interrupts_dw1_8_IRQHandler
                0x1008035c                tcpwm_0_interrupts_0_IRQHandler
                0x1008035c                SysTick_Handler
                0x1008035c                cpuss_interrupt_fm_IRQHandler
                0x1008035c                cpuss_interrupts_ipc_7_IRQHandler
                0x1008035c                tcpwm_1_interrupts_14_IRQHandler
                0x1008035c                cpuss_interrupts_dw0_11_IRQHandler
                0x1008035c                tcpwm_1_interrupts_9_IRQHandler
                0x1008035c                cpuss_interrupts_cm0_cti_1_IRQHandler
                0x1008035c                tcpwm_1_interrupts_22_IRQHandler
                0x1008035c                cpuss_interrupts_dw0_4_IRQHandler
                0x1008035c                PendSV_Handler
                0x1008035c                NMI_Handler
                0x1008035c                cpuss_interrupts_dw1_12_IRQHandler
                0x1008035c                tcpwm_1_interrupts_12_IRQHandler
                0x1008035c                smif_interrupt_IRQHandler
                0x1008035c                tcpwm_1_interrupts_2_IRQHandler
                0x1008035c                cpuss_interrupts_ipc_13_IRQHandler
                0x1008035c                udb_interrupts_11_IRQHandler
                0x1008035c                tcpwm_1_interrupts_18_IRQHandler
                0x1008035c                cpuss_interrupts_ipc_6_IRQHandler
                0x1008035c                tcpwm_0_interrupts_2_IRQHandler
                0x1008035c                cpuss_interrupts_dw0_13_IRQHandler
                0x1008035c                udb_interrupts_2_IRQHandler
                0x1008035c                cpuss_interrupts_dw1_7_IRQHandler
                0x1008035c                ioss_interrupts_gpio_1_IRQHandler
                0x1008035c                ioss_interrupts_gpio_7_IRQHandler
                0x1008035c                scb_5_interrupt_IRQHandler
                0x1008035c                udb_interrupts_6_IRQHandler
                0x1008035c                cpuss_interrupts_fault_1_IRQHandler
                0x1008035c                cpuss_interrupts_ipc_5_IRQHandler
                0x1008035c                cpuss_interrupts_dw1_10_IRQHandler
                0x1008035c                udb_interrupts_0_IRQHandler
                0x1008035c                tcpwm_1_interrupts_6_IRQHandler
                0x1008035c                scb_4_interrupt_IRQHandler
                0x1008035c                pass_interrupt_dacs_IRQHandler
                0x1008035c                ioss_interrupts_gpio_2_IRQHandler
                0x1008035c                cpuss_interrupts_dw1_9_IRQHandler
                0x1008035c                cpuss_interrupts_dw1_13_IRQHandler
                0x1008035c                scb_2_interrupt_IRQHandler
                0x1008035c                cpuss_interrupts_cm0_cti_0_IRQHandler
                0x1008035c                udb_interrupts_5_IRQHandler
                0x1008035c                srss_interrupt_IRQHandler
                0x1008035c                udb_interrupts_12_IRQHandler
                0x1008035c                scb_0_interrupt_IRQHandler
                0x1008035c                csd_interrupt_IRQHandler
                0x1008035c                udb_interrupts_1_IRQHandler
                0x1008035c                profile_interrupt_IRQHandler
                0x1008035c                tcpwm_1_interrupts_1_IRQHandler
                0x1008035c                cpuss_interrupts_ipc_12_IRQHandler
                0x1008035c                tcpwm_1_interrupts_3_IRQHandler
                0x1008035c                tcpwm_0_interrupts_7_IRQHandler
                0x1008035c                cpuss_interrupts_dw1_1_IRQHandler
                0x1008035c                cpuss_interrupts_dw1_0_IRQHandler
                0x1008035c                cpuss_interrupts_dw0_9_IRQHandler
                0x1008035c                DebugMon_Handler
                0x1008035c                tcpwm_1_interrupts_23_IRQHandler
                0x1008035c                cpuss_interrupts_dw0_5_IRQHandler
                0x1008035c                tcpwm_1_interrupts_20_IRQHandler
                0x1008035c                ioss_interrupt_gpio_IRQHandler
                0x1008035c                tcpwm_0_interrupts_1_IRQHandler
                0x1008035c                ioss_interrupts_gpio_8_IRQHandler
                0x1008035c                tcpwm_0_interrupts_6_IRQHandler
                0x1008035c                scb_7_interrupt_IRQHandler
                0x1008035c                tcpwm_1_interrupts_7_IRQHandler
                0x1008035c                cpuss_interrupts_ipc_11_IRQHandler
                0x1008035c                udb_interrupts_13_IRQHandler
                0x1008035c                cpuss_interrupts_dw0_15_IRQHandler
                0x1008035c                udb_interrupts_7_IRQHandler
                0x1008035c                cpuss_interrupts_dw1_6_IRQHandler
                0x1008035c                cpuss_interrupt_crypto_IRQHandler
                0x1008035c                scb_1_interrupt_IRQHandler
                0x1008035c                Default_Handler
                0x1008035c                usb_interrupt_hi_IRQHandler
                0x1008035c                tcpwm_1_interrupts_0_IRQHandler
                0x1008035c                udb_interrupts_9_IRQHandler
                0x1008035c                audioss_interrupt_pdm_IRQHandler
                0x1008035c                srss_interrupt_mcwdt_0_IRQHandler
                0x1008035c                scb_3_interrupt_IRQHandler
                0x1008035c                pass_interrupt_ctbs_IRQHandler
                0x1008035c                udb_interrupts_8_IRQHandler
                0x1008035c                ioss_interrupts_gpio_3_IRQHandler
                0x1008035c                scb_6_interrupt_IRQHandler
                0x1008035c                cpuss_interrupts_cm4_cti_0_IRQHandler
                0x1008035c                cpuss_interrupts_dw1_3_IRQHandler
                0x1008035c                pass_interrupt_sar_IRQHandler
                0x1008035c                ioss_interrupts_gpio_0_IRQHandler
                0x1008035c                ioss_interrupts_gpio_14_IRQHandler
                0x1008035c                tcpwm_0_interrupts_4_IRQHandler
                0x1008035c                udb_interrupts_3_IRQHandler
                0x1008035c                tcpwm_0_interrupts_5_IRQHandler
                0x1008035c                cpuss_interrupts_ipc_15_IRQHandler
                0x1008035c                cpuss_interrupts_cm4_cti_1_IRQHandler
                0x1008035c                scb_8_interrupt_IRQHandler
                0x1008035c                srss_interrupt_mcwdt_1_IRQHandler
                0x1008035c                cpuss_interrupts_dw1_2_IRQHandler
                0x1008035c                SVC_Handler
                0x1008035c                cpuss_interrupts_dw1_5_IRQHandler
                0x1008035c                cpuss_interrupts_ipc_1_IRQHandler
                0x1008035c                cpuss_interrupts_dw0_0_IRQHandler
                0x1008035c                ioss_interrupts_gpio_12_IRQHandler
                0x1008035c                cpuss_interrupts_ipc_3_IRQHandler
                0x1008035c                tcpwm_1_interrupts_17_IRQHandler
                0x1008035c                srss_interrupt_backup_IRQHandler
                0x1008035c                bless_interrupt_IRQHandler
                0x1008035c                cpuss_interrupts_ipc_10_IRQHandler
                0x1008035c                cpuss_interrupts_ipc_9_IRQHandler
                0x1008035c                cpuss_interrupts_dw0_14_IRQHandler
                0x1008035c                tcpwm_1_interrupts_4_IRQHandler
                0x1008035c                tcpwm_0_interrupts_3_IRQHandler
                0x1008035c                cpuss_interrupts_dw1_15_IRQHandler
                0x1008035c                ioss_interrupts_gpio_10_IRQHandler
                0x1008035c                udb_interrupts_10_IRQHandler
                0x1008035c                cpuss_interrupts_dw0_8_IRQHandler
                0x1008035c                ioss_interrupts_gpio_11_IRQHandler
                0x1008035c                cpuss_interrupts_ipc_14_IRQHandler
                0x1008035c                ioss_interrupts_gpio_5_IRQHandler
                0x1008035c                ioss_interrupts_gpio_4_IRQHandler
                0x1008035c                tcpwm_1_interrupts_8_IRQHandler
                0x1008035c                cpuss_interrupts_dw1_14_IRQHandler
                0x1008035c                usb_interrupt_med_IRQHandler
                0x1008035c                cpuss_interrupts_dw0_2_IRQHandler
                0x1008035c                udb_interrupts_4_IRQHandler
                0x1008035c                tcpwm_1_interrupts_10_IRQHandler
                0x1008035c                cpuss_interrupts_fault_0_IRQHandler
                0x1008035c                cpuss_interrupts_dw0_12_IRQHandler
                0x1008035c                ioss_interrupts_gpio_6_IRQHandler
                0x1008035c                tcpwm_1_interrupts_21_IRQHandler
                0x1008035c                tcpwm_1_interrupts_16_IRQHandler
                0x1008035c                cpuss_interrupts_dw1_4_IRQHandler
                0x1008035c                udb_interrupts_15_IRQHandler
                0x1008035c                cpuss_interrupts_dw1_11_IRQHandler
                0x1008035c                cpuss_interrupts_dw0_6_IRQHandler
                0x1008035c                ioss_interrupt_vdd_IRQHandler
                0x1008035c                cpuss_interrupts_dw0_7_IRQHandler
                0x1008035c                audioss_interrupt_i2s_IRQHandler
                0x1008035c                tcpwm_1_interrupts_5_IRQHandler
                0x1008035c                cpuss_interrupts_ipc_2_IRQHandler
                0x1008035c                cpuss_interrupts_dw0_10_IRQHandler
                0x1008035c                tcpwm_1_interrupts_19_IRQHandler
                0x1008035c                cpuss_interrupts_dw0_1_IRQHandler
                0x1008035c                lpcomp_interrupt_IRQHandler
                0x1008035c                ioss_interrupts_gpio_9_IRQHandler
                0x1008035c                usb_interrupt_lo_IRQHandler
                0x1008035c                cpuss_interrupts_ipc_8_IRQHandler
                0x1008035c                udb_interrupts_14_IRQHandler
                0x1008035c                cpuss_interrupts_dw0_3_IRQHandler
                0x10080360                UsageFault_Handler
                0x10080360                HardFault_Handler
                0x10080360                MemManage_Handler
                0x10080360                BusFault_Handler
 .text.main     0x1008037c       0x40 .\CortexM4\ARM_GCC_541\Debug\main_cm4.o
                0x1008037c                main
 .text.Cy_SystemInit
                0x100803bc        0x4 .\CortexM4\ARM_GCC_541\Debug\system_psoc63_cm4.o
                0x100803bc                Cy_SystemInit
 .text.SystemCoreClockUpdate
                0x100803c0      0x190 .\CortexM4\ARM_GCC_541\Debug\system_psoc63_cm4.o
                0x100803c0                SystemCoreClockUpdate
 .text.SystemInit
                0x10080550       0x48 .\CortexM4\ARM_GCC_541\Debug\system_psoc63_cm4.o
                0x10080550                SystemInit
 .text.Cy_SystemInitFpuEnable
                0x10080598       0x28 .\CortexM4\ARM_GCC_541\Debug\system_psoc63_cm4.o
                0x10080598                Cy_SystemInitFpuEnable
 .text.cpuss_interrupts_ipc_4_IRQHandler
                0x100805c0       0x10 .\CortexM4\ARM_GCC_541\Debug\cy_ipc_config.o
                0x100805c0                cpuss_interrupts_ipc_4_IRQHandler
 .text.Cy_IPC_SystemSemaInit
                0x100805d0       0x10 .\CortexM4\ARM_GCC_541\Debug\cy_ipc_config.o
                0x100805d0                Cy_IPC_SystemSemaInit
 .text.Cy_IPC_SystemPipeInit
                0x100805e0       0x24 .\CortexM4\ARM_GCC_541\Debug\cy_ipc_config.o
                0x100805e0                Cy_IPC_SystemPipeInit
 .text.PWM_Start
                0x10080604       0x30 .\CortexM4\ARM_GCC_541\Debug\PWM.o
                0x10080604                PWM_Start
 .text.EZI2C_Interrupt
                0x10080634       0x14 .\CortexM4\ARM_GCC_541\Debug\EZI2C.o
 .text.EZI2C_Start
                0x10080648       0x64 .\CortexM4\ARM_GCC_541\Debug\EZI2C.o
                0x10080648                EZI2C_Start
 .text.Cy_SysInt_SetVector
                0x100806ac       0x44 .\CortexM4\ARM_GCC_541\Debug\cy_sysint.o
                0x100806ac                Cy_SysInt_SetVector
 .text.Cy_SysInt_Init
                0x100806f0       0x7c .\CortexM4\ARM_GCC_541\Debug\cy_sysint.o
                0x100806f0                Cy_SysInt_Init
 .text.Cy_IPC_Drv_LockRelease
                0x1008076c       0x30 .\CortexM4\ARM_GCC_541\Debug\cy_ipc_drv.o
                0x1008076c                Cy_IPC_Drv_LockRelease
 .text.Cy_IPC_Drv_SendMsgWord
                0x1008079c       0x3c .\CortexM4\ARM_GCC_541\Debug\cy_ipc_drv.o
                0x1008079c                Cy_IPC_Drv_SendMsgWord
 .text.Cy_IPC_Drv_ReadMsgWord
                0x100807d8       0x2c .\CortexM4\ARM_GCC_541\Debug\cy_ipc_drv.o
                0x100807d8                Cy_IPC_Drv_ReadMsgWord
 .text.Cy_IPC_Sema_Init
                0x10080804       0xb0 .\CortexM4\ARM_GCC_541\Debug\cy_ipc_sema.o
                0x10080804                Cy_IPC_Sema_Init
 .text.Cy_IPC_Sema_Clear
                0x100808b4       0x88 .\CortexM4\ARM_GCC_541\Debug\cy_ipc_sema.o
                0x100808b4                Cy_IPC_Sema_Clear
 .text.Cy_IPC_Sema_Status
                0x1008093c       0x40 .\CortexM4\ARM_GCC_541\Debug\cy_ipc_sema.o
                0x1008093c                Cy_IPC_Sema_Status
 .text.Cy_IPC_Pipe_Config
                0x1008097c       0x10 .\CortexM4\ARM_GCC_541\Debug\cy_ipc_pipe.o
                0x1008097c                Cy_IPC_Pipe_Config
 .text.Cy_IPC_Pipe_EndpointInit
                0x1008098c       0xb8 .\CortexM4\ARM_GCC_541\Debug\cy_ipc_pipe.o
                0x1008098c                Cy_IPC_Pipe_EndpointInit
 .text.Cy_IPC_Pipe_Init
                0x10080a44       0xc4 .\CortexM4\ARM_GCC_541\Debug\cy_ipc_pipe.o
                0x10080a44                Cy_IPC_Pipe_Init
 .text.Cy_IPC_Pipe_SendMessage
                0x10080b08       0xb0 .\CortexM4\ARM_GCC_541\Debug\cy_ipc_pipe.o
                0x10080b08                Cy_IPC_Pipe_SendMessage
 .text.Cy_IPC_Pipe_RegisterCallback
                0x10080bb8       0x40 .\CortexM4\ARM_GCC_541\Debug\cy_ipc_pipe.o
                0x10080bb8                Cy_IPC_Pipe_RegisterCallback
 .text.Cy_IPC_Pipe_ExecCallback
                0x10080bf8       0xb0 .\CortexM4\ARM_GCC_541\Debug\cy_ipc_pipe.o
                0x10080bf8                Cy_IPC_Pipe_ExecCallback
 .text.Cy_TCPWM_PWM_Init
                0x10080ca8      0x16c .\CortexM4\ARM_GCC_541\Debug\cy_tcpwm_pwm.o
                0x10080ca8                Cy_TCPWM_PWM_Init
 .text.Cy_SCB_ReadArrayNoCheck
                0x10080e14       0x38 .\CortexM4\ARM_GCC_541\Debug\cy_scb_common.o
                0x10080e14                Cy_SCB_ReadArrayNoCheck
 .text.Cy_SCB_ReadArray
                0x10080e4c       0x1c .\CortexM4\ARM_GCC_541\Debug\cy_scb_common.o
                0x10080e4c                Cy_SCB_ReadArray
 .text.Cy_SCB_WriteArrayNoCheck
                0x10080e68       0x38 .\CortexM4\ARM_GCC_541\Debug\cy_scb_common.o
                0x10080e68                Cy_SCB_WriteArrayNoCheck
 .text.Cy_SCB_WriteArray
                0x10080ea0       0x2c .\CortexM4\ARM_GCC_541\Debug\cy_scb_common.o
                0x10080ea0                Cy_SCB_WriteArray
 .text.Cy_SCB_WriteDefaultArrayNoCheck
                0x10080ecc       0x10 .\CortexM4\ARM_GCC_541\Debug\cy_scb_common.o
                0x10080ecc                Cy_SCB_WriteDefaultArrayNoCheck
 .text.Cy_SCB_WriteDefaultArray
                0x10080edc       0x2c .\CortexM4\ARM_GCC_541\Debug\cy_scb_common.o
                0x10080edc                Cy_SCB_WriteDefaultArray
 .text.HandleErrors
                0x10080f08       0x30 .\CortexM4\ARM_GCC_541\Debug\cy_scb_ezi2c.o
 .text.HandleStop
                0x10080f38       0x94 .\CortexM4\ARM_GCC_541\Debug\cy_scb_ezi2c.o
 .text.UpdateAddressMask
                0x10080fcc       0x24 .\CortexM4\ARM_GCC_541\Debug\cy_scb_ezi2c.o
 .text.HandleAddress
                0x10080ff0      0x104 .\CortexM4\ARM_GCC_541\Debug\cy_scb_ezi2c.o
 .text.HandleDataTransmit
                0x100810f4       0x2c .\CortexM4\ARM_GCC_541\Debug\cy_scb_ezi2c.o
 .text.UpdateRxFifoLevel
                0x10081120       0x64 .\CortexM4\ARM_GCC_541\Debug\cy_scb_ezi2c.o
 .text.HandleDataReceive
                0x10081184      0x124 .\CortexM4\ARM_GCC_541\Debug\cy_scb_ezi2c.o
 .text.Cy_SCB_EZI2C_SetAddress1
                0x100812a8       0x4c .\CortexM4\ARM_GCC_541\Debug\cy_scb_ezi2c.o
                0x100812a8                Cy_SCB_EZI2C_SetAddress1
 .text.Cy_SCB_EZI2C_SetBuffer1
                0x100812f4       0x34 .\CortexM4\ARM_GCC_541\Debug\cy_scb_ezi2c.o
                0x100812f4                Cy_SCB_EZI2C_SetBuffer1
 .text.Cy_SCB_EZI2C_SetAddress2
                0x10081328       0x38 .\CortexM4\ARM_GCC_541\Debug\cy_scb_ezi2c.o
                0x10081328                Cy_SCB_EZI2C_SetAddress2
 .text.Cy_SCB_EZI2C_Init
                0x10081360      0x124 .\CortexM4\ARM_GCC_541\Debug\cy_scb_ezi2c.o
                0x10081360                Cy_SCB_EZI2C_Init
 .text.Cy_SCB_EZI2C_Interrupt
                0x10081484       0xd4 .\CortexM4\ARM_GCC_541\Debug\cy_scb_ezi2c.o
                0x10081484                Cy_SCB_EZI2C_Interrupt
 .text.Cy_Flash_ProcessOpcode
                0x10081558       0xac .\CortexM4\ARM_GCC_541\Debug\cy_flash.o
 .text.Cy_Flash_OperationStatus
                0x10081604       0x44 .\CortexM4\ARM_GCC_541\Debug\cy_flash.o
 .text.Cy_Flash_Init
                0x10081648       0x4c .\CortexM4\ARM_GCC_541\Debug\cy_flash.o
                0x10081648                Cy_Flash_Init
 .text.Cy_SysPm_ExecuteCallback
                0x10081694       0xc0 .\CortexM4\ARM_GCC_541\Debug\cy_syspm.o
                0x10081694                Cy_SysPm_ExecuteCallback
 .text.Cy_SysPm_Sleep
                0x10081754       0x94 .\CortexM4\ARM_GCC_541\Debug\cy_syspm.o
                0x10081754                Cy_SysPm_Sleep
 .text.Cy_SysLib_Halt
                0x100817e8        0x4 .\CortexM4\ARM_GCC_541\Debug\cy_syslib.o
                0x100817e8                Cy_SysLib_Halt
 .text.Cy_SysLib_AssertFailed
                0x100817ec       0x1c .\CortexM4\ARM_GCC_541\Debug\cy_syslib.o
                0x100817ec                Cy_SysLib_AssertFailed
 .text.Cy_SysLib_ProcessingFault
                0x10081808        0x4 .\CortexM4\ARM_GCC_541\Debug\cy_syslib.o
                0x10081808                Cy_SysLib_ProcessingFault
 .text.Cy_SysLib_FaultHandler
                0x1008180c       0xa4 .\CortexM4\ARM_GCC_541\Debug\cy_syslib.o
                0x1008180c                Cy_SysLib_FaultHandler
 .text          0x100818b0       0x20 .\CortexM4\ARM_GCC_541\Debug\cy_syslib_gcc.o
                0x100818b0                Cy_SysLib_DelayCycles
                0x100818c2                Cy_SysLib_EnterCriticalSection
                0x100818ca                Cy_SysLib_ExitCriticalSection
 .text.memset   0x100818d0       0x10 c:/program files (x86)/cypress/psoc creator/4.2/psoc creator/import/gnu/arm/5.4.1/bin/../lib/gcc/arm-none-eabi/5.4.1/../../../../arm-none-eabi/lib/armv7e-m/softfp\libg_nano.a(lib_a-memset.o)
                0x100818d0                memset
 .text.strncpy  0x100818e0       0x26 c:/program files (x86)/cypress/psoc creator/4.2/psoc creator/import/gnu/arm/5.4.1/bin/../lib/gcc/arm-none-eabi/5.4.1/../../../../arm-none-eabi/lib/armv7e-m/softfp\libg_nano.a(lib_a-strncpy.o)
                0x100818e0                strncpy
 *(.init)
 *fill*         0x10081906        0x2 
 .init          0x10081908        0x4 c:/program files (x86)/cypress/psoc creator/4.2/psoc creator/import/gnu/arm/5.4.1/bin/../lib/gcc/arm-none-eabi/5.4.1/armv7e-m/softfp/crti.o
                0x10081908                _init
 .init          0x1008190c        0x8 c:/program files (x86)/cypress/psoc creator/4.2/psoc creator/import/gnu/arm/5.4.1/bin/../lib/gcc/arm-none-eabi/5.4.1/armv7e-m/softfp/crtn.o
 *(.fini)
 .fini          0x10081914        0x4 c:/program files (x86)/cypress/psoc creator/4.2/psoc creator/import/gnu/arm/5.4.1/bin/../lib/gcc/arm-none-eabi/5.4.1/armv7e-m/softfp/crti.o
                0x10081914                _fini
 .fini          0x10081918        0x8 c:/program files (x86)/cypress/psoc creator/4.2/psoc creator/import/gnu/arm/5.4.1/bin/../lib/gcc/arm-none-eabi/5.4.1/armv7e-m/softfp/crtn.o
 *crtbegin.o(.ctors)
 *crtbegin?.o(.ctors)
 *(EXCLUDE_FILE(*crtend.o *crtend?.o) .ctors)
 *(SORT(.ctors.*))
 *(.ctors)
 *crtbegin.o(.dtors)
 *crtbegin?.o(.dtors)
 *(EXCLUDE_FILE(*crtend.o *crtend?.o) .dtors)
 *(SORT(.dtors.*))
 *(.dtors)
 *(.rodata .rodata.* .constdata .constdata.* .conststring .conststring.*)
 .rodata        0x10081920       0x34 .\CortexM4\ARM_GCC_541\Debug\cy_ipc_config.o
 .rodata        0x10081954        0x8 .\CortexM4\ARM_GCC_541\Debug\cyfitter_sysint_cfg.o
                0x10081954                EZI2C_SCB_IRQ_cfg
 .rodata        0x1008195c       0x64 .\CortexM4\ARM_GCC_541\Debug\PWM.o
                0x1008195c                PWM_config
 .rodata        0x100819c0        0x5 .\CortexM4\ARM_GCC_541\Debug\EZI2C.o
                0x100819c0                EZI2C_config
 *fill*         0x100819c5        0x3 
 .rodata.str1.4
                0x100819c8       0x41 .\CortexM4\ARM_GCC_541\Debug\cy_sysint.o
 *fill*         0x10081a09        0x3 
 .rodata.str1.4
                0x10081a0c       0x7f .\CortexM4\ARM_GCC_541\Debug\cy_ipc_drv.o
 *fill*         0x10081a8b        0x1 
 .rodata.str1.4
                0x10081a8c       0x3f .\CortexM4\ARM_GCC_541\Debug\cy_ipc_sema.o
 *fill*         0x10081acb        0x1 
 .rodata.str1.4
                0x10081acc       0x40 .\CortexM4\ARM_GCC_541\Debug\cy_ipc_pipe.o
                                 0x7f (size before relaxing)
 .rodata.str1.4
                0x10081b0c       0x85 .\CortexM4\ARM_GCC_541\Debug\cy_scb_ezi2c.o
 *fill*         0x10081b91        0x3 
 .rodata.str1.4
                0x10081b94       0x40 .\CortexM4\ARM_GCC_541\Debug\cy_syspm.o
                                 0x3f (size before relaxing)
 *(.eh_frame*)
 .eh_frame      0x10081bd4        0x0 c:/program files (x86)/cypress/psoc creator/4.2/psoc creator/import/gnu/arm/5.4.1/bin/../lib/gcc/arm-none-eabi/5.4.1/armv7e-m/softfp/crtbegin.o
 .eh_frame      0x10081bd4        0x4 c:/program files (x86)/cypress/psoc creator/4.2/psoc creator/import/gnu/arm/5.4.1/bin/../lib/gcc/arm-none-eabi/5.4.1/armv7e-m/softfp/crtend.o

.glue_7         0x10081bd8        0x0
 .glue_7        0x10081bd8        0x0 linker stubs

.glue_7t        0x10081bd8        0x0
 .glue_7t       0x10081bd8        0x0 linker stubs

.vfp11_veneer   0x10081bd8        0x0
 .vfp11_veneer  0x10081bd8        0x0 linker stubs

.v4_bx          0x10081bd8        0x0
 .v4_bx         0x10081bd8        0x0 linker stubs

.iplt           0x10081bd8        0x0
 .iplt          0x10081bd8        0x0 c:/program files (x86)/cypress/psoc creator/4.2/psoc creator/import/gnu/arm/5.4.1/bin/../lib/gcc/arm-none-eabi/5.4.1/armv7e-m/softfp/crtbegin.o

.ARM.extab
 *(.ARM.extab* .gnu.linkonce.armextab.*)
                0x10081bd8                __exidx_start = .

.ARM.exidx
 *(.ARM.exidx* .gnu.linkonce.armexidx.*)
                0x10081bd8                __exidx_end = .

.copy.table     0x10081bd8       0x18
                0x10081bd8                . = ALIGN (0x4)
                0x10081bd8                __copy_table_start__ = .
                0x10081bd8        0x4 LONG 0x10080000 __Vectors
                0x10081bdc        0x4 LONG 0x8024000 __ram_vectors_start__
                0x10081be0        0x4 LONG 0x28c (__Vectors_End - __Vectors)
                0x10081be4        0x4 LONG 0x10081bf8 __etext
                0x10081be8        0x4 LONG 0x802428c __data_start__
                0x10081bec        0x4 LONG 0x47c (__data_end__ - __data_start__)
                0x10081bf0                __copy_table_end__ = .

.zero.table     0x10081bf0        0x8
                0x10081bf0                . = ALIGN (0x4)
                0x10081bf0                __zero_table_start__ = .
                0x10081bf0        0x4 LONG 0x802479c __bss_start__
                0x10081bf4        0x4 LONG 0x22c (__bss_end__ - __bss_start__)
                0x10081bf8                __zero_table_end__ = .
                0x10081bf8                __etext = .

.ramVectors     0x08024000      0x28c
                0x08024000                __ram_vectors_start__ = .
 *(.ram_vectors)
 .ram_vectors   0x08024000      0x28c .\CortexM4\ARM_GCC_541\Debug\startup_psoc63_cm4.o
                0x08024000                __ramVectors
                0x0802428c                __ram_vectors_end__ = .

.data           0x0802428c      0x47c load address 0x10081bf8
                0x0802428c                __data_start__ = .
 *(vtable)
 *(.data*)
 .data          0x0802428c       0x20 .\CortexM4\ARM_GCC_541\Debug\system_psoc63_cm4.o
                0x0802428c                cy_BleEcoClockFreqHz
                0x08024290                cy_Hfclk0FreqHz
                0x08024294                cy_PeriClkFreqHz
                0x08024298                SystemCoreClock
                0x0802429c                cy_delayFreqHz
                0x080242a0                cy_delayFreqMhz
                0x080242a4                cy_delayFreqKhz
                0x080242a8                cy_delay32kMs
 .data          0x080242ac        0x4 .\CortexM4\ARM_GCC_541\Debug\cy_flash.o
                0x080242b0                . = ALIGN (0x4)
                0x080242b0                PROVIDE (__preinit_array_start, .)
 *(.preinit_array)
                0x080242b0                PROVIDE (__preinit_array_end, .)
                0x080242b0                . = ALIGN (0x4)
                0x080242b0                PROVIDE (__init_array_start, .)
 *(SORT(.init_array.*))
 *(.init_array)
 .init_array    0x080242b0        0x4 c:/program files (x86)/cypress/psoc creator/4.2/psoc creator/import/gnu/arm/5.4.1/bin/../lib/gcc/arm-none-eabi/5.4.1/armv7e-m/softfp/crtbegin.o
                0x080242b4                PROVIDE (__init_array_end, .)
                0x080242b4                . = ALIGN (0x4)
                [!provide]                PROVIDE (__fini_array_start, .)
 *(SORT(.fini_array.*))
 *(.fini_array)
 .fini_array    0x080242b4        0x4 c:/program files (x86)/cypress/psoc creator/4.2/psoc creator/import/gnu/arm/5.4.1/bin/../lib/gcc/arm-none-eabi/5.4.1/armv7e-m/softfp/crtbegin.o
                [!provide]                PROVIDE (__fini_array_end, .)
 *(.jcr*)
 .jcr           0x080242b8        0x0 c:/program files (x86)/cypress/psoc creator/4.2/psoc creator/import/gnu/arm/5.4.1/bin/../lib/gcc/arm-none-eabi/5.4.1/armv7e-m/softfp/crtbegin.o
 .jcr           0x080242b8        0x4 c:/program files (x86)/cypress/psoc creator/4.2/psoc creator/import/gnu/arm/5.4.1/bin/../lib/gcc/arm-none-eabi/5.4.1/armv7e-m/softfp/crtend.o
                0x080242bc                . = ALIGN (0x4)
 *(.cy_ramfunc*)
 .cy_ramfunc    0x080242bc      0x24c .\CortexM4\ARM_GCC_541\Debug\cy_flash.o
 .cy_ramfunc    0x08024508      0x190 .\CortexM4\ARM_GCC_541\Debug\cy_syspm.o
 .cy_ramfunc.__stub
                0x08024698       0x70 linker stubs
                0x08024708                . = ALIGN (0x4)
                0x08024708                __data_end__ = .

.igot.plt       0x08024708        0x0 load address 0x10082074
 .igot.plt      0x08024708        0x0 c:/program files (x86)/cypress/psoc creator/4.2/psoc creator/import/gnu/arm/5.4.1/bin/../lib/gcc/arm-none-eabi/5.4.1/armv7e-m/softfp/crtbegin.o

.noinit         0x08024708       0x94 load address 0x10082078
 *(.noinit)
 .noinit        0x08024708       0x94 .\CortexM4\ARM_GCC_541\Debug\cy_syslib.o
                0x08024708                cy_assertFileName
                0x08024720                cy_assertLine
                0x08024724                cy_faultFrame

.bss            0x0802479c      0x22c load address 0x1008210c
                0x0802479c                . = ALIGN (0x4)
                0x0802479c                __bss_start__ = .
 *(.bss*)
 .bss           0x0802479c       0x1c c:/program files (x86)/cypress/psoc creator/4.2/psoc creator/import/gnu/arm/5.4.1/bin/../lib/gcc/arm-none-eabi/5.4.1/armv7e-m/softfp/crtbegin.o
 .bss           0x080247b8      0x180 .\CortexM4\ARM_GCC_541\Debug\cy_ipc_config.o
 .bss           0x08024938        0x1 .\CortexM4\ARM_GCC_541\Debug\PWM.o
                0x08024938                PWM_initVar
 .bss           0x08024939        0x1 .\CortexM4\ARM_GCC_541\Debug\EZI2C.o
                0x08024939                EZI2C_initVar
 *fill*         0x0802493a        0x2 
 .bss           0x0802493c        0xc .\CortexM4\ARM_GCC_541\Debug\cy_ipc_sema.o
 .bss           0x08024948        0x4 .\CortexM4\ARM_GCC_541\Debug\cy_ipc_pipe.o
 .bss           0x0802494c       0x10 .\CortexM4\ARM_GCC_541\Debug\cy_flash.o
 .bss           0x0802495c       0x30 .\CortexM4\ARM_GCC_541\Debug\cy_syspm.o
 *(COMMON)
 COMMON         0x0802498c       0x3c .\CortexM4\ARM_GCC_541\Debug\EZI2C.o
                0x0802498c                EZI2C_context
                0x080249c8                . = ALIGN (0x4)
                0x080249c8                __bss_end__ = .

.heap           0x080249c8      0x400
                0x080249c8                __HeapBase = .
                0x080249c8                __end__ = .
                0x080249c8                end = __end__
 *(.heap*)
 .heap          0x080249c8      0x400 .\CortexM4\ARM_GCC_541\Debug\startup_psoc63_cm4.o
                0x08024dc8                __HeapLimit = .

.stack_dummy    0x080249c8     0x1000
 *(.stack*)
 .stack         0x080249c8     0x1000 .\CortexM4\ARM_GCC_541\Debug\startup_psoc63_cm4.o
                0x08047800                __StackTop = (ORIGIN (ram) + LENGTH (ram))
                0x08046800                __StackLimit = (__StackTop - SIZEOF (.stack_dummy))
                0x08047800                PROVIDE (__stack, __StackTop)
                0x00000001                ASSERT ((__StackLimit >= __HeapLimit), region RAM overflowed with stack)

.cy_app_signature
 *(.cy_app_signature)

.cy_em_eeprom
 *(.cy_em_eeprom)

.cy_sflash_user_data
 *(.cy_sflash_user_data)

.cy_sflash_nar
 *(.cy_sflash_nar)

.cy_sflash_public_key
 *(.cy_sflash_public_key)

.cy_toc_part2
 *(.cy_toc_part2)

.cy_rtoc_part2
 *(.cy_rtoc_part2)

.cy_xip
 *(.cy_xip)

.cy_efuse
 *(.cy_efuse)

.cymeta         0x90500000        0xc
 *(.cymeta)
 .cymeta        0x90500000        0xc .\CortexM4\ARM_GCC_541\Debug\cymetadata.o
                0x90500000                cy_metadata
                0x10000000                __cy_memory_0_start = 0x10000000
                0x00100000                __cy_memory_0_length = 0x100000
                0x00000200                __cy_memory_0_row_size = 0x200
                0x14000000                __cy_memory_1_start = 0x14000000
                0x00008000                __cy_memory_1_length = 0x8000
                0x00000200                __cy_memory_1_row_size = 0x200
                0x16000000                __cy_memory_2_start = 0x16000000
                0x00008000                __cy_memory_2_length = 0x8000
                0x00000200                __cy_memory_2_row_size = 0x200
                0x18000000                __cy_memory_3_start = 0x18000000
                0x08000000                __cy_memory_3_length = 0x8000000
                0x00000200                __cy_memory_3_row_size = 0x200
                0x90700000                __cy_memory_4_start = 0x90700000
                0x00100000                __cy_memory_4_length = 0x100000
                0x00000001                __cy_memory_4_row_size = 0x1
OUTPUT(C:\Git\PSoC6-101-Videos\Projects_ScreenCapture\PSoC 6_101\2-3-BasicI2C.cydsn\CortexM4\ARM_GCC_541\Debug\2-3-BasicI2C_link.elf elf32-littlearm)

.rel.dyn        0x080249c8        0x0 load address 0x9855d97c
 .rel.iplt      0x080249c8        0x0 c:/program files (x86)/cypress/psoc creator/4.2/psoc creator/import/gnu/arm/5.4.1/bin/../lib/gcc/arm-none-eabi/5.4.1/armv7e-m/softfp/crtbegin.o

.ARM.attributes
                0x00000000       0x2e
 .ARM.attributes
                0x00000000       0x22 c:/program files (x86)/cypress/psoc creator/4.2/psoc creator/import/gnu/arm/5.4.1/bin/../lib/gcc/arm-none-eabi/5.4.1/armv7e-m/softfp/crti.o
 .ARM.attributes
                0x00000022       0x32 c:/program files (x86)/cypress/psoc creator/4.2/psoc creator/import/gnu/arm/5.4.1/bin/../lib/gcc/arm-none-eabi/5.4.1/armv7e-m/softfp/crtbegin.o
 .ARM.attributes
                0x00000054       0x1f .\CortexM4\ARM_GCC_541\Debug\startup_psoc63_cm4.o
 .ARM.attributes
                0x00000073       0x37 .\CortexM4\ARM_GCC_541\Debug\main_cm4.o
 .ARM.attributes
                0x000000aa       0x37 .\CortexM4\ARM_GCC_541\Debug\system_psoc63_cm4.o
 .ARM.attributes
                0x000000e1       0x37 .\CortexM4\ARM_GCC_541\Debug\cy_ipc_config.o
 .ARM.attributes
                0x00000118       0x37 .\CortexM4\ARM_GCC_541\Debug\cyfitter_sysint_cfg.o
 .ARM.attributes
                0x0000014f       0x37 .\CortexM4\ARM_GCC_541\Debug\cymetadata.o
 .ARM.attributes
                0x00000186       0x37 .\CortexM4\ARM_GCC_541\Debug\PWM.o
 .ARM.attributes
                0x000001bd       0x37 .\CortexM4\ARM_GCC_541\Debug\EZI2C.o
 .ARM.attributes
                0x000001f4       0x37 .\CortexM4\ARM_GCC_541\Debug\cy_sysint.o
 .ARM.attributes
                0x0000022b       0x37 .\CortexM4\ARM_GCC_541\Debug\cy_ipc_drv.o
 .ARM.attributes
                0x00000262       0x37 .\CortexM4\ARM_GCC_541\Debug\cy_ipc_sema.o
 .ARM.attributes
                0x00000299       0x37 .\CortexM4\ARM_GCC_541\Debug\cy_ipc_pipe.o
 .ARM.attributes
                0x000002d0       0x37 .\CortexM4\ARM_GCC_541\Debug\cy_tcpwm_pwm.o
 .ARM.attributes
                0x00000307       0x37 .\CortexM4\ARM_GCC_541\Debug\cy_scb_common.o
 .ARM.attributes
                0x0000033e       0x37 .\CortexM4\ARM_GCC_541\Debug\cy_scb_ezi2c.o
 .ARM.attributes
                0x00000375       0x37 .\CortexM4\ARM_GCC_541\Debug\cy_flash.o
 .ARM.attributes
                0x000003ac       0x37 .\CortexM4\ARM_GCC_541\Debug\cy_syspm.o
 .ARM.attributes
                0x000003e3       0x37 .\CortexM4\ARM_GCC_541\Debug\cy_syslib.o
 .ARM.attributes
                0x0000041a       0x25 .\CortexM4\ARM_GCC_541\Debug\cy_syslib_gcc.o
 .ARM.attributes
                0x0000043f       0x32 c:/program files (x86)/cypress/psoc creator/4.2/psoc creator/import/gnu/arm/5.4.1/bin/../lib/gcc/arm-none-eabi/5.4.1/../../../../arm-none-eabi/lib/armv7e-m/softfp\libg_nano.a(lib_a-memset.o)
 .ARM.attributes
                0x00000471       0x32 c:/program files (x86)/cypress/psoc creator/4.2/psoc creator/import/gnu/arm/5.4.1/bin/../lib/gcc/arm-none-eabi/5.4.1/../../../../arm-none-eabi/lib/armv7e-m/softfp\libg_nano.a(lib_a-strncpy.o)
 .ARM.attributes
                0x000004a3       0x32 c:/program files (x86)/cypress/psoc creator/4.2/psoc creator/import/gnu/arm/5.4.1/bin/../lib/gcc/arm-none-eabi/5.4.1/armv7e-m/softfp/crtend.o
 .ARM.attributes
                0x000004d5       0x22 c:/program files (x86)/cypress/psoc creator/4.2/psoc creator/import/gnu/arm/5.4.1/bin/../lib/gcc/arm-none-eabi/5.4.1/armv7e-m/softfp/crtn.o

.comment        0x00000000       0x6e
 .comment       0x00000000       0x6e .\CortexM4\ARM_GCC_541\Debug\main_cm4.o
                                 0x6f (size before relaxing)
 .comment       0x0000006e       0x6f .\CortexM4\ARM_GCC_541\Debug\system_psoc63_cm4.o
 .comment       0x0000006e       0x6f .\CortexM4\ARM_GCC_541\Debug\cy_ipc_config.o
 .comment       0x0000006e       0x6f .\CortexM4\ARM_GCC_541\Debug\cyfitter_sysint_cfg.o
 .comment       0x0000006e       0x6f .\CortexM4\ARM_GCC_541\Debug\cymetadata.o
 .comment       0x0000006e       0x6f .\CortexM4\ARM_GCC_541\Debug\PWM.o
 .comment       0x0000006e       0x6f .\CortexM4\ARM_GCC_541\Debug\EZI2C.o
 .comment       0x0000006e       0x6f .\CortexM4\ARM_GCC_541\Debug\cy_sysint.o
 .comment       0x0000006e       0x6f .\CortexM4\ARM_GCC_541\Debug\cy_ipc_drv.o
 .comment       0x0000006e       0x6f .\CortexM4\ARM_GCC_541\Debug\cy_ipc_sema.o
 .comment       0x0000006e       0x6f .\CortexM4\ARM_GCC_541\Debug\cy_ipc_pipe.o
 .comment       0x0000006e       0x6f .\CortexM4\ARM_GCC_541\Debug\cy_tcpwm_pwm.o
 .comment       0x0000006e       0x6f .\CortexM4\ARM_GCC_541\Debug\cy_scb_common.o
 .comment       0x0000006e       0x6f .\CortexM4\ARM_GCC_541\Debug\cy_scb_ezi2c.o
 .comment       0x0000006e       0x6f .\CortexM4\ARM_GCC_541\Debug\cy_flash.o
 .comment       0x0000006e       0x6f .\CortexM4\ARM_GCC_541\Debug\cy_syspm.o
 .comment       0x0000006e       0x6f .\CortexM4\ARM_GCC_541\Debug\cy_syslib.o

.debug_line     0x00000000     0x40d4
 .debug_line    0x00000000       0xa0 .\CortexM4\ARM_GCC_541\Debug\startup_psoc63_cm4.o
 .debug_line    0x000000a0      0x2ee .\CortexM4\ARM_GCC_541\Debug\main_cm4.o
 .debug_line    0x0000038e      0x2fa .\CortexM4\ARM_GCC_541\Debug\system_psoc63_cm4.o
 .debug_line    0x00000688      0x2ba .\CortexM4\ARM_GCC_541\Debug\cy_ipc_config.o
 .debug_line    0x00000942      0x214 .\CortexM4\ARM_GCC_541\Debug\cyfitter_sysint_cfg.o
 .debug_line    0x00000b56      0x141 .\CortexM4\ARM_GCC_541\Debug\cymetadata.o
 .debug_line    0x00000c97      0x21d .\CortexM4\ARM_GCC_541\Debug\PWM.o
 .debug_line    0x00000eb4      0x2dd .\CortexM4\ARM_GCC_541\Debug\EZI2C.o
 .debug_line    0x00001191      0x2a8 .\CortexM4\ARM_GCC_541\Debug\cy_sysint.o
 .debug_line    0x00001439      0x2ac .\CortexM4\ARM_GCC_541\Debug\cy_ipc_drv.o
 .debug_line    0x000016e5      0x35f .\CortexM4\ARM_GCC_541\Debug\cy_ipc_sema.o
 .debug_line    0x00001a44      0x518 .\CortexM4\ARM_GCC_541\Debug\cy_ipc_pipe.o
 .debug_line    0x00001f5c      0x280 .\CortexM4\ARM_GCC_541\Debug\cy_tcpwm_pwm.o
 .debug_line    0x000021dc      0x447 .\CortexM4\ARM_GCC_541\Debug\cy_scb_common.o
 .debug_line    0x00002623      0x76b .\CortexM4\ARM_GCC_541\Debug\cy_scb_ezi2c.o
 .debug_line    0x00002d8e      0x705 .\CortexM4\ARM_GCC_541\Debug\cy_flash.o
 .debug_line    0x00003493      0x7b7 .\CortexM4\ARM_GCC_541\Debug\cy_syspm.o
 .debug_line    0x00003c4a      0x401 .\CortexM4\ARM_GCC_541\Debug\cy_syslib.o
 .debug_line    0x0000404b       0x89 .\CortexM4\ARM_GCC_541\Debug\cy_syslib_gcc.o

.debug_info     0x00000000    0x11e66
 .debug_info    0x00000000       0x99 .\CortexM4\ARM_GCC_541\Debug\startup_psoc63_cm4.o
 .debug_info    0x00000099      0xbdc .\CortexM4\ARM_GCC_541\Debug\main_cm4.o
 .debug_info    0x00000c75      0xff9 .\CortexM4\ARM_GCC_541\Debug\system_psoc63_cm4.o
 .debug_info    0x00001c6e      0x877 .\CortexM4\ARM_GCC_541\Debug\cy_ipc_config.o
 .debug_info    0x000024e5      0x4d2 .\CortexM4\ARM_GCC_541\Debug\cyfitter_sysint_cfg.o
 .debug_info    0x000029b7       0xac .\CortexM4\ARM_GCC_541\Debug\cymetadata.o
 .debug_info    0x00002a63      0x4c9 .\CortexM4\ARM_GCC_541\Debug\PWM.o
 .debug_info    0x00002f2c      0xe7d .\CortexM4\ARM_GCC_541\Debug\EZI2C.o
 .debug_info    0x00003da9      0x9c5 .\CortexM4\ARM_GCC_541\Debug\cy_sysint.o
 .debug_info    0x0000476e      0x486 .\CortexM4\ARM_GCC_541\Debug\cy_ipc_drv.o
 .debug_info    0x00004bf4      0x808 .\CortexM4\ARM_GCC_541\Debug\cy_ipc_sema.o
 .debug_info    0x000053fc     0x14a7 .\CortexM4\ARM_GCC_541\Debug\cy_ipc_pipe.o
 .debug_info    0x000068a3      0x477 .\CortexM4\ARM_GCC_541\Debug\cy_tcpwm_pwm.o
 .debug_info    0x00006d1a      0xd8c .\CortexM4\ARM_GCC_541\Debug\cy_scb_common.o
 .debug_info    0x00007aa6     0x1c56 .\CortexM4\ARM_GCC_541\Debug\cy_scb_ezi2c.o
 .debug_info    0x000096fc     0x2778 .\CortexM4\ARM_GCC_541\Debug\cy_flash.o
 .debug_info    0x0000be74     0x3a6e .\CortexM4\ARM_GCC_541\Debug\cy_syspm.o
 .debug_info    0x0000f8e2     0x24c6 .\CortexM4\ARM_GCC_541\Debug\cy_syslib.o
 .debug_info    0x00011da8       0xbe .\CortexM4\ARM_GCC_541\Debug\cy_syslib_gcc.o

.debug_abbrev   0x00000000     0x22b4
 .debug_abbrev  0x00000000       0x14 .\CortexM4\ARM_GCC_541\Debug\startup_psoc63_cm4.o
 .debug_abbrev  0x00000014      0x231 .\CortexM4\ARM_GCC_541\Debug\main_cm4.o
 .debug_abbrev  0x00000245      0x1c4 .\CortexM4\ARM_GCC_541\Debug\system_psoc63_cm4.o
 .debug_abbrev  0x00000409      0x15b .\CortexM4\ARM_GCC_541\Debug\cy_ipc_config.o
 .debug_abbrev  0x00000564       0xa0 .\CortexM4\ARM_GCC_541\Debug\cyfitter_sysint_cfg.o
 .debug_abbrev  0x00000604       0x5d .\CortexM4\ARM_GCC_541\Debug\cymetadata.o
 .debug_abbrev  0x00000661      0x152 .\CortexM4\ARM_GCC_541\Debug\PWM.o
 .debug_abbrev  0x000007b3      0x208 .\CortexM4\ARM_GCC_541\Debug\EZI2C.o
 .debug_abbrev  0x000009bb      0x221 .\CortexM4\ARM_GCC_541\Debug\cy_sysint.o
 .debug_abbrev  0x00000bdc      0x177 .\CortexM4\ARM_GCC_541\Debug\cy_ipc_drv.o
 .debug_abbrev  0x00000d53      0x22d .\CortexM4\ARM_GCC_541\Debug\cy_ipc_sema.o
 .debug_abbrev  0x00000f80      0x302 .\CortexM4\ARM_GCC_541\Debug\cy_ipc_pipe.o
 .debug_abbrev  0x00001282      0x158 .\CortexM4\ARM_GCC_541\Debug\cy_tcpwm_pwm.o
 .debug_abbrev  0x000013da      0x276 .\CortexM4\ARM_GCC_541\Debug\cy_scb_common.o
 .debug_abbrev  0x00001650      0x2f4 .\CortexM4\ARM_GCC_541\Debug\cy_scb_ezi2c.o
 .debug_abbrev  0x00001944      0x340 .\CortexM4\ARM_GCC_541\Debug\cy_flash.o
 .debug_abbrev  0x00001c84      0x30c .\CortexM4\ARM_GCC_541\Debug\cy_syspm.o
 .debug_abbrev  0x00001f90      0x310 .\CortexM4\ARM_GCC_541\Debug\cy_syslib.o
 .debug_abbrev  0x000022a0       0x14 .\CortexM4\ARM_GCC_541\Debug\cy_syslib_gcc.o

.debug_aranges  0x00000000      0x5b8
 .debug_aranges
                0x00000000       0x20 .\CortexM4\ARM_GCC_541\Debug\startup_psoc63_cm4.o
 .debug_aranges
                0x00000020       0x20 .\CortexM4\ARM_GCC_541\Debug\main_cm4.o
 .debug_aranges
                0x00000040       0x38 .\CortexM4\ARM_GCC_541\Debug\system_psoc63_cm4.o
 .debug_aranges
                0x00000078       0x30 .\CortexM4\ARM_GCC_541\Debug\cy_ipc_config.o
 .debug_aranges
                0x000000a8       0x18 .\CortexM4\ARM_GCC_541\Debug\cyfitter_sysint_cfg.o
 .debug_aranges
                0x000000c0       0x18 .\CortexM4\ARM_GCC_541\Debug\cymetadata.o
 .debug_aranges
                0x000000d8       0x20 .\CortexM4\ARM_GCC_541\Debug\PWM.o
 .debug_aranges
                0x000000f8       0x28 .\CortexM4\ARM_GCC_541\Debug\EZI2C.o
 .debug_aranges
                0x00000120       0x30 .\CortexM4\ARM_GCC_541\Debug\cy_sysint.o
 .debug_aranges
                0x00000150       0x30 .\CortexM4\ARM_GCC_541\Debug\cy_ipc_drv.o
 .debug_aranges
                0x00000180       0x40 .\CortexM4\ARM_GCC_541\Debug\cy_ipc_sema.o
 .debug_aranges
                0x000001c0       0x60 .\CortexM4\ARM_GCC_541\Debug\cy_ipc_pipe.o
 .debug_aranges
                0x00000220       0x28 .\CortexM4\ARM_GCC_541\Debug\cy_tcpwm_pwm.o
 .debug_aranges
                0x00000248       0x68 .\CortexM4\ARM_GCC_541\Debug\cy_scb_common.o
 .debug_aranges
                0x000002b0       0xb8 .\CortexM4\ARM_GCC_541\Debug\cy_scb_ezi2c.o
 .debug_aranges
                0x00000368       0xb0 .\CortexM4\ARM_GCC_541\Debug\cy_flash.o
 .debug_aranges
                0x00000418      0x108 .\CortexM4\ARM_GCC_541\Debug\cy_syspm.o
 .debug_aranges
                0x00000520       0x78 .\CortexM4\ARM_GCC_541\Debug\cy_syslib.o
 .debug_aranges
                0x00000598       0x20 .\CortexM4\ARM_GCC_541\Debug\cy_syslib_gcc.o

.debug_loc      0x00000000     0x43a8
 .debug_loc     0x00000000       0x6c .\CortexM4\ARM_GCC_541\Debug\main_cm4.o
 .debug_loc     0x0000006c      0x1fe .\CortexM4\ARM_GCC_541\Debug\system_psoc63_cm4.o
 .debug_loc     0x0000026a       0x1e .\CortexM4\ARM_GCC_541\Debug\cy_ipc_config.o
 .debug_loc     0x00000288       0x58 .\CortexM4\ARM_GCC_541\Debug\PWM.o
 .debug_loc     0x000002e0       0x2b .\CortexM4\ARM_GCC_541\Debug\EZI2C.o
 .debug_loc     0x0000030b      0x223 .\CortexM4\ARM_GCC_541\Debug\cy_sysint.o
 .debug_loc     0x0000052e      0x2a1 .\CortexM4\ARM_GCC_541\Debug\cy_ipc_drv.o
 .debug_loc     0x000007cf      0x6c2 .\CortexM4\ARM_GCC_541\Debug\cy_ipc_sema.o
 .debug_loc     0x00000e91      0x783 .\CortexM4\ARM_GCC_541\Debug\cy_ipc_pipe.o
 .debug_loc     0x00001614       0xd9 .\CortexM4\ARM_GCC_541\Debug\cy_tcpwm_pwm.o
 .debug_loc     0x000016ed      0x588 .\CortexM4\ARM_GCC_541\Debug\cy_scb_common.o
 .debug_loc     0x00001c75     0x10c9 .\CortexM4\ARM_GCC_541\Debug\cy_scb_ezi2c.o
 .debug_loc     0x00002d3e      0xb8b .\CortexM4\ARM_GCC_541\Debug\cy_flash.o
 .debug_loc     0x000038c9      0x8e3 .\CortexM4\ARM_GCC_541\Debug\cy_syspm.o
 .debug_loc     0x000041ac      0x1fc .\CortexM4\ARM_GCC_541\Debug\cy_syslib.o

.debug_ranges   0x00000000      0x4d0
 .debug_ranges  0x00000000       0x10 .\CortexM4\ARM_GCC_541\Debug\main_cm4.o
 .debug_ranges  0x00000010       0x40 .\CortexM4\ARM_GCC_541\Debug\system_psoc63_cm4.o
 .debug_ranges  0x00000050       0x20 .\CortexM4\ARM_GCC_541\Debug\cy_ipc_config.o
 .debug_ranges  0x00000070       0x10 .\CortexM4\ARM_GCC_541\Debug\PWM.o
 .debug_ranges  0x00000080       0x18 .\CortexM4\ARM_GCC_541\Debug\EZI2C.o
 .debug_ranges  0x00000098       0x20 .\CortexM4\ARM_GCC_541\Debug\cy_sysint.o
 .debug_ranges  0x000000b8       0x20 .\CortexM4\ARM_GCC_541\Debug\cy_ipc_drv.o
 .debug_ranges  0x000000d8       0x30 .\CortexM4\ARM_GCC_541\Debug\cy_ipc_sema.o
 .debug_ranges  0x00000108       0x50 .\CortexM4\ARM_GCC_541\Debug\cy_ipc_pipe.o
 .debug_ranges  0x00000158       0x18 .\CortexM4\ARM_GCC_541\Debug\cy_tcpwm_pwm.o
 .debug_ranges  0x00000170       0x88 .\CortexM4\ARM_GCC_541\Debug\cy_scb_common.o
 .debug_ranges  0x000001f8       0xc0 .\CortexM4\ARM_GCC_541\Debug\cy_scb_ezi2c.o
 .debug_ranges  0x000002b8       0xa0 .\CortexM4\ARM_GCC_541\Debug\cy_flash.o
 .debug_ranges  0x00000358      0x110 .\CortexM4\ARM_GCC_541\Debug\cy_syspm.o
 .debug_ranges  0x00000468       0x68 .\CortexM4\ARM_GCC_541\Debug\cy_syslib.o

.debug_str      0x00000000     0x5c45
 .debug_str     0x00000000      0x987 .\CortexM4\ARM_GCC_541\Debug\main_cm4.o
                                0xa3d (size before relaxing)
 .debug_str     0x00000987      0x808 .\CortexM4\ARM_GCC_541\Debug\system_psoc63_cm4.o
                                0xb09 (size before relaxing)
 .debug_str     0x0000118f     0x1300 .\CortexM4\ARM_GCC_541\Debug\cy_ipc_config.o
                               0x153c (size before relaxing)
 .debug_str     0x0000248f       0x64 .\CortexM4\ARM_GCC_541\Debug\cyfitter_sysint_cfg.o
                               0x1216 (size before relaxing)
 .debug_str     0x000024f3       0x30 .\CortexM4\ARM_GCC_541\Debug\cymetadata.o
                                0x1cf (size before relaxing)
 .debug_str     0x00002523       0x73 .\CortexM4\ARM_GCC_541\Debug\PWM.o
                                0x4cc (size before relaxing)
 .debug_str     0x00002596      0x19d .\CortexM4\ARM_GCC_541\Debug\EZI2C.o
                               0x1907 (size before relaxing)
 .debug_str     0x00002733      0x10e .\CortexM4\ARM_GCC_541\Debug\cy_sysint.o
                               0x13de (size before relaxing)
 .debug_str     0x00002841      0x191 .\CortexM4\ARM_GCC_541\Debug\cy_ipc_drv.o
                                0x3d9 (size before relaxing)
 .debug_str     0x000029d2      0x268 .\CortexM4\ARM_GCC_541\Debug\cy_ipc_sema.o
                                0x5ff (size before relaxing)
 .debug_str     0x00002c3a      0x443 .\CortexM4\ARM_GCC_541\Debug\cy_ipc_pipe.o
                               0x1ab9 (size before relaxing)
 .debug_str     0x0000307d       0x90 .\CortexM4\ARM_GCC_541\Debug\cy_tcpwm_pwm.o
                                0x4e9 (size before relaxing)
 .debug_str     0x0000310d      0x1f7 .\CortexM4\ARM_GCC_541\Debug\cy_scb_common.o
                                0x742 (size before relaxing)
 .debug_str     0x00003304      0x550 .\CortexM4\ARM_GCC_541\Debug\cy_scb_ezi2c.o
                                0xea7 (size before relaxing)
 .debug_str     0x00003854      0xc46 .\CortexM4\ARM_GCC_541\Debug\cy_flash.o
                               0x29f4 (size before relaxing)
 .debug_str     0x0000449a     0x1293 .\CortexM4\ARM_GCC_541\Debug\cy_syspm.o
                               0x234e (size before relaxing)
 .debug_str     0x0000572d      0x518 .\CortexM4\ARM_GCC_541\Debug\cy_syslib.o
                               0x1897 (size before relaxing)

.debug_frame    0x00000000      0xf08
 .debug_frame   0x00000000       0x2c .\CortexM4\ARM_GCC_541\Debug\main_cm4.o
 .debug_frame   0x0000002c       0x68 .\CortexM4\ARM_GCC_541\Debug\system_psoc63_cm4.o
 .debug_frame   0x00000094       0x64 .\CortexM4\ARM_GCC_541\Debug\cy_ipc_config.o
 .debug_frame   0x000000f8       0x2c .\CortexM4\ARM_GCC_541\Debug\PWM.o
 .debug_frame   0x00000124       0x48 .\CortexM4\ARM_GCC_541\Debug\EZI2C.o
 .debug_frame   0x0000016c       0x7c .\CortexM4\ARM_GCC_541\Debug\cy_sysint.o
 .debug_frame   0x000001e8       0x70 .\CortexM4\ARM_GCC_541\Debug\cy_ipc_drv.o
 .debug_frame   0x00000258       0xcc .\CortexM4\ARM_GCC_541\Debug\cy_ipc_sema.o
 .debug_frame   0x00000324      0x140 .\CortexM4\ARM_GCC_541\Debug\cy_ipc_pipe.o
 .debug_frame   0x00000464       0x6c .\CortexM4\ARM_GCC_541\Debug\cy_tcpwm_pwm.o
 .debug_frame   0x000004d0      0x12c .\CortexM4\ARM_GCC_541\Debug\cy_scb_common.o
 .debug_frame   0x000005fc      0x244 .\CortexM4\ARM_GCC_541\Debug\cy_scb_ezi2c.o
 .debug_frame   0x00000840      0x228 .\CortexM4\ARM_GCC_541\Debug\cy_flash.o
 .debug_frame   0x00000a68      0x334 .\CortexM4\ARM_GCC_541\Debug\cy_syspm.o
 .debug_frame   0x00000d9c      0x124 .\CortexM4\ARM_GCC_541\Debug\cy_syslib.o
 .debug_frame   0x00000ec0       0x20 c:/program files (x86)/cypress/psoc creator/4.2/psoc creator/import/gnu/arm/5.4.1/bin/../lib/gcc/arm-none-eabi/5.4.1/../../../../arm-none-eabi/lib/armv7e-m/softfp\libg_nano.a(lib_a-memset.o)
 .debug_frame   0x00000ee0       0x28 c:/program files (x86)/cypress/psoc creator/4.2/psoc creator/import/gnu/arm/5.4.1/bin/../lib/gcc/arm-none-eabi/5.4.1/../../../../arm-none-eabi/lib/armv7e-m/softfp\libg_nano.a(lib_a-strncpy.o)
