Archive member included to satisfy reference by file (symbol)

Generated_Source\PSoC6\pdl\middleware\ble\lib\cy_ble_stack_gcc_host_ipc_cm4.a(CyBleStackMgrIP_Interface.o)
                              .\CortexM4\ARM_GCC_541\Debug\cy_ble.o (Cy_BLE_EnablePrivacyFeature)
Generated_Source\PSoC6\pdl\middleware\ble\lib\cy_ble_stack_gcc_host_ipc_cm4.a(BT_os.o)
                              Generated_Source\PSoC6\pdl\middleware\ble\lib\cy_ble_stack_gcc_host_ipc_cm4.a(CyBleStackMgrIP_Interface.o) (cyBleStackMemoryConfig)
Generated_Source\PSoC6\pdl\middleware\ble\lib\cy_ble_stack_gcc_host_ipc_cm4.a(CyBleStackMgr_StackTaskHandler.o)
                              Generated_Source\PSoC6\pdl\middleware\ble\lib\cy_ble_stack_gcc_host_ipc_cm4.a(CyBleStackMgrIP_Interface.o) (CyBle_CreateBleStackTask)
Generated_Source\PSoC6\pdl\middleware\ble\lib\cy_ble_stack_gcc_host_ipc_cm4.a(storage_pl.o)
                              Generated_Source\PSoC6\pdl\middleware\ble\lib\cy_ble_stack_gcc_host_ipc_cm4.a(CyBleStackMgrIP_Interface.o) (storage_manager_init)
Generated_Source\PSoC6\pdl\middleware\ble\lib\cy_ble_stack_gcc_host_ipc_cm4.a(mint_os.o)
                              Generated_Source\PSoC6\pdl\middleware\ble\lib\cy_ble_stack_gcc_host_ipc_cm4.a(CyBleStackMgrIP_Interface.o) (OS_init)
Generated_Source\PSoC6\pdl\middleware\ble\lib\cy_ble_stack_gcc_host_ipc_cm4.a(mint_os_queue.o)
                              Generated_Source\PSoC6\pdl\middleware\ble\lib\cy_ble_stack_gcc_host_ipc_cm4.a(mint_os.o) (OS_TOTAL_QUEUES)
Generated_Source\PSoC6\pdl\middleware\ble\lib\cy_ble_stack_gcc_host_ipc_cm4.a(mint_os_task.o)
                              Generated_Source\PSoC6\pdl\middleware\ble\lib\cy_ble_stack_gcc_host_ipc_cm4.a(mint_os.o) (idle_func_handler)
Generated_Source\PSoC6\pdl\middleware\ble\lib\cy_ble_stack_gcc_host_ipc_cm4.a(mint_buf_mgmt.o)
                              Generated_Source\PSoC6\pdl\middleware\ble\lib\cy_ble_stack_gcc_host_ipc_cm4.a(BT_os.o) (mint_buf_mgmt_allocate_buffer)
Generated_Source\PSoC6\pdl\middleware\ble\lib\cy_ble_stack_gcc_host_ipc_cm4.a(transport_ipc.o)
                              Generated_Source\PSoC6\pdl\middleware\ble\lib\cy_ble_stack_gcc_host_ipc_cm4.a(CyBleStackMgr_StackTaskHandler.o) (CyBleHost_HciIpcFreePktBuffer)
Generated_Source\PSoC6\pdl\middleware\ble\lib\cy_ble_stack_gcc_host_ipc_cm4.a(CyBleStackMgr_PSoCIPCHal.o)
                              Generated_Source\PSoC6\pdl\middleware\ble\lib\cy_ble_stack_gcc_host_ipc_cm4.a(transport_ipc.o) (CyBleHost_IPC_HAL_InitWithStaticMem)
Generated_Source\PSoC6\pdl\middleware\ble\lib\cy_ble_stack_gcc_host_ipc_cm4.a(host_main.o)
                              Generated_Source\PSoC6\pdl\middleware\ble\lib\cy_ble_stack_gcc_host_ipc_cm4.a(CyBleStackMgrIP_Interface.o) (CyBle_HostInit)
Generated_Source\PSoC6\pdl\middleware\ble\lib\cy_ble_stack_gcc_host_ipc_cm4.a(att_api.o)
                              Generated_Source\PSoC6\pdl\middleware\ble\lib\cy_ble_stack_gcc_host_ipc_cm4.a(host_main.o) (BT_att_register)
Generated_Source\PSoC6\pdl\middleware\ble\lib\cy_ble_stack_gcc_host_ipc_cm4.a(att_init.o)
                              Generated_Source\PSoC6\pdl\middleware\ble\lib\cy_ble_stack_gcc_host_ipc_cm4.a(att_api.o) (att_connections)
Generated_Source\PSoC6\pdl\middleware\ble\lib\cy_ble_stack_gcc_host_ipc_cm4.a(att_internal.o)
                              Generated_Source\PSoC6\pdl\middleware\ble\lib\cy_ble_stack_gcc_host_ipc_cm4.a(att_api.o) (att_get_fsm_event)
Generated_Source\PSoC6\pdl\middleware\ble\lib\cy_ble_stack_gcc_host_ipc_cm4.a(BT_common.o)
                              Generated_Source\PSoC6\pdl\middleware\ble\lib\cy_ble_stack_gcc_host_ipc_cm4.a(host_main.o) (BT_bluetooth_off)
Generated_Source\PSoC6\pdl\middleware\ble\lib\cy_ble_stack_gcc_host_ipc_cm4.a(device_queue.o)
                              Generated_Source\PSoC6\pdl\middleware\ble\lib\cy_ble_stack_gcc_host_ipc_cm4.a(host_main.o) (CyBle_DeviceQueueHeapDeInit)
Generated_Source\PSoC6\pdl\middleware\ble\lib\cy_ble_stack_gcc_host_ipc_cm4.a(l2cap.o)
                              Generated_Source\PSoC6\pdl\middleware\ble\lib\cy_ble_stack_gcc_host_ipc_cm4.a(host_main.o) (CyBle_L2capCB)
Generated_Source\PSoC6\pdl\middleware\ble\lib\cy_ble_stack_gcc_host_ipc_cm4.a(l2cap_disconnect.o)
                              Generated_Source\PSoC6\pdl\middleware\ble\lib\cy_ble_stack_gcc_host_ipc_cm4.a(l2cap.o) (l2ca_disconnect_req)
Generated_Source\PSoC6\pdl\middleware\ble\lib\cy_ble_stack_gcc_host_ipc_cm4.a(l2cap_init.o)
                              Generated_Source\PSoC6\pdl\middleware\ble\lib\cy_ble_stack_gcc_host_ipc_cm4.a(l2cap_disconnect.o) (l2cap_fixed_channel)
Generated_Source\PSoC6\pdl\middleware\ble\lib\cy_ble_stack_gcc_host_ipc_cm4.a(l2cap_utils.o)
                              Generated_Source\PSoC6\pdl\middleware\ble\lib\cy_ble_stack_gcc_host_ipc_cm4.a(l2cap_disconnect.o) (l2cap_buffer_dequeue)
Generated_Source\PSoC6\pdl\middleware\ble\lib\cy_ble_stack_gcc_host_ipc_cm4.a(l2cap_lmp.o)
[...]
Memory Configuration

Name             Origin             Length             Attributes
ram              0x08024000         0x00023800         xrw
flash            0x10080000         0x00080000         xr
em_eeprom        0x14000000         0x00008000         xr
sflash_user_data 0x16000800         0x00000800         xr
sflash_nar       0x16001a00         0x00000200         xr
sflash_public_key 0x16005a00         0x00000c00         xr
sflash_toc_2     0x16007c00         0x00000200         xr
sflash_rtoc_2    0x16007e00         0x00000200         xr
xip              0x18000000         0x08000000         xr
efuse            0x90700000         0x00100000         r
*default*        0x00000000         0xffffffff

Linker script and memory map

LOAD c:/program files (x86)/cypress/psoc creator/4.2/psoc creator/import/gnu/arm/5.4.1/bin/../lib/gcc/arm-none-eabi/5.4.1/armv7e-m/softfp/crti.o
LOAD c:/program files (x86)/cypress/psoc creator/4.2/psoc creator/import/gnu/arm/5.4.1/bin/../lib/gcc/arm-none-eabi/5.4.1/armv7e-m/softfp/crtbegin.o
LOAD c:/program files (x86)/cypress/psoc creator/4.2/psoc creator/import/gnu/arm/5.4.1/bin/../lib/gcc/arm-none-eabi/5.4.1/../../../../arm-none-eabi/lib/armv7e-m/softfp/crt0.o
START GROUP
LOAD Generated_Source\PSoC6\pdl\middleware\ble\lib\cy_ble_stack_gcc_host_ipc_cm4.a
LOAD .\CortexM4\ARM_GCC_541\Debug\startup_psoc63_cm4.o
LOAD .\CortexM4\ARM_GCC_541\Debug\main_cm4.o
LOAD .\CortexM4\ARM_GCC_541\Debug\system_psoc63_cm4.o
LOAD .\CortexM4\ARM_GCC_541\Debug\bleTask.o
LOAD .\CortexM4\ARM_GCC_541\Debug\uartTask.o
LOAD .\CortexM4\ARM_GCC_541\Debug\cy_ipc_config.o
LOAD .\CortexM4\ARM_GCC_541\Debug\stdio_user.o
LOAD .\CortexM4\ARM_GCC_541\Debug\cyfitter_sysint_cfg.o
LOAD .\CortexM4\ARM_GCC_541\Debug\cymetadata.o
LOAD .\CortexM4\ARM_GCC_541\Debug\BLE.o
LOAD .\CortexM4\ARM_GCC_541\Debug\BLE_config.o
LOAD .\CortexM4\ARM_GCC_541\Debug\BLE_custom_config.o
LOAD .\CortexM4\ARM_GCC_541\Debug\cy_sysint.o
LOAD .\CortexM4\ARM_GCC_541\Debug\cy_ipc_drv.o
LOAD .\CortexM4\ARM_GCC_541\Debug\cy_ipc_sema.o
LOAD .\CortexM4\ARM_GCC_541\Debug\cy_ipc_pipe.o
LOAD .\CortexM4\ARM_GCC_541\Debug\cy_sysclk.o
LOAD .\CortexM4\ARM_GCC_541\Debug\cy_wdt.o
LOAD .\CortexM4\ARM_GCC_541\Debug\cy_scb_common.o
LOAD .\CortexM4\ARM_GCC_541\Debug\cy_scb_i2c.o
LOAD .\CortexM4\ARM_GCC_541\Debug\cy_scb_ezi2c.o
LOAD .\CortexM4\ARM_GCC_541\Debug\cy_scb_spi.o
LOAD .\CortexM4\ARM_GCC_541\Debug\cy_scb_uart.o
LOAD .\CortexM4\ARM_GCC_541\Debug\cy_efuse.o
LOAD .\CortexM4\ARM_GCC_541\Debug\cy_flash.o
LOAD .\CortexM4\ARM_GCC_541\Debug\cy_gpio.o
LOAD .\CortexM4\ARM_GCC_541\Debug\cy_sysanalog.o
LOAD .\CortexM4\ARM_GCC_541\Debug\cy_syspm.o
LOAD .\CortexM4\ARM_GCC_541\Debug\cy_syslib.o
LOAD .\CortexM4\ARM_GCC_541\Debug\cy_syslib_gcc.o
LOAD .\CortexM4\ARM_GCC_541\Debug\cy_trigmux.o
LOAD .\CortexM4\ARM_GCC_541\Debug\cy_systick.o
LOAD .\CortexM4\ARM_GCC_541\Debug\cy_profile.o
LOAD .\CortexM4\ARM_GCC_541\Debug\cy_prot.o
LOAD .\CortexM4\ARM_GCC_541\Debug\cy_lvd.o
LOAD .\CortexM4\ARM_GCC_541\Debug\cy_ble.o
LOAD .\CortexM4\ARM_GCC_541\Debug\cy_ble_hal_int.o
LOAD .\CortexM4\ARM_GCC_541\Debug\cy_ble_hal_pvt.o
LOAD .\CortexM4\ARM_GCC_541\Debug\cy_ble_gap.o
LOAD .\CortexM4\ARM_GCC_541\Debug\cy_ble_gatt.o
LOAD .\CortexM4\ARM_GCC_541\Debug\cy_ble_event_handler.o
LOAD .\CortexM4\ARM_GCC_541\Debug\cy_ble_ancs.o
LOAD .\CortexM4\ARM_GCC_541\Debug\cy_ble_ans.o
LOAD .\CortexM4\ARM_GCC_541\Debug\cy_ble_aios.o
LOAD .\CortexM4\ARM_GCC_541\Debug\cy_ble_bas.o
LOAD .\CortexM4\ARM_GCC_541\Debug\cy_ble_bcs.o
LOAD .\CortexM4\ARM_GCC_541\Debug\cy_ble_bls.o
LOAD .\CortexM4\ARM_GCC_541\Debug\cy_ble_bms.o
LOAD .\CortexM4\ARM_GCC_541\Debug\cy_ble_bts.o
LOAD .\CortexM4\ARM_GCC_541\Debug\cy_ble_cgms.o
LOAD .\CortexM4\ARM_GCC_541\Debug\cy_ble_cps.o
LOAD .\CortexM4\ARM_GCC_541\Debug\cy_ble_cscs.o
LOAD .\CortexM4\ARM_GCC_541\Debug\cy_ble_cts.o
LOAD .\CortexM4\ARM_GCC_541\Debug\cy_ble_custom.o
LOAD .\CortexM4\ARM_GCC_541\Debug\cy_ble_dis.o
LOAD .\CortexM4\ARM_GCC_541\Debug\cy_ble_ess.o
LOAD .\CortexM4\ARM_GCC_541\Debug\cy_ble_gls.o
LOAD .\CortexM4\ARM_GCC_541\Debug\cy_ble_hids.o
LOAD .\CortexM4\ARM_GCC_541\Debug\cy_ble_hps.o
LOAD .\CortexM4\ARM_GCC_541\Debug\cy_ble_hrs.o
LOAD .\CortexM4\ARM_GCC_541\Debug\cy_ble_hts.o
LOAD .\CortexM4\ARM_GCC_541\Debug\cy_ble_ias.o
LOAD .\CortexM4\ARM_GCC_541\Debug\cy_ble_ips.o
LOAD .\CortexM4\ARM_GCC_541\Debug\cy_ble_lls.o
LOAD .\CortexM4\ARM_GCC_541\Debug\cy_ble_lns.o
LOAD .\CortexM4\ARM_GCC_541\Debug\cy_ble_ndcs.o
LOAD .\CortexM4\ARM_GCC_541\Debug\cy_ble_plxs.o
LOAD .\CortexM4\ARM_GCC_541\Debug\cy_ble_pass.o
LOAD .\CortexM4\ARM_GCC_541\Debug\cy_ble_rscs.o
LOAD .\CortexM4\ARM_GCC_541\Debug\cy_ble_rtus.o
LOAD .\CortexM4\ARM_GCC_541\Debug\cy_ble_scps.o
LOAD .\CortexM4\ARM_GCC_541\Debug\cy_ble_tps.o
LOAD .\CortexM4\ARM_GCC_541\Debug\cy_ble_uds.o
LOAD .\CortexM4\ARM_GCC_541\Debug\cy_ble_wpts.o
LOAD .\CortexM4\ARM_GCC_541\Debug\cy_ble_wss.o
LOAD .\CortexM4\ARM_GCC_541\Debug\cy_ble_clk.o
LOAD .\CortexM4\ARM_GCC_541\Debug\croutine.o
LOAD .\CortexM4\ARM_GCC_541\Debug\event_groups.o
LOAD .\CortexM4\ARM_GCC_541\Debug\list.o
LOAD .\CortexM4\ARM_GCC_541\Debug\queue.o
LOAD .\CortexM4\ARM_GCC_541\Debug\tasks.o
LOAD .\CortexM4\ARM_GCC_541\Debug\timers.o
LOAD .\CortexM4\ARM_GCC_541\Debug\port.o
LOAD .\CortexM4\ARM_GCC_541\Debug\heap_4.o
LOAD .\CortexM4\ARM_GCC_541\Debug\retarget.o
LOAD .\CortexM4\ARM_GCC_541\Debug\UART.o
END GROUP
START GROUP
LOAD c:/program files (x86)/cypress/psoc creator/4.2/psoc creator/import/gnu/arm/5.4.1/bin/../lib/gcc/arm-none-eabi/5.4.1/armv7e-m/softfp\libgcc.a
LOAD c:/program files (x86)/cypress/psoc creator/4.2/psoc creator/import/gnu/arm/5.4.1/bin/../lib/gcc/arm-none-eabi/5.4.1/../../../../arm-none-eabi/lib/armv7e-m/softfp\libg_nano.a
LOAD c:/program files (x86)/cypress/psoc creator/4.2/psoc creator/import/gnu/arm/5.4.1/bin/../lib/gcc/arm-none-eabi/5.4.1/../../../../arm-none-eabi/lib/armv7e-m/softfp\libc_nano.a
END GROUP
START GROUP
LOAD c:/program files (x86)/cypress/psoc creator/4.2/psoc creator/import/gnu/arm/5.4.1/bin/../lib/gcc/arm-none-eabi/5.4.1/armv7e-m/softfp\libgcc.a
LOAD c:/program files (x86)/cypress/psoc creator/4.2/psoc creator/import/gnu/arm/5.4.1/bin/../lib/gcc/arm-none-eabi/5.4.1/../../../../arm-none-eabi/lib/armv7e-m/softfp\libc_nano.a
END GROUP
LOAD c:/program files (x86)/cypress/psoc creator/4.2/psoc creator/import/gnu/arm/5.4.1/bin/../lib/gcc/arm-none-eabi/5.4.1/armv7e-m/softfp/crtend.o
LOAD c:/program files (x86)/cypress/psoc creator/4.2/psoc creator/import/gnu/arm/5.4.1/bin/../lib/gcc/arm-none-eabi/5.4.1/armv7e-m/softfp/crtn.o
START GROUP
LOAD c:/program files (x86)/cypress/psoc creator/4.2/psoc creator/import/gnu/arm/5.4.1/bin/../lib/gcc/arm-none-eabi/5.4.1/armv7e-m/softfp\libgcc.a
LOAD c:/program files (x86)/cypress/psoc creator/4.2/psoc creator/import/gnu/arm/5.4.1/bin/../lib/gcc/arm-none-eabi/5.4.1/../../../../arm-none-eabi/lib/armv7e-m/softfp\libc.a
LOAD c:/program files (x86)/cypress/psoc creator/4.2/psoc creator/import/gnu/arm/5.4.1/bin/../lib/gcc/arm-none-eabi/5.4.1/../../../../arm-none-eabi/lib/armv7e-m/softfp\libnosys.a
END GROUP
START GROUP
LOAD c:/program files (x86)/cypress/psoc creator/4.2/psoc creator/import/gnu/arm/5.4.1/bin/../lib/gcc/arm-none-eabi/5.4.1/armv7e-m/softfp\libgcc.a
LOAD c:/program files (x86)/cypress/psoc creator/4.2/psoc creator/import/gnu/arm/5.4.1/bin/../lib/gcc/arm-none-eabi/5.4.1/../../../../arm-none-eabi/lib/armv7e-m/softfp\libc.a
LOAD c:/program files (x86)/cypress/psoc creator/4.2/psoc creator/import/gnu/arm/5.4.1/bin/../lib/gcc/arm-none-eabi/5.4.1/../../../../arm-none-eabi/lib/armv7e-m/softfp\libm.a
LOAD c:/program files (x86)/cypress/psoc creator/4.2/psoc creator/import/gnu/arm/5.4.1/bin/../lib/gcc/arm-none-eabi/5.4.1/../../../../arm-none-eabi/lib/armv7e-m/softfp\libnosys.a
END GROUP

.text           0x10080000     0x9f40
                0x10080000                . = ALIGN (0x4)
                0x10080000                __Vectors = .
 *(.vectors)
 .vectors       0x10080000      0x28c .\CortexM4\ARM_GCC_541\Debug\startup_psoc63_cm4.o
                0x1008028c                . = ALIGN (0x4)
                0x1008028c                __Vectors_End = .
                0x0000028c                __Vectors_Size = (__Vectors_End - __Vectors)
                0x1008028c                __end__ = .
                0x1008028c                . = ALIGN (0x4)
 *(.text*)
 .text          0x1008028c       0x5c c:/program files (x86)/cypress/psoc creator/4.2/psoc creator/import/gnu/arm/5.4.1/bin/../lib/gcc/arm-none-eabi/5.4.1/armv7e-m/softfp/crtbegin.o
 .text          0x100802e8       0x94 .\CortexM4\ARM_GCC_541\Debug\startup_psoc63_cm4.o
                0x100802e8                Cy_OnResetUser
                0x100802ea                Cy_SaveIRQ
                0x100802f2                Cy_RestoreIRQ
                0x100802f8                Reset_Handler
                0x1008035c                tcpwm_1_interrupts_11_IRQHandler
                0x1008035c                cpuss_interrupts_ipc_0_IRQHandler
                0x1008035c                tcpwm_1_interrupts_15_IRQHandler
                0x1008035c                ioss_interrupts_gpio_13_IRQHandler
                0x1008035c                tcpwm_1_interrupts_13_IRQHandler
                0x1008035c                cpuss_interrupts_dw1_8_IRQHandler
                0x1008035c                tcpwm_0_interrupts_0_IRQHandler
                0x1008035c                cpuss_interrupt_fm_IRQHandler
                0x1008035c                cpuss_interrupts_ipc_7_IRQHandler
                0x1008035c                tcpwm_1_interrupts_14_IRQHandler
                0x1008035c                cpuss_interrupts_dw0_11_IRQHandler
                0x1008035c                tcpwm_1_interrupts_9_IRQHandler
                0x1008035c                cpuss_interrupts_cm0_cti_1_IRQHandler
                0x1008035c                tcpwm_1_interrupts_22_IRQHandler
                0x1008035c                cpuss_interrupts_dw0_4_IRQHandler
                0x1008035c                NMI_Handler
                0x1008035c                cpuss_interrupts_dw1_12_IRQHandler
                0x1008035c                tcpwm_1_interrupts_12_IRQHandler
                0x1008035c                smif_interrupt_IRQHandler
                0x1008035c                tcpwm_1_interrupts_2_IRQHandler
                0x1008035c                cpuss_interrupts_ipc_13_IRQHandler
                0x1008035c                udb_interrupts_11_IRQHandler
                0x1008035c                tcpwm_1_interrupts_18_IRQHandler
                0x1008035c                cpuss_interrupts_ipc_6_IRQHandler
                0x1008035c                tcpwm_0_interrupts_2_IRQHandler
                0x1008035c                cpuss_interrupts_dw0_13_IRQHandler
                0x1008035c                udb_interrupts_2_IRQHandler
                0x1008035c                cpuss_interrupts_dw1_7_IRQHandler
                0x1008035c                ioss_interrupts_gpio_1_IRQHandler
                0x1008035c                ioss_interrupts_gpio_7_IRQHandler
                0x1008035c                scb_5_interrupt_IRQHandler
                0x1008035c                udb_interrupts_6_IRQHandler
                0x1008035c                cpuss_interrupts_fault_1_IRQHandler
                0x1008035c                cpuss_interrupts_ipc_5_IRQHandler
                0x1008035c                cpuss_interrupts_dw1_10_IRQHandler
                0x1008035c                udb_interrupts_0_IRQHandler
                0x1008035c                tcpwm_1_interrupts_6_IRQHandler
                0x1008035c                scb_4_interrupt_IRQHandler
                0x1008035c                pass_interrupt_dacs_IRQHandler
                0x1008035c                ioss_interrupts_gpio_2_IRQHandler
                0x1008035c                cpuss_interrupts_dw1_9_IRQHandler
                0x1008035c                cpuss_interrupts_dw1_13_IRQHandler
                0x1008035c                scb_2_interrupt_IRQHandler
                0x1008035c                cpuss_interrupts_cm0_cti_0_IRQHandler
                0x1008035c                udb_interrupts_5_IRQHandler
                0x1008035c                srss_interrupt_IRQHandler
                0x1008035c                udb_interrupts_12_IRQHandler
                0x1008035c                scb_0_interrupt_IRQHandler
                0x1008035c                csd_interrupt_IRQHandler
                0x1008035c                udb_interrupts_1_IRQHandler
                0x1008035c                profile_interrupt_IRQHandler
                0x1008035c                tcpwm_1_interrupts_1_IRQHandler
                0x1008035c                cpuss_interrupts_ipc_12_IRQHandler
                0x1008035c                tcpwm_1_interrupts_3_IRQHandler
                0x1008035c                tcpwm_0_interrupts_7_IRQHandler
                0x1008035c                cpuss_interrupts_dw1_1_IRQHandler
                0x1008035c                cpuss_interrupts_dw1_0_IRQHandler
                0x1008035c                cpuss_interrupts_dw0_9_IRQHandler
                0x1008035c                DebugMon_Handler
                0x1008035c                tcpwm_1_interrupts_23_IRQHandler
                0x1008035c                cpuss_interrupts_dw0_5_IRQHandler
                0x1008035c                tcpwm_1_interrupts_20_IRQHandler
                0x1008035c                ioss_interrupt_gpio_IRQHandler
                0x1008035c                tcpwm_0_interrupts_1_IRQHandler
                0x1008035c                ioss_interrupts_gpio_8_IRQHandler
                0x1008035c                tcpwm_0_interrupts_6_IRQHandler
                0x1008035c                scb_7_interrupt_IRQHandler
                0x1008035c                tcpwm_1_interrupts_7_IRQHandler
                0x1008035c                cpuss_interrupts_ipc_11_IRQHandler
                0x1008035c                udb_interrupts_13_IRQHandler
                0x1008035c                cpuss_interrupts_dw0_15_IRQHandler
                0x1008035c                udb_interrupts_7_IRQHandler
                0x1008035c                cpuss_interrupts_dw1_6_IRQHandler
                0x1008035c                cpuss_interrupt_crypto_IRQHandler
                0x1008035c                scb_1_interrupt_IRQHandler
                0x1008035c                Default_Handler
                0x1008035c                usb_interrupt_hi_IRQHandler
                0x1008035c                tcpwm_1_interrupts_0_IRQHandler
                0x1008035c                udb_interrupts_9_IRQHandler
                0x1008035c                audioss_interrupt_pdm_IRQHandler
                0x1008035c                srss_interrupt_mcwdt_0_IRQHandler
                0x1008035c                scb_3_interrupt_IRQHandler
                0x1008035c                pass_interrupt_ctbs_IRQHandler
                0x1008035c                udb_interrupts_8_IRQHandler
                0x1008035c                ioss_interrupts_gpio_3_IRQHandler
                0x1008035c                scb_6_interrupt_IRQHandler
                0x1008035c                cpuss_interrupts_cm4_cti_0_IRQHandler
                0x1008035c                cpuss_interrupts_dw1_3_IRQHandler
                0x1008035c                pass_interrupt_sar_IRQHandler
                0x1008035c                ioss_interrupts_gpio_0_IRQHandler
                0x1008035c                ioss_interrupts_gpio_14_IRQHandler
                0x1008035c                tcpwm_0_interrupts_4_IRQHandler
                0x1008035c                udb_interrupts_3_IRQHandler
                0x1008035c                tcpwm_0_interrupts_5_IRQHandler
                0x1008035c                cpuss_interrupts_ipc_15_IRQHandler
                0x1008035c                cpuss_interrupts_cm4_cti_1_IRQHandler
                0x1008035c                scb_8_interrupt_IRQHandler
                0x1008035c                srss_interrupt_mcwdt_1_IRQHandler
                0x1008035c                cpuss_interrupts_dw1_2_IRQHandler
                0x1008035c                cpuss_interrupts_dw1_5_IRQHandler
                0x1008035c                cpuss_interrupts_ipc_1_IRQHandler
                0x1008035c                cpuss_interrupts_dw0_0_IRQHandler
                0x1008035c                ioss_interrupts_gpio_12_IRQHandler
                0x1008035c                cpuss_interrupts_ipc_3_IRQHandler
                0x1008035c                tcpwm_1_interrupts_17_IRQHandler
                0x1008035c                srss_interrupt_backup_IRQHandler
                0x1008035c                bless_interrupt_IRQHandler
                0x1008035c                cpuss_interrupts_ipc_10_IRQHandler
                0x1008035c                cpuss_interrupts_ipc_9_IRQHandler
                0x1008035c                cpuss_interrupts_dw0_14_IRQHandler
                0x1008035c                tcpwm_1_interrupts_4_IRQHandler
                0x1008035c                tcpwm_0_interrupts_3_IRQHandler
                0x1008035c                cpuss_interrupts_dw1_15_IRQHandler
                0x1008035c                ioss_interrupts_gpio_10_IRQHandler
                0x1008035c                udb_interrupts_10_IRQHandler
                0x1008035c                cpuss_interrupts_dw0_8_IRQHandler
                0x1008035c                ioss_interrupts_gpio_11_IRQHandler
                0x1008035c                cpuss_interrupts_ipc_14_IRQHandler
                0x1008035c                ioss_interrupts_gpio_5_IRQHandler
                0x1008035c                ioss_interrupts_gpio_4_IRQHandler
                0x1008035c                tcpwm_1_interrupts_8_IRQHandler
                0x1008035c                cpuss_interrupts_dw1_14_IRQHandler
                0x1008035c                usb_interrupt_med_IRQHandler
                0x1008035c                cpuss_interrupts_dw0_2_IRQHandler
                0x1008035c                udb_interrupts_4_IRQHandler
                0x1008035c                tcpwm_1_interrupts_10_IRQHandler
                0x1008035c                cpuss_interrupts_fault_0_IRQHandler
                0x1008035c                cpuss_interrupts_dw0_12_IRQHandler
                0x1008035c                ioss_interrupts_gpio_6_IRQHandler
                0x1008035c                tcpwm_1_interrupts_21_IRQHandler
                0x1008035c                tcpwm_1_interrupts_16_IRQHandler
                0x1008035c                cpuss_interrupts_dw1_4_IRQHandler
                0x1008035c                udb_interrupts_15_IRQHandler
                0x1008035c                cpuss_interrupts_dw1_11_IRQHandler
                0x1008035c                cpuss_interrupts_dw0_6_IRQHandler
                0x1008035c                ioss_interrupt_vdd_IRQHandler
                0x1008035c                cpuss_interrupts_dw0_7_IRQHandler
                0x1008035c                audioss_interrupt_i2s_IRQHandler
                0x1008035c                tcpwm_1_interrupts_5_IRQHandler
                0x1008035c                cpuss_interrupts_ipc_2_IRQHandler
                0x1008035c                cpuss_interrupts_dw0_10_IRQHandler
                0x1008035c                tcpwm_1_interrupts_19_IRQHandler
                0x1008035c                cpuss_interrupts_dw0_1_IRQHandler
                0x1008035c                lpcomp_interrupt_IRQHandler
                0x1008035c                ioss_interrupts_gpio_9_IRQHandler
                0x1008035c                usb_interrupt_lo_IRQHandler
                0x1008035c                cpuss_interrupts_ipc_8_IRQHandler
                0x1008035c                udb_interrupts_14_IRQHandler
                0x1008035c                cpuss_interrupts_dw0_3_IRQHandler
                0x10080360                UsageFault_Handler
                0x10080360                HardFault_Handler
                0x10080360                MemManage_Handler
                0x10080360                BusFault_Handler
 .text.main     0x1008037c       0x60 .\CortexM4\ARM_GCC_541\Debug\main_cm4.o
                0x1008037c                main
 .text.Cy_SystemInit
                0x100803dc        0x4 .\CortexM4\ARM_GCC_541\Debug\system_psoc63_cm4.o
                0x100803dc                Cy_SystemInit
 .text.SystemCoreClockUpdate
                0x100803e0      0x190 .\CortexM4\ARM_GCC_541\Debug\system_psoc63_cm4.o
                0x100803e0                SystemCoreClockUpdate
 .text.SystemInit
                0x10080570       0x48 .\CortexM4\ARM_GCC_541\Debug\system_psoc63_cm4.o
                0x10080570                SystemInit
 .text.Cy_SystemInitFpuEnable
                0x100805b8       0x28 .\CortexM4\ARM_GCC_541\Debug\system_psoc63_cm4.o
                0x100805b8                Cy_SystemInitFpuEnable
 .text.bleInterruptNotify
                0x100805e0       0x38 .\CortexM4\ARM_GCC_541\Debug\bleTask.o
                0x100805e0                bleInterruptNotify
 .text.writeMotorPosition
                0x10080618       0xbc .\CortexM4\ARM_GCC_541\Debug\bleTask.o
                0x10080618                writeMotorPosition
 .text.findAdvInfo
                0x100806d4       0x54 .\CortexM4\ARM_GCC_541\Debug\bleTask.o
                0x100806d4                findAdvInfo
 .text.genericEventHandler
                0x10080728      0x14c .\CortexM4\ARM_GCC_541\Debug\bleTask.o
                0x10080728                genericEventHandler
 .text.bleTask  0x10080874       0x5c .\CortexM4\ARM_GCC_541\Debug\bleTask.o
                0x10080874                bleTask
 .text.UART_Isr
                0x100808d0       0x74 .\CortexM4\ARM_GCC_541\Debug\uartTask.o
 .text.uartTask
                0x10080944      0x164 .\CortexM4\ARM_GCC_541\Debug\uartTask.o
                0x10080944                uartTask
 .text.cpuss_interrupts_ipc_4_IRQHandler
                0x10080aa8       0x10 .\CortexM4\ARM_GCC_541\Debug\cy_ipc_config.o
                0x10080aa8                cpuss_interrupts_ipc_4_IRQHandler
 .text.Cy_IPC_SystemSemaInit
                0x10080ab8       0x10 .\CortexM4\ARM_GCC_541\Debug\cy_ipc_config.o
                0x10080ab8                Cy_IPC_SystemSemaInit
 .text.Cy_IPC_SystemPipeInit
                0x10080ac8       0x24 .\CortexM4\ARM_GCC_541\Debug\cy_ipc_config.o
                0x10080ac8                Cy_IPC_SystemPipeInit
 .text.STDIO_PutChar
                0x10080aec       0x18 .\CortexM4\ARM_GCC_541\Debug\stdio_user.o
                0x10080aec                STDIO_PutChar
 .text.STDIO_GetChar
                0x10080b04       0x1c .\CortexM4\ARM_GCC_541\Debug\stdio_user.o
                0x10080b04                STDIO_GetChar
 .text.Cy_BLE_Start
                0x10080b20       0x38 .\CortexM4\ARM_GCC_541\Debug\BLE.o
                0x10080b20                Cy_BLE_Start
 .text.Cy_SysInt_SetVector
                0x10080b58       0x44 .\CortexM4\ARM_GCC_541\Debug\cy_sysint.o
                0x10080b58                Cy_SysInt_SetVector
 .text.Cy_SysInt_Init
                0x10080b9c       0x7c .\CortexM4\ARM_GCC_541\Debug\cy_sysint.o
                0x10080b9c                Cy_SysInt_Init
 .text.Cy_IPC_Drv_LockRelease
                0x10080c18       0x30 .\CortexM4\ARM_GCC_541\Debug\cy_ipc_drv.o
                0x10080c18                Cy_IPC_Drv_LockRelease
 .text.Cy_IPC_Drv_SendMsgWord
                0x10080c48       0x3c .\CortexM4\ARM_GCC_541\Debug\cy_ipc_drv.o
                0x10080c48                Cy_IPC_Drv_SendMsgWord
 .text.Cy_IPC_Drv_ReadMsgWord
                0x10080c84       0x2c .\CortexM4\ARM_GCC_541\Debug\cy_ipc_drv.o
                0x10080c84                Cy_IPC_Drv_ReadMsgWord
 .text.Cy_IPC_Sema_Init
                0x10080cb0       0xb0 .\CortexM4\ARM_GCC_541\Debug\cy_ipc_sema.o
                0x10080cb0                Cy_IPC_Sema_Init
 .text.Cy_IPC_Sema_Clear
                0x10080d60       0x88 .\CortexM4\ARM_GCC_541\Debug\cy_ipc_sema.o
                0x10080d60                Cy_IPC_Sema_Clear
 .text.Cy_IPC_Sema_Status
                0x10080de8       0x40 .\CortexM4\ARM_GCC_541\Debug\cy_ipc_sema.o
                0x10080de8                Cy_IPC_Sema_Status
 .text.Cy_IPC_Pipe_Config
                0x10080e28       0x10 .\CortexM4\ARM_GCC_541\Debug\cy_ipc_pipe.o
                0x10080e28                Cy_IPC_Pipe_Config
 .text.Cy_IPC_Pipe_EndpointInit
                0x10080e38       0xb8 .\CortexM4\ARM_GCC_541\Debug\cy_ipc_pipe.o
                0x10080e38                Cy_IPC_Pipe_EndpointInit
 .text.Cy_IPC_Pipe_Init
                0x10080ef0       0xc4 .\CortexM4\ARM_GCC_541\Debug\cy_ipc_pipe.o
                0x10080ef0                Cy_IPC_Pipe_Init
 .text.Cy_IPC_Pipe_SendMessage
                0x10080fb4       0xb0 .\CortexM4\ARM_GCC_541\Debug\cy_ipc_pipe.o
                0x10080fb4                Cy_IPC_Pipe_SendMessage
 .text.Cy_IPC_Pipe_RegisterCallback
                0x10081064       0x40 .\CortexM4\ARM_GCC_541\Debug\cy_ipc_pipe.o
                0x10081064                Cy_IPC_Pipe_RegisterCallback
 .text.Cy_IPC_Pipe_RegisterCallbackRel
                0x100810a4       0x2c .\CortexM4\ARM_GCC_541\Debug\cy_ipc_pipe.o
                0x100810a4                Cy_IPC_Pipe_RegisterCallbackRel
 .text.Cy_IPC_Pipe_ExecCallback
                0x100810d0       0xb0 .\CortexM4\ARM_GCC_541\Debug\cy_ipc_pipe.o
                0x100810d0                Cy_IPC_Pipe_ExecCallback
 .text.Cy_IPC_Pipe_EndpointPause
                0x10081180       0x50 .\CortexM4\ARM_GCC_541\Debug\cy_ipc_pipe.o
                0x10081180                Cy_IPC_Pipe_EndpointPause
 .text.Cy_IPC_Pipe_EndpointResume
                0x100811d0       0x48 .\CortexM4\ARM_GCC_541\Debug\cy_ipc_pipe.o
                0x100811d0                Cy_IPC_Pipe_EndpointResume
 .text.Cy_SCB_ReadArrayNoCheck
                0x10081218       0x38 .\CortexM4\ARM_GCC_541\Debug\cy_scb_common.o
                0x10081218                Cy_SCB_ReadArrayNoCheck
 .text.Cy_SCB_ReadArray
                0x10081250       0x1c .\CortexM4\ARM_GCC_541\Debug\cy_scb_common.o
                0x10081250                Cy_SCB_ReadArray
 .text.Cy_SCB_Write
                0x1008126c       0x28 .\CortexM4\ARM_GCC_541\Debug\cy_scb_common.o
                0x1008126c                Cy_SCB_Write
 .text.Cy_SCB_WriteArrayNoCheck
                0x10081294       0x38 .\CortexM4\ARM_GCC_541\Debug\cy_scb_common.o
                0x10081294                Cy_SCB_WriteArrayNoCheck
 .text.Cy_SCB_WriteArray
                0x100812cc       0x2c .\CortexM4\ARM_GCC_541\Debug\cy_scb_common.o
                0x100812cc                Cy_SCB_WriteArray
 .text.HandleDataTransmit
                0x100812f8       0xdc .\CortexM4\ARM_GCC_541\Debug\cy_scb_uart.o
 .text.HandleDataReceive
                0x100813d4       0xf8 .\CortexM4\ARM_GCC_541\Debug\cy_scb_uart.o
 .text.Cy_SCB_UART_Init
                0x100814cc      0x370 .\CortexM4\ARM_GCC_541\Debug\cy_scb_uart.o
                0x100814cc                Cy_SCB_UART_Init
 .text.Cy_SCB_UART_GetNumInRingBuffer
                0x1008183c       0x18 .\CortexM4\ARM_GCC_541\Debug\cy_scb_uart.o
                0x1008183c                Cy_SCB_UART_GetNumInRingBuffer
 .text.HandleRingBuffer
                0x10081854       0xcc .\CortexM4\ARM_GCC_541\Debug\cy_scb_uart.o
 .text.Cy_SCB_UART_Interrupt
                0x10081920       0xe8 .\CortexM4\ARM_GCC_541\Debug\cy_scb_uart.o
                0x10081920                Cy_SCB_UART_Interrupt
 .text.Cy_Flash_ProcessOpcode
                0x10081a08       0xac .\CortexM4\ARM_GCC_541\Debug\cy_flash.o
 .text.Cy_Flash_OperationStatus
                0x10081ab4       0x44 .\CortexM4\ARM_GCC_541\Debug\cy_flash.o
 .text.Cy_Flash_Init
                0x10081af8       0x4c .\CortexM4\ARM_GCC_541\Debug\cy_flash.o
                0x10081af8                Cy_Flash_Init
 .text.Cy_SysPm_RegisterCallback
                0x10081b44       0x70 .\CortexM4\ARM_GCC_541\Debug\cy_syspm.o
                0x10081b44                Cy_SysPm_RegisterCallback
 .text.Cy_SysPm_UnregisterCallback
                0x10081bb4       0x60 .\CortexM4\ARM_GCC_541\Debug\cy_syspm.o
                0x10081bb4                Cy_SysPm_UnregisterCallback
 .text.Cy_SysLib_Delay
                0x10081c14       0x30 .\CortexM4\ARM_GCC_541\Debug\cy_syslib.o
                0x10081c14                Cy_SysLib_Delay
 .text.Cy_SysLib_Halt
                0x10081c44        0x4 .\CortexM4\ARM_GCC_541\Debug\cy_syslib.o
                0x10081c44                Cy_SysLib_Halt
 .text.Cy_SysLib_AssertFailed
                0x10081c48       0x1c .\CortexM4\ARM_GCC_541\Debug\cy_syslib.o
                0x10081c48                Cy_SysLib_AssertFailed
 .text.Cy_SysLib_ProcessingFault
                0x10081c64        0x4 .\CortexM4\ARM_GCC_541\Debug\cy_syslib.o
                0x10081c64                Cy_SysLib_ProcessingFault
 .text.Cy_SysLib_FaultHandler
                0x10081c68       0xa4 .\CortexM4\ARM_GCC_541\Debug\cy_syslib.o
                0x10081c68                Cy_SysLib_FaultHandler
 *fill*         0x10081d0c        0x4 
 .text          0x10081d10       0x20 .\CortexM4\ARM_GCC_541\Debug\cy_syslib_gcc.o
                0x10081d10                Cy_SysLib_DelayCycles
                0x10081d22                Cy_SysLib_EnterCriticalSection
                0x10081d2a                Cy_SysLib_ExitCriticalSection
 .text.Cy_BLE_DeepSleepCallback
                0x10081d30       0x8c .\CortexM4\ARM_GCC_541\Debug\cy_ble.o
                0x10081d30                Cy_BLE_DeepSleepCallback
 .text.Cy_BLE_SleepCallback
                0x10081dbc       0x68 .\CortexM4\ARM_GCC_541\Debug\cy_ble.o
                0x10081dbc                Cy_BLE_SleepCallback
 .text.Cy_BLE_UnregisterHostPMCallbacks
                0x10081e24       0x18 .\CortexM4\ARM_GCC_541\Debug\cy_ble.o
                0x10081e24                Cy_BLE_UnregisterHostPMCallbacks
 .text.Cy_BLE_Init
                0x10081e3c       0xa4 .\CortexM4\ARM_GCC_541\Debug\cy_ble.o
                0x10081e3c                Cy_BLE_Init
 .text.Cy_BLE_Enable
                0x10081ee0      0x100 .\CortexM4\ARM_GCC_541\Debug\cy_ble.o
                0x10081ee0                Cy_BLE_Enable
 .text.Cy_BLE_RegisterAppHostCallback
                0x10081fe0       0x18 .\CortexM4\ARM_GCC_541\Debug\cy_ble.o
                0x10081fe0                Cy_BLE_RegisterAppHostCallback
 .text.Cy_BLE_IPC_HostMsgFlushRecvCallBack
                0x10081ff8       0x1c .\CortexM4\ARM_GCC_541\Debug\cy_ble_hal_pvt.o
 .text.Cy_BLE_IPC_HostMsgRecvCallBack
                0x10082014       0x1c .\CortexM4\ARM_GCC_541\Debug\cy_ble_hal_pvt.o
 .text.Cy_BLE_HAL_BlockCalcCRC8
                0x10082030       0x34 .\CortexM4\ARM_GCC_541\Debug\cy_ble_hal_pvt.o
                0x10082030                Cy_BLE_HAL_BlockCalcCRC8
 .text.Cy_BLE_HAL_CalcCRC8
                0x10082064        0xc .\CortexM4\ARM_GCC_541\Debug\cy_ble_hal_pvt.o
                0x10082064                Cy_BLE_HAL_CalcCRC8
 .text.Cy_BLE_HAL_EnterCriticalSection
                0x10082070        0x8 .\CortexM4\ARM_GCC_541\Debug\cy_ble_hal_pvt.o
                0x10082070                Cy_BLE_HAL_EnterCriticalSection
 .text.Cy_BLE_HAL_ExitCriticalSection
                0x10082078        0x8 .\CortexM4\ARM_GCC_541\Debug\cy_ble_hal_pvt.o
                0x10082078                Cy_BLE_HAL_ExitCriticalSection
 .text.Cy_BLE_Ipc_Cypipe_Isr_Enable
                0x10082080        0xc .\CortexM4\ARM_GCC_541\Debug\cy_ble_hal_pvt.o
                0x10082080                Cy_BLE_Ipc_Cypipe_Isr_Enable
 .text.Cy_BLE_HAL_EnableGlobalInterrupts
                0x1008208c        0x8 .\CortexM4\ARM_GCC_541\Debug\cy_ble_hal_pvt.o
                0x1008208c                Cy_BLE_HAL_EnableGlobalInterrupts
 .text.Cy_BLE_Ipc_Cypipe_Isr_Disable
                0x10082094        0xc .\CortexM4\ARM_GCC_541\Debug\cy_ble_hal_pvt.o
                0x10082094                Cy_BLE_Ipc_Cypipe_Isr_Disable
 .text.Cy_BLE_HAL_DisableGlobalInterrupts
                0x100820a0        0x8 .\CortexM4\ARM_GCC_541\Debug\cy_ble_hal_pvt.o
                0x100820a0                Cy_BLE_HAL_DisableGlobalInterrupts
 .text.Cy_BLE_IPC_HostRegisterClientCallbacks
                0x100820a8       0x34 .\CortexM4\ARM_GCC_541\Debug\cy_ble_hal_pvt.o
                0x100820a8                Cy_BLE_IPC_HostRegisterClientCallbacks
 .text.Cy_BLE_IPC_SendMessageToController
                0x100820dc       0x20 .\CortexM4\ARM_GCC_541\Debug\cy_ble_hal_pvt.o
                0x100820dc                Cy_BLE_IPC_SendMessageToController
 .text.Cy_BLE_HAL_EccHeapInit
                0x100820fc        0x4 .\CortexM4\ARM_GCC_541\Debug\cy_ble_hal_pvt.o
                0x100820fc                Cy_BLE_HAL_EccHeapInit
 .text.Cy_BLE_HAL_EccHeapDeInit
                0x10082100        0x4 .\CortexM4\ARM_GCC_541\Debug\cy_ble_hal_pvt.o
                0x10082100                Cy_BLE_HAL_EccHeapDeInit
 .text.Cy_BLE_HAL_EccGetFeatureHeapReq
                0x10082104        0x4 .\CortexM4\ARM_GCC_541\Debug\cy_ble_hal_pvt.o
                0x10082104                Cy_BLE_HAL_EccGetFeatureHeapReq
 .text.Cy_BLE_HAL_PairingLocalPublicKeyHandler
                0x10082108        0x8 .\CortexM4\ARM_GCC_541\Debug\cy_ble_hal_pvt.o
                0x10082108                Cy_BLE_HAL_PairingLocalPublicKeyHandler
 .text.Cy_BLE_HAL_PairingRemoteKeyHandler
                0x10082110        0x8 .\CortexM4\ARM_GCC_541\Debug\cy_ble_hal_pvt.o
                0x10082110                Cy_BLE_HAL_PairingRemoteKeyHandler
 .text.Cy_BLE_HAL_PairingDhkeyHandler
                0x10082118        0x8 .\CortexM4\ARM_GCC_541\Debug\cy_ble_hal_pvt.o
                0x10082118                Cy_BLE_HAL_PairingDhkeyHandler
 .text.Cy_BLE_HAL_PairingDhkeyCheckHandler
                0x10082120        0x8 .\CortexM4\ARM_GCC_541\Debug\cy_ble_hal_pvt.o
                0x10082120                Cy_BLE_HAL_PairingDhkeyCheckHandler
 .text.Cy_BLE_HAL_PairingKeypressNotificationHandler
                0x10082128        0x8 .\CortexM4\ARM_GCC_541\Debug\cy_ble_hal_pvt.o
                0x10082128                Cy_BLE_HAL_PairingKeypressNotificationHandler
 .text.Cy_BLE_HAL_PairingRandHandler
                0x10082130        0x8 .\CortexM4\ARM_GCC_541\Debug\cy_ble_hal_pvt.o
                0x10082130                Cy_BLE_HAL_PairingRandHandler
 .text.Cy_BLE_HAL_PairingConfirmHandler
                0x10082138        0x8 .\CortexM4\ARM_GCC_541\Debug\cy_ble_hal_pvt.o
                0x10082138                Cy_BLE_HAL_PairingConfirmHandler
 .text.Cy_BLE_HAL_PairingLrConfirmingHandler
                0x10082140        0x8 .\CortexM4\ARM_GCC_541\Debug\cy_ble_hal_pvt.o
                0x10082140                Cy_BLE_HAL_PairingLrConfirmingHandler
 .text.Cy_BLE_HAL_PairingScTbxLocalPubkeyGenerateComplete
                0x10082148        0x8 .\CortexM4\ARM_GCC_541\Debug\cy_ble_hal_pvt.o
                0x10082148                Cy_BLE_HAL_PairingScTbxLocalPubkeyGenerateComplete
 .text.Cy_BLE_HAL_PairingScTbxGenerateLocalP256PublicKey
                0x10082150        0x8 .\CortexM4\ARM_GCC_541\Debug\cy_ble_hal_pvt.o
                0x10082150                Cy_BLE_HAL_PairingScTbxGenerateLocalP256PublicKey
 .text.Cy_BLE_HAL_SeSmpScUserPasskeyHandler
                0x10082158        0x8 .\CortexM4\ARM_GCC_541\Debug\cy_ble_hal_pvt.o
                0x10082158                Cy_BLE_HAL_SeSmpScUserPasskeyHandler
 .text.Cy_BLE_HAL_EccPointMult
                0x10082160        0x4 .\CortexM4\ARM_GCC_541\Debug\cy_ble_hal_pvt.o
                0x10082160                Cy_BLE_HAL_EccPointMult
 .text.Cy_BLE_ServiceInit
                0x10082164       0x8c .\CortexM4\ARM_GCC_541\Debug\cy_ble_gap.o
                0x10082164                Cy_BLE_ServiceInit
 .text.Cy_BLE_GAPC_StartScan
                0x100821f0       0xc8 .\CortexM4\ARM_GCC_541\Debug\cy_ble_gap.o
                0x100821f0                Cy_BLE_GAPC_StartScan
 .text.Cy_BLE_GAPC_StopScan
                0x100822b8       0x28 .\CortexM4\ARM_GCC_541\Debug\cy_ble_gap.o
                0x100822b8                Cy_BLE_GAPC_StopScan
 .text.Cy_BLE_GAPC_CancelDeviceConnection
                0x100822e0       0x38 .\CortexM4\ARM_GCC_541\Debug\cy_ble_gap.o
                0x100822e0                Cy_BLE_GAPC_CancelDeviceConnection
 .text.Cy_BLE_IsPeerConnected
                0x10082318       0x64 .\CortexM4\ARM_GCC_541\Debug\cy_ble_gap.o
                0x10082318                Cy_BLE_IsPeerConnected
 .text.Cy_BLE_GAPC_ConnectDevice
                0x1008237c       0xf0 .\CortexM4\ARM_GCC_541\Debug\cy_ble_gap.o
                0x1008237c                Cy_BLE_GAPC_ConnectDevice
 .text.Cy_BLE_GATTS_WriteAttributeValueCCCD
                0x1008246c       0x6c .\CortexM4\ARM_GCC_541\Debug\cy_ble_gatt.o
                0x1008246c                Cy_BLE_GATTS_WriteAttributeValueCCCD
 .text.Cy_BLE_GATTS_WriteEventHandler
                0x100824d8       0x84 .\CortexM4\ARM_GCC_541\Debug\cy_ble_gatt.o
                0x100824d8                Cy_BLE_GATTS_WriteEventHandler
 .text.Cy_BLE_GATTS_ReadAttributeValueCCCDReqHandler
                0x1008255c       0x58 .\CortexM4\ARM_GCC_541\Debug\cy_ble_gatt.o
                0x1008255c                Cy_BLE_GATTS_ReadAttributeValueCCCDReqHandler
 .text.Cy_BLE_GATTC_AddConnHandle
                0x100825b4       0xa0 .\CortexM4\ARM_GCC_541\Debug\cy_ble_gatt.o
                0x100825b4                Cy_BLE_GATTC_AddConnHandle
 .text.Cy_BLE_GATTC_RemoveConnHandle
                0x10082654       0xb4 .\CortexM4\ARM_GCC_541\Debug\cy_ble_gatt.o
                0x10082654                Cy_BLE_GATTC_RemoveConnHandle
 .text.Cy_BLE_GetDiscoveryIdx
                0x10082708       0x3c .\CortexM4\ARM_GCC_541\Debug\cy_ble_gatt.o
                0x10082708                Cy_BLE_GetDiscoveryIdx
 .text.Cy_BLE_GATTC_StartDiscovery
                0x10082744       0xc4 .\CortexM4\ARM_GCC_541\Debug\cy_ble_gatt.o
                0x10082744                Cy_BLE_GATTC_StartDiscovery
 .text.Cy_BLE_GATTC_DiscoverCharacteristicsEventHandler
                0x10082808       0x98 .\CortexM4\ARM_GCC_541\Debug\cy_ble_gatt.o
                0x10082808                Cy_BLE_GATTC_DiscoverCharacteristicsEventHandler
 .text.Cy_BLE_GATTC_DiscoverCharDescriptorsEventHandler
                0x100828a0       0x68 .\CortexM4\ARM_GCC_541\Debug\cy_ble_gatt.o
                0x100828a0                Cy_BLE_GATTC_DiscoverCharDescriptorsEventHandler
 .text.Cy_BLE_GATTC_GetCharRange
                0x10082908       0x7c .\CortexM4\ARM_GCC_541\Debug\cy_ble_gatt.o
                0x10082908                Cy_BLE_GATTC_GetCharRange
 .text.Cy_BLE_GATTC_IndicationEventHandler
                0x10082984       0x44 .\CortexM4\ARM_GCC_541\Debug\cy_ble_gatt.o
                0x10082984                Cy_BLE_GATTC_IndicationEventHandler
 .text.Cy_BLE_GAPC_DiscoverCharacteristicsEventHandler
                0x100829c8      0x1a0 .\CortexM4\ARM_GCC_541\Debug\cy_ble_event_handler.o
 .text.Cy_BLE_TimeOutEventHandler
                0x10082b68       0xf4 .\CortexM4\ARM_GCC_541\Debug\cy_ble_event_handler.o
 .text.Cy_BLE_SendWriteResponse
                0x10082c5c       0x40 .\CortexM4\ARM_GCC_541\Debug\cy_ble_event_handler.o
 .text.Cy_BLE_RegisterServiceEventHandler
                0x10082c9c       0x5c .\CortexM4\ARM_GCC_541\Debug\cy_ble_event_handler.o
                0x10082c9c                Cy_BLE_RegisterServiceEventHandler
 .text.Cy_BLE_InvokeServiceEventHandler
                0x10082cf8       0x38 .\CortexM4\ARM_GCC_541\Debug\cy_ble_event_handler.o
                0x10082cf8                Cy_BLE_InvokeServiceEventHandler
 .text.Cy_BLE_IsDeviceAddressValid
                0x10082d30       0x20 .\CortexM4\ARM_GCC_541\Debug\cy_ble_event_handler.o
                0x10082d30                Cy_BLE_IsDeviceAddressValid
 .text.Cy_BLE_ReadByGroupEventHandler
                0x10082d50      0x1ac .\CortexM4\ARM_GCC_541\Debug\cy_ble_event_handler.o
                0x10082d50                Cy_BLE_ReadByGroupEventHandler
 .text.Cy_BLE_ReadByTypeEventHandler
                0x10082efc      0x218 .\CortexM4\ARM_GCC_541\Debug\cy_ble_event_handler.o
                0x10082efc                Cy_BLE_ReadByTypeEventHandler
 .text.Cy_BLE_FindInfoEventHandler
                0x10083114       0xd0 .\CortexM4\ARM_GCC_541\Debug\cy_ble_event_handler.o
                0x10083114                Cy_BLE_FindInfoEventHandler
 .text.Cy_BLE_NextCharDscrDiscovery
                0x100831e4      0x15c .\CortexM4\ARM_GCC_541\Debug\cy_ble_event_handler.o
                0x100831e4                Cy_BLE_NextCharDscrDiscovery
 .text.Cy_BLE_NextCharDiscovery
                0x10083340      0x134 .\CortexM4\ARM_GCC_541\Debug\cy_ble_event_handler.o
                0x10083340                Cy_BLE_NextCharDiscovery
 .text.Cy_BLE_NextInclDiscovery
                0x10083474      0x134 .\CortexM4\ARM_GCC_541\Debug\cy_ble_event_handler.o
                0x10083474                Cy_BLE_NextInclDiscovery
 .text.Cy_BLE_LongProcedureEndEventHandler
                0x100835a8       0xe8 .\CortexM4\ARM_GCC_541\Debug\cy_ble_event_handler.o
                0x100835a8                Cy_BLE_LongProcedureEndEventHandler
 .text.Cy_BLE_ErrorResponseEventHandler
                0x10083690       0x2c .\CortexM4\ARM_GCC_541\Debug\cy_ble_event_handler.o
                0x10083690                Cy_BLE_ErrorResponseEventHandler
 .text.Cy_BLE_EventHandler
                0x100836bc      0x894 .\CortexM4\ARM_GCC_541\Debug\cy_ble_event_handler.o
                0x100836bc                Cy_BLE_EventHandler
 .text.Cy_BLE_CUSTOMC_GetCharRange
                0x10083f50       0xac .\CortexM4\ARM_GCC_541\Debug\cy_ble_custom.o
 .text.Cy_BLE_CUSTOMC_DiscoverCharacteristicsEventHandler
                0x10083ffc      0x160 .\CortexM4\ARM_GCC_541\Debug\cy_ble_custom.o
 .text.Cy_BLE_CUSTOMC_DiscoverCharDescriptorsEventHandler
                0x1008415c       0xdc .\CortexM4\ARM_GCC_541\Debug\cy_ble_custom.o
 .text.Cy_BLE_CUSTOMC_DiscoverServiceEventHandler
                0x10084238       0x98 .\CortexM4\ARM_GCC_541\Debug\cy_ble_custom.o
 .text.Cy_BLE_CUSTOM_EventHandler
                0x100842d0      0x160 .\CortexM4\ARM_GCC_541\Debug\cy_ble_custom.o
 .text.Cy_BLE_CUSTOM_Init
                0x10084430      0x10c .\CortexM4\ARM_GCC_541\Debug\cy_ble_custom.o
                0x10084430                Cy_BLE_CUSTOM_Init
 .text.vListInitialise
                0x1008453c       0x18 .\CortexM4\ARM_GCC_541\Debug\list.o
                0x1008453c                vListInitialise
 .text.vListInitialiseItem
                0x10084554        0x8 .\CortexM4\ARM_GCC_541\Debug\list.o
                0x10084554                vListInitialiseItem
 .text.vListInsertEnd
                0x1008455c       0x18 .\CortexM4\ARM_GCC_541\Debug\list.o
                0x1008455c                vListInsertEnd
 .text.vListInsert
                0x10084574       0x34 .\CortexM4\ARM_GCC_541\Debug\list.o
                0x10084574                vListInsert
 .text.uxListRemove
                0x100845a8       0x24 .\CortexM4\ARM_GCC_541\Debug\list.o
                0x100845a8                uxListRemove
 .text.prvIsQueueFull
                0x100845cc       0x20 .\CortexM4\ARM_GCC_541\Debug\queue.o
 .text.prvIsQueueEmpty
                0x100845ec       0x1c .\CortexM4\ARM_GCC_541\Debug\queue.o
 .text.prvCopyDataToQueue
                0x10084608       0x54 .\CortexM4\ARM_GCC_541\Debug\queue.o
 .text.prvCopyDataFromQueue
                0x1008465c       0x24 .\CortexM4\ARM_GCC_541\Debug\queue.o
 .text.prvUnlockQueue
                0x10084680       0x68 .\CortexM4\ARM_GCC_541\Debug\queue.o
 .text.xQueueGenericReset
                0x100846e8       0x74 .\CortexM4\ARM_GCC_541\Debug\queue.o
                0x100846e8                xQueueGenericReset
 .text.prvInitialiseNewQueue
                0x1008475c       0x1c .\CortexM4\ARM_GCC_541\Debug\queue.o
 .text.xQueueGenericCreate
                0x10084778       0x3c .\CortexM4\ARM_GCC_541\Debug\queue.o
                0x10084778                xQueueGenericCreate
 .text.xQueueCreateCountingSemaphore
                0x100847b4       0x24 .\CortexM4\ARM_GCC_541\Debug\queue.o
                0x100847b4                xQueueCreateCountingSemaphore
 .text.xQueueGenericSend
                0x100847d8      0x158 .\CortexM4\ARM_GCC_541\Debug\queue.o
                0x100847d8                xQueueGenericSend
 .text.xQueueGenericSendFromISR
                0x10084930       0xb8 .\CortexM4\ARM_GCC_541\Debug\queue.o
                0x10084930                xQueueGenericSendFromISR
 .text.xQueueGiveFromISR
                0x100849e8       0x94 .\CortexM4\ARM_GCC_541\Debug\queue.o
                0x100849e8                xQueueGiveFromISR
 .text.xQueueGenericReceive
                0x10084a7c      0x15c .\CortexM4\ARM_GCC_541\Debug\queue.o
                0x10084a7c                xQueueGenericReceive
 .text.vQueueAddToRegistry
                0x10084bd8       0x28 .\CortexM4\ARM_GCC_541\Debug\queue.o
                0x10084bd8                vQueueAddToRegistry
 .text.vQueueWaitForMessageRestricted
                0x10084c00       0x4c .\CortexM4\ARM_GCC_541\Debug\queue.o
                0x10084c00                vQueueWaitForMessageRestricted
 .text.prvResetNextTaskUnblockTime
                0x10084c4c       0x2c .\CortexM4\ARM_GCC_541\Debug\tasks.o
 .text.prvDeleteTCB
                0x10084c78       0x14 .\CortexM4\ARM_GCC_541\Debug\tasks.o
 .text.prvInitialiseNewTask
                0x10084c8c       0xa0 .\CortexM4\ARM_GCC_541\Debug\tasks.o
 .text.prvInitialiseTaskLists
                0x10084d2c       0x58 .\CortexM4\ARM_GCC_541\Debug\tasks.o
 .text.prvAddNewTaskToReadyList
                0x10084d84       0xac .\CortexM4\ARM_GCC_541\Debug\tasks.o
 .text.prvAddCurrentTaskToDelayedList
                0x10084e30       0x68 .\CortexM4\ARM_GCC_541\Debug\tasks.o
 .text.xTaskCreate
                0x10084e98       0x64 .\CortexM4\ARM_GCC_541\Debug\tasks.o
                0x10084e98                xTaskCreate
 .text.vTaskStartScheduler
                0x10084efc       0x60 .\CortexM4\ARM_GCC_541\Debug\tasks.o
                0x10084efc                vTaskStartScheduler
 .text.vTaskSuspendAll
                0x10084f5c       0x14 .\CortexM4\ARM_GCC_541\Debug\tasks.o
                0x10084f5c                vTaskSuspendAll
 .text.xTaskGetTickCount
                0x10084f70        0xc .\CortexM4\ARM_GCC_541\Debug\tasks.o
                0x10084f70                xTaskGetTickCount
 .text.xTaskIncrementTick
                0x10084f7c       0xf0 .\CortexM4\ARM_GCC_541\Debug\tasks.o
                0x10084f7c                xTaskIncrementTick
 .text.xTaskResumeAll
                0x1008506c       0xe4 .\CortexM4\ARM_GCC_541\Debug\tasks.o
                0x1008506c                xTaskResumeAll
 .text.prvCheckTasksWaitingTermination
                0x10085150       0x54 .\CortexM4\ARM_GCC_541\Debug\tasks.o
 .text.prvIdleTask
                0x100851a4       0x28 .\CortexM4\ARM_GCC_541\Debug\tasks.o
 .text.vTaskSwitchContext
                0x100851cc       0xbc .\CortexM4\ARM_GCC_541\Debug\tasks.o
                0x100851cc                vTaskSwitchContext
 .text.vTaskPlaceOnEventList
                0x10085288       0x24 .\CortexM4\ARM_GCC_541\Debug\tasks.o
                0x10085288                vTaskPlaceOnEventList
 .text.vTaskPlaceOnEventListRestricted
                0x100852ac       0x2c .\CortexM4\ARM_GCC_541\Debug\tasks.o
                0x100852ac                vTaskPlaceOnEventListRestricted
 .text.xTaskRemoveFromEventList
                0x100852d8       0x7c .\CortexM4\ARM_GCC_541\Debug\tasks.o
                0x100852d8                xTaskRemoveFromEventList
 .text.vTaskSetTimeOutState
                0x10085354       0x1c .\CortexM4\ARM_GCC_541\Debug\tasks.o
                0x10085354                vTaskSetTimeOutState
 .text.xTaskCheckForTimeOut
                0x10085370       0x64 .\CortexM4\ARM_GCC_541\Debug\tasks.o
                0x10085370                xTaskCheckForTimeOut
 .text.vTaskMissedYield
                0x100853d4       0x10 .\CortexM4\ARM_GCC_541\Debug\tasks.o
                0x100853d4                vTaskMissedYield
 .text.xTaskGetSchedulerState
                0x100853e4       0x20 .\CortexM4\ARM_GCC_541\Debug\tasks.o
                0x100853e4                xTaskGetSchedulerState
 .text.prvGetNextExpireTime
                0x10085404       0x20 .\CortexM4\ARM_GCC_541\Debug\timers.o
 .text.prvInsertTimerInActiveList
                0x10085424       0x44 .\CortexM4\ARM_GCC_541\Debug\timers.o
 .text.prvCheckForValidListAndQueue
                0x10085468       0x48 .\CortexM4\ARM_GCC_541\Debug\timers.o
 .text.xTimerCreateTimerTask
                0x100854b0       0x44 .\CortexM4\ARM_GCC_541\Debug\timers.o
                0x100854b0                xTimerCreateTimerTask
 .text.xTimerGenericCommand
                0x100854f4       0x5c .\CortexM4\ARM_GCC_541\Debug\timers.o
                0x100854f4                xTimerGenericCommand
 .text.prvSwitchTimerLists
                0x10085550       0x68 .\CortexM4\ARM_GCC_541\Debug\timers.o
 .text.prvSampleTimeNow
                0x100855b8       0x2c .\CortexM4\ARM_GCC_541\Debug\timers.o
 .text.prvProcessExpiredTimer
                0x100855e4       0x50 .\CortexM4\ARM_GCC_541\Debug\timers.o
 .text.prvProcessTimerOrBlockTask
                0x10085634       0x70 .\CortexM4\ARM_GCC_541\Debug\timers.o
 .text.prvProcessReceivedCommands
                0x100856a4       0xa0 .\CortexM4\ARM_GCC_541\Debug\timers.o
 .text.prvTimerTask
                0x10085744       0x18 .\CortexM4\ARM_GCC_541\Debug\timers.o
 .text.prvTaskExitError
                0x1008575c       0x18 .\CortexM4\ARM_GCC_541\Debug\port.o
 .text.prvPortStartFirstTask
                0x10085774       0x20 .\CortexM4\ARM_GCC_541\Debug\port.o
 .text.vPortEnableVFP
                0x10085794       0x14 .\CortexM4\ARM_GCC_541\Debug\port.o
 .text.pxPortInitialiseStack
                0x100857a8       0x2c .\CortexM4\ARM_GCC_541\Debug\port.o
                0x100857a8                pxPortInitialiseStack
 *fill*         0x100857d4        0xc 
 .text.SVC_Handler
                0x100857e0       0x24 .\CortexM4\ARM_GCC_541\Debug\port.o
                0x100857e0                SVC_Handler
 .text.vPortEnterCritical
                0x10085804       0x28 .\CortexM4\ARM_GCC_541\Debug\port.o
                0x10085804                vPortEnterCritical
 .text.vPortExitCritical
                0x1008582c       0x1c .\CortexM4\ARM_GCC_541\Debug\port.o
                0x1008582c                vPortExitCritical
 *fill*         0x10085848        0x8 
 .text.PendSV_Handler
                0x10085850       0x64 .\CortexM4\ARM_GCC_541\Debug\port.o
                0x10085850                PendSV_Handler
 .text.SysTick_Handler
                0x100858b4       0x1c .\CortexM4\ARM_GCC_541\Debug\port.o
                0x100858b4                SysTick_Handler
 .text.vPortSetupTimerInterrupt
                0x100858d0       0x2c .\CortexM4\ARM_GCC_541\Debug\port.o
                0x100858d0                vPortSetupTimerInterrupt
 .text.xPortStartScheduler
                0x100858fc       0xa4 .\CortexM4\ARM_GCC_541\Debug\port.o
                0x100858fc                xPortStartScheduler
 .text.vPortValidateInterruptPriority
                0x100859a0       0x3c .\CortexM4\ARM_GCC_541\Debug\port.o
                0x100859a0                vPortValidateInterruptPriority
 .text.vApplicationStackOverflowHook
                0x100859dc       0x14 .\CortexM4\ARM_GCC_541\Debug\port.o
                0x100859dc                vApplicationStackOverflowHook
 .text.prvHeapInit
                0x100859f0       0x58 .\CortexM4\ARM_GCC_541\Debug\heap_4.o
 .text.prvInsertBlockIntoFreeList
                0x10085a48       0x58 .\CortexM4\ARM_GCC_541\Debug\heap_4.o
 .text.pvPortMalloc
                0x10085aa0       0xe0 .\CortexM4\ARM_GCC_541\Debug\heap_4.o
                0x10085aa0                pvPortMalloc
 .text.vPortFree
                0x10085b80       0x5c .\CortexM4\ARM_GCC_541\Debug\heap_4.o
                0x10085b80                vPortFree
 .text._write   0x10085bdc       0x24 .\CortexM4\ARM_GCC_541\Debug\retarget.o
                0x10085bdc                _write
 .text._read    0x10085c00       0x28 .\CortexM4\ARM_GCC_541\Debug\retarget.o
                0x10085c00                _read
 .text.UART_Interrupt
                0x10085c28       0x14 .\CortexM4\ARM_GCC_541\Debug\UART.o
 .text.UART_Start
                0x10085c3c       0x64 .\CortexM4\ARM_GCC_541\Debug\UART.o
                0x10085c3c                UART_Start
 .text          0x10085ca0      0x370 c:/program files (x86)/cypress/psoc creator/4.2/psoc creator/import/gnu/arm/5.4.1/bin/../lib/gcc/arm-none-eabi/5.4.1/armv7e-m/softfp\libgcc.a(_arm_addsubdf3.o)
                0x10085ca0                __aeabi_drsub
                0x10085ca8                __aeabi_dsub
                0x10085ca8                __subdf3
                0x10085cac                __aeabi_dadd
                0x10085cac                __adddf3
                0x10085f24                __floatunsidf
                0x10085f24                __aeabi_ui2d
                0x10085f44                __floatsidf
                0x10085f44                __aeabi_i2d
                0x10085f68                __aeabi_f2d
                0x10085f68                __extendsfdf2
                0x10085fa4                __floatundidf
                0x10085fa4                __aeabi_ul2d
                0x10085fb4                __floatdidf
                0x10085fb4                __aeabi_l2d
 .text          0x10086010      0x424 c:/program files (x86)/cypress/psoc creator/4.2/psoc creator/import/gnu/arm/5.4.1/bin/../lib/gcc/arm-none-eabi/5.4.1/armv7e-m/softfp\libgcc.a(_arm_muldivdf3.o)
                0x10086010                __aeabi_dmul
                0x10086010                __muldf3
                0x10086264                __divdf3
                0x10086264                __aeabi_ddiv
 .text.memcmp   0x10086434       0x1e c:/program files (x86)/cypress/psoc creator/4.2/psoc creator/import/gnu/arm/5.4.1/bin/../lib/gcc/arm-none-eabi/5.4.1/../../../../arm-none-eabi/lib/armv7e-m/softfp\libg_nano.a(lib_a-memcmp.o)
                0x10086434                memcmp
 .text.memcpy   0x10086452       0x16 c:/program files (x86)/cypress/psoc creator/4.2/psoc creator/import/gnu/arm/5.4.1/bin/../lib/gcc/arm-none-eabi/5.4.1/../../../../arm-none-eabi/lib/armv7e-m/softfp\libg_nano.a(lib_a-memcpy-stub.o)
                0x10086452                memcpy
 .text.memset   0x10086468       0x10 c:/program files (x86)/cypress/psoc creator/4.2/psoc creator/import/gnu/arm/5.4.1/bin/../lib/gcc/arm-none-eabi/5.4.1/../../../../arm-none-eabi/lib/armv7e-m/softfp\libg_nano.a(lib_a-memset.o)
                0x10086468                memset
 .text.__cvt    0x10086478       0xc2 c:/program files (x86)/cypress/psoc creator/4.2/psoc creator/import/gnu/arm/5.4.1/bin/../lib/gcc/arm-none-eabi/5.4.1/../../../../arm-none-eabi/lib/armv7e-m/softfp\libg_nano.a(lib_a-nano-vfprintf_float.o)
                0x10086478                __cvt
 .text.__exponent
                0x1008653a       0x60 c:/program files (x86)/cypress/psoc creator/4.2/psoc creator/import/gnu/arm/5.4.1/bin/../lib/gcc/arm-none-eabi/5.4.1/../../../../arm-none-eabi/lib/armv7e-m/softfp\libg_nano.a(lib_a-nano-vfprintf_float.o)
                0x1008653a                __exponent
 *fill*         0x1008659a        0x2 
 .text._printf_float
                0x1008659c      0x488 c:/program files (x86)/cypress/psoc creator/4.2/psoc creator/import/gnu/arm/5.4.1/bin/../lib/gcc/arm-none-eabi/5.4.1/../../../../arm-none-eabi/lib/armv7e-m/softfp\libg_nano.a(lib_a-nano-vfprintf_float.o)
                0x1008659c                _printf_float
 .text._printf_common
                0x10086a24       0xec c:/program files (x86)/cypress/psoc creator/4.2/psoc creator/import/gnu/arm/5.4.1/bin/../lib/gcc/arm-none-eabi/5.4.1/../../../../arm-none-eabi/lib/armv7e-m/softfp\libg_nano.a(lib_a-nano-vfprintf_i.o)
                0x10086a24                _printf_common
 .text._printf_i
                0x10086b10      0x24c c:/program files (x86)/cypress/psoc creator/4.2/psoc creator/import/gnu/arm/5.4.1/bin/../lib/gcc/arm-none-eabi/5.4.1/../../../../arm-none-eabi/lib/armv7e-m/softfp\libg_nano.a(lib_a-nano-vfprintf_i.o)
                0x10086b10                _printf_i
 .text.printf   0x10086d5c       0x30 c:/program files (x86)/cypress/psoc creator/4.2/psoc creator/import/gnu/arm/5.4.1/bin/../lib/gcc/arm-none-eabi/5.4.1/../../../../arm-none-eabi/lib/armv7e-m/softfp\libg_nano.a(lib_a-printf.o)
                0x10086d5c                iprintf
                0x10086d5c                printf
 .text._puts_r  0x10086d8c       0xb4 c:/program files (x86)/cypress/psoc creator/4.2/psoc creator/import/gnu/arm/5.4.1/bin/../lib/gcc/arm-none-eabi/5.4.1/../../../../arm-none-eabi/lib/armv7e-m/softfp\libg_nano.a(lib_a-puts.o)
                0x10086d8c                _puts_r
 .text.puts     0x10086e40       0x10 c:/program files (x86)/cypress/psoc creator/4.2/psoc creator/import/gnu/arm/5.4.1/bin/../lib/gcc/arm-none-eabi/5.4.1/../../../../arm-none-eabi/lib/armv7e-m/softfp\libg_nano.a(lib_a-puts.o)
                0x10086e40                puts
 .text.__srget_r
                0x10086e50       0x58 c:/program files (x86)/cypress/psoc creator/4.2/psoc creator/import/gnu/arm/5.4.1/bin/../lib/gcc/arm-none-eabi/5.4.1/../../../../arm-none-eabi/lib/armv7e-m/softfp\libg_nano.a(lib_a-rget.o)
                0x10086e50                __srget_r
 .text.setvbuf  0x10086ea8      0x154 c:/program files (x86)/cypress/psoc creator/4.2/psoc creator/import/gnu/arm/5.4.1/bin/../lib/gcc/arm-none-eabi/5.4.1/../../../../arm-none-eabi/lib/armv7e-m/softfp\libg_nano.a(lib_a-setvbuf.o)
                0x10086ea8                setvbuf
 .text          0x10086ffc       0x10 c:/program files (x86)/cypress/psoc creator/4.2/psoc creator/import/gnu/arm/5.4.1/bin/../lib/gcc/arm-none-eabi/5.4.1/../../../../arm-none-eabi/lib/armv7e-m/softfp\libg_nano.a(lib_a-strlen.o)
                0x10086ffc                strlen
 .text.strncpy  0x1008700c       0x26 c:/program files (x86)/cypress/psoc creator/4.2/psoc creator/import/gnu/arm/5.4.1/bin/../lib/gcc/arm-none-eabi/5.4.1/../../../../arm-none-eabi/lib/armv7e-m/softfp\libg_nano.a(lib_a-strncpy.o)
                0x1008700c                strncpy
 *fill*         0x10087032        0x2 
 .text.__swbuf_r
                0x10087034       0xa8 c:/program files (x86)/cypress/psoc creator/4.2/psoc creator/import/gnu/arm/5.4.1/bin/../lib/gcc/arm-none-eabi/5.4.1/../../../../arm-none-eabi/lib/armv7e-m/softfp\libg_nano.a(lib_a-wbuf.o)
                0x10087034                __swbuf_r
 .text.__swsetup_r
                0x100870dc       0xdc c:/program files (x86)/cypress/psoc creator/4.2/psoc creator/import/gnu/arm/5.4.1/bin/../lib/gcc/arm-none-eabi/5.4.1/../../../../arm-none-eabi/lib/armv7e-m/softfp\libg_nano.a(lib_a-wsetup.o)
                0x100870dc                __swsetup_r
 .text.quorem   0x100871b8      0x11e c:/program files (x86)/cypress/psoc creator/4.2/psoc creator/import/gnu/arm/5.4.1/bin/../lib/gcc/arm-none-eabi/5.4.1/../../../../arm-none-eabi/lib/armv7e-m/softfp\libg_nano.a(lib_a-dtoa.o)
 *fill*         0x100872d6        0x2 
 .text._dtoa_r  0x100872d8      0xb38 c:/program files (x86)/cypress/psoc creator/4.2/psoc creator/import/gnu/arm/5.4.1/bin/../lib/gcc/arm-none-eabi/5.4.1/../../../../arm-none-eabi/lib/armv7e-m/softfp\libg_nano.a(lib_a-dtoa.o)
                0x100872d8                _dtoa_r
 .text.__sflush_r
                0x10087e10      0x110 c:/program files (x86)/cypress/psoc creator/4.2/psoc creator/import/gnu/arm/5.4.1/bin/../lib/gcc/arm-none-eabi/5.4.1/../../../../arm-none-eabi/lib/armv7e-m/softfp\libg_nano.a(lib_a-fflush.o)
                0x10087e10                __sflush_r
 .text._fflush_r
                0x10087f20       0x54 c:/program files (x86)/cypress/psoc creator/4.2/psoc creator/import/gnu/arm/5.4.1/bin/../lib/gcc/arm-none-eabi/5.4.1/../../../../arm-none-eabi/lib/armv7e-m/softfp\libg_nano.a(lib_a-fflush.o)
                0x10087f20                _fflush_r
 .text.fflush   0x10087f74       0x24 c:/program files (x86)/cypress/psoc creator/4.2/psoc creator/import/gnu/arm/5.4.1/bin/../lib/gcc/arm-none-eabi/5.4.1/../../../../arm-none-eabi/lib/armv7e-m/softfp\libg_nano.a(lib_a-fflush.o)
                0x10087f74                fflush
 .text._cleanup_r
                0x10087f98        0xc c:/program files (x86)/cypress/psoc creator/4.2/psoc creator/import/gnu/arm/5.4.1/bin/../lib/gcc/arm-none-eabi/5.4.1/../../../../arm-none-eabi/lib/armv7e-m/softfp\libg_nano.a(lib_a-findfp.o)
                0x10087f98                _cleanup_r
 .text.std.isra.0
                0x10087fa4       0x48 c:/program files (x86)/cypress/psoc creator/4.2/psoc creator/import/gnu/arm/5.4.1/bin/../lib/gcc/arm-none-eabi/5.4.1/../../../../arm-none-eabi/lib/armv7e-m/softfp\libg_nano.a(lib_a-findfp.o)
 .text.__sfmoreglue
                0x10087fec       0x2c c:/program files (x86)/cypress/psoc creator/4.2/psoc creator/import/gnu/arm/5.4.1/bin/../lib/gcc/arm-none-eabi/5.4.1/../../../../arm-none-eabi/lib/armv7e-m/softfp\libg_nano.a(lib_a-findfp.o)
                0x10087fec                __sfmoreglue
 .text.__sinit  0x10088018       0x60 c:/program files (x86)/cypress/psoc creator/4.2/psoc creator/import/gnu/arm/5.4.1/bin/../lib/gcc/arm-none-eabi/5.4.1/../../../../arm-none-eabi/lib/armv7e-m/softfp\libg_nano.a(lib_a-findfp.o)
                0x10088018                __sinit
 .text.__sfp    0x10088078       0x78 c:/program files (x86)/cypress/psoc creator/4.2/psoc creator/import/gnu/arm/5.4.1/bin/../lib/gcc/arm-none-eabi/5.4.1/../../../../arm-none-eabi/lib/armv7e-m/softfp\libg_nano.a(lib_a-findfp.o)
                0x10088078                __sfp
 .text._fwalk   0x100880f0       0x38 c:/program files (x86)/cypress/psoc creator/4.2/psoc creator/import/gnu/arm/5.4.1/bin/../lib/gcc/arm-none-eabi/5.4.1/../../../../arm-none-eabi/lib/armv7e-m/softfp\libg_nano.a(lib_a-fwalk.o)
                0x100880f0                _fwalk
 .text._fwalk_reent
                0x10088128       0x3c c:/program files (x86)/cypress/psoc creator/4.2/psoc creator/import/gnu/arm/5.4.1/bin/../lib/gcc/arm-none-eabi/5.4.1/../../../../arm-none-eabi/lib/armv7e-m/softfp\libg_nano.a(lib_a-fwalk.o)
                0x10088128                _fwalk_reent
 .text._localeconv_r
                0x10088164        0x8 c:/program files (x86)/cypress/psoc creator/4.2/psoc creator/import/gnu/arm/5.4.1/bin/../lib/gcc/arm-none-eabi/5.4.1/../../../../arm-none-eabi/lib/armv7e-m/softfp\libg_nano.a(lib_a-locale.o)
                0x10088164                _localeconv_r
 .text.__swhatbuf_r
                0x1008816c       0x46 c:/program files (x86)/cypress/psoc creator/4.2/psoc creator/import/gnu/arm/5.4.1/bin/../lib/gcc/arm-none-eabi/5.4.1/../../../../arm-none-eabi/lib/armv7e-m/softfp\libg_nano.a(lib_a-makebuf.o)
                0x1008816c                __swhatbuf_r
 *fill*         0x100881b2        0x2 
 .text.__smakebuf_r
                0x100881b4       0x78 c:/program files (x86)/cypress/psoc creator/4.2/psoc creator/import/gnu/arm/5.4.1/bin/../lib/gcc/arm-none-eabi/5.4.1/../../../../arm-none-eabi/lib/armv7e-m/softfp\libg_nano.a(lib_a-makebuf.o)
                0x100881b4                __smakebuf_r
 .text.malloc   0x1008822c       0x10 c:/program files (x86)/cypress/psoc creator/4.2/psoc creator/import/gnu/arm/5.4.1/bin/../lib/gcc/arm-none-eabi/5.4.1/../../../../arm-none-eabi/lib/armv7e-m/softfp\libg_nano.a(lib_a-malloc.o)
                0x1008822c                malloc
 *fill*         0x1008823c        0x4 
 .text          0x10088240       0xa0 c:/program files (x86)/cypress/psoc creator/4.2/psoc creator/import/gnu/arm/5.4.1/bin/../lib/gcc/arm-none-eabi/5.4.1/../../../../arm-none-eabi/lib/armv7e-m/softfp\libg_nano.a(lib_a-memchr.o)
                0x10088240                memchr
 .text._Balloc  0x100882e0       0x6a c:/program files (x86)/cypress/psoc creator/4.2/psoc creator/import/gnu/arm/5.4.1/bin/../lib/gcc/arm-none-eabi/5.4.1/../../../../arm-none-eabi/lib/armv7e-m/softfp\libg_nano.a(lib_a-mprec.o)
                0x100882e0                _Balloc
 .text._Bfree   0x1008834a       0x2e c:/program files (x86)/cypress/psoc creator/4.2/psoc creator/import/gnu/arm/5.4.1/bin/../lib/gcc/arm-none-eabi/5.4.1/../../../../arm-none-eabi/lib/armv7e-m/softfp\libg_nano.a(lib_a-mprec.o)
                0x1008834a                _Bfree
 .text.__multadd
                0x10088378       0x76 c:/program files (x86)/cypress/psoc creator/4.2/psoc creator/import/gnu/arm/5.4.1/bin/../lib/gcc/arm-none-eabi/5.4.1/../../../../arm-none-eabi/lib/armv7e-m/softfp\libg_nano.a(lib_a-mprec.o)
                0x10088378                __multadd
 .text.__hi0bits
                0x100883ee       0x40 c:/program files (x86)/cypress/psoc creator/4.2/psoc creator/import/gnu/arm/5.4.1/bin/../lib/gcc/arm-none-eabi/5.4.1/../../../../arm-none-eabi/lib/armv7e-m/softfp\libg_nano.a(lib_a-mprec.o)
                0x100883ee                __hi0bits
 .text.__lo0bits
                0x1008842e       0x5a c:/program files (x86)/cypress/psoc creator/4.2/psoc creator/import/gnu/arm/5.4.1/bin/../lib/gcc/arm-none-eabi/5.4.1/../../../../arm-none-eabi/lib/armv7e-m/softfp\libg_nano.a(lib_a-mprec.o)
                0x1008842e                __lo0bits
 .text.__i2b    0x10088488       0x12 c:/program files (x86)/cypress/psoc creator/4.2/psoc creator/import/gnu/arm/5.4.1/bin/../lib/gcc/arm-none-eabi/5.4.1/../../../../arm-none-eabi/lib/armv7e-m/softfp\libg_nano.a(lib_a-mprec.o)
                0x10088488                __i2b
 .text.__multiply
                0x1008849a      0x122 c:/program files (x86)/cypress/psoc creator/4.2/psoc creator/import/gnu/arm/5.4.1/bin/../lib/gcc/arm-none-eabi/5.4.1/../../../../arm-none-eabi/lib/armv7e-m/softfp\libg_nano.a(lib_a-mprec.o)
                0x1008849a                __multiply
 .text.__pow5mult
                0x100885bc       0x9c c:/program files (x86)/cypress/psoc creator/4.2/psoc creator/import/gnu/arm/5.4.1/bin/../lib/gcc/arm-none-eabi/5.4.1/../../../../arm-none-eabi/lib/armv7e-m/softfp\libg_nano.a(lib_a-mprec.o)
                0x100885bc                __pow5mult
 .text.__lshift
                0x10088658       0xa2 c:/program files (x86)/cypress/psoc creator/4.2/psoc creator/import/gnu/arm/5.4.1/bin/../lib/gcc/arm-none-eabi/5.4.1/../../../../arm-none-eabi/lib/armv7e-m/softfp\libg_nano.a(lib_a-mprec.o)
                0x10088658                __lshift
 .text.__mcmp   0x100886fa       0x38 c:/program files (x86)/cypress/psoc creator/4.2/psoc creator/import/gnu/arm/5.4.1/bin/../lib/gcc/arm-none-eabi/5.4.1/../../../../arm-none-eabi/lib/armv7e-m/softfp\libg_nano.a(lib_a-mprec.o)
                0x100886fa                __mcmp
 .text.__mdiff  0x10088732       0xbe c:/program files (x86)/cypress/psoc creator/4.2/psoc creator/import/gnu/arm/5.4.1/bin/../lib/gcc/arm-none-eabi/5.4.1/../../../../arm-none-eabi/lib/armv7e-m/softfp\libg_nano.a(lib_a-mprec.o)
                0x10088732                __mdiff
 .text.__d2b    0x100887f0       0x9c c:/program files (x86)/cypress/psoc creator/4.2/psoc creator/import/gnu/arm/5.4.1/bin/../lib/gcc/arm-none-eabi/5.4.1/../../../../arm-none-eabi/lib/armv7e-m/softfp\libg_nano.a(lib_a-mprec.o)
                0x100887f0                __d2b
 .text._calloc_r
                0x1008888c       0x1c c:/program files (x86)/cypress/psoc creator/4.2/psoc creator/import/gnu/arm/5.4.1/bin/../lib/gcc/arm-none-eabi/5.4.1/../../../../arm-none-eabi/lib/armv7e-m/softfp\libg_nano.a(lib_a-nano-callocr.o)
                0x1008888c                _calloc_r
 .text._free_r  0x100888a8       0x9c c:/program files (x86)/cypress/psoc creator/4.2/psoc creator/import/gnu/arm/5.4.1/bin/../lib/gcc/arm-none-eabi/5.4.1/../../../../arm-none-eabi/lib/armv7e-m/softfp\libg_nano.a(lib_a-nano-freer.o)
                0x100888a8                _free_r
 .text._malloc_r
                0x10088944       0xbc c:/program files (x86)/cypress/psoc creator/4.2/psoc creator/import/gnu/arm/5.4.1/bin/../lib/gcc/arm-none-eabi/5.4.1/../../../../arm-none-eabi/lib/armv7e-m/softfp\libg_nano.a(lib_a-nano-mallocr.o)
                0x10088944                _malloc_r
 .text.__sfputc_r
                0x10088a00       0x30 c:/program files (x86)/cypress/psoc creator/4.2/psoc creator/import/gnu/arm/5.4.1/bin/../lib/gcc/arm-none-eabi/5.4.1/../../../../arm-none-eabi/lib/armv7e-m/softfp\libg_nano.a(lib_a-nano-vfprintf.o)
 .text.__sfputs_r
                0x10088a30       0x24 c:/program files (x86)/cypress/psoc creator/4.2/psoc creator/import/gnu/arm/5.4.1/bin/../lib/gcc/arm-none-eabi/5.4.1/../../../../arm-none-eabi/lib/armv7e-m/softfp\libg_nano.a(lib_a-nano-vfprintf.o)
                0x10088a30                __sfputs_r
 .text._vfprintf_r
                0x10088a54      0x238 c:/program files (x86)/cypress/psoc creator/4.2/psoc creator/import/gnu/arm/5.4.1/bin/../lib/gcc/arm-none-eabi/5.4.1/../../../../arm-none-eabi/lib/armv7e-m/softfp\libg_nano.a(lib_a-nano-vfprintf.o)
                0x10088a54                _vfprintf_r
                0x10088a54                _vfiprintf_r
 .text.lflush   0x10088c8c       0x12 c:/program files (x86)/cypress/psoc creator/4.2/psoc creator/import/gnu/arm/5.4.1/bin/../lib/gcc/arm-none-eabi/5.4.1/../../../../arm-none-eabi/lib/armv7e-m/softfp\libg_nano.a(lib_a-refill.o)
 *fill*         0x10088c9e        0x2 
 .text.__srefill_r
                0x10088ca0      0x110 c:/program files (x86)/cypress/psoc creator/4.2/psoc creator/import/gnu/arm/5.4.1/bin/../lib/gcc/arm-none-eabi/5.4.1/../../../../arm-none-eabi/lib/armv7e-m/softfp\libg_nano.a(lib_a-refill.o)
                0x10088ca0                __srefill_r
 .text._sbrk_r  0x10088db0       0x20 c:/program files (x86)/cypress/psoc creator/4.2/psoc creator/import/gnu/arm/5.4.1/bin/../lib/gcc/arm-none-eabi/5.4.1/../../../../arm-none-eabi/lib/armv7e-m/softfp\libg_nano.a(lib_a-sbrkr.o)
                0x10088db0                _sbrk_r
 .text.__sread  0x10088dd0       0x22 c:/program files (x86)/cypress/psoc creator/4.2/psoc creator/import/gnu/arm/5.4.1/bin/../lib/gcc/arm-none-eabi/5.4.1/../../../../arm-none-eabi/lib/armv7e-m/softfp\libg_nano.a(lib_a-stdio.o)
                0x10088dd0                __sread
 .text.__swrite
                0x10088df2       0x38 c:/program files (x86)/cypress/psoc creator/4.2/psoc creator/import/gnu/arm/5.4.1/bin/../lib/gcc/arm-none-eabi/5.4.1/../../../../arm-none-eabi/lib/armv7e-m/softfp\libg_nano.a(lib_a-stdio.o)
                0x10088df2                __swrite
 .text.__sseek  0x10088e2a       0x24 c:/program files (x86)/cypress/psoc creator/4.2/psoc creator/import/gnu/arm/5.4.1/bin/../lib/gcc/arm-none-eabi/5.4.1/../../../../arm-none-eabi/lib/armv7e-m/softfp\libg_nano.a(lib_a-stdio.o)
                0x10088e2a                __sseek
 .text.__sclose
                0x10088e4e        0x8 c:/program files (x86)/cypress/psoc creator/4.2/psoc creator/import/gnu/arm/5.4.1/bin/../lib/gcc/arm-none-eabi/5.4.1/../../../../arm-none-eabi/lib/armv7e-m/softfp\libg_nano.a(lib_a-stdio.o)
                0x10088e4e                __sclose
 *fill*         0x10088e56        0x2 
 .text._write_r
                0x10088e58       0x24 c:/program files (x86)/cypress/psoc creator/4.2/psoc creator/import/gnu/arm/5.4.1/bin/../lib/gcc/arm-none-eabi/5.4.1/../../../../arm-none-eabi/lib/armv7e-m/softfp\libg_nano.a(lib_a-writer.o)
                0x10088e58                _write_r
 .text._close_r
                0x10088e7c       0x20 c:/program files (x86)/cypress/psoc creator/4.2/psoc creator/import/gnu/arm/5.4.1/bin/../lib/gcc/arm-none-eabi/5.4.1/../../../../arm-none-eabi/lib/armv7e-m/softfp\libg_nano.a(lib_a-closer.o)
                0x10088e7c                _close_r
 .text._fstat_r
                0x10088e9c       0x24 c:/program files (x86)/cypress/psoc creator/4.2/psoc creator/import/gnu/arm/5.4.1/bin/../lib/gcc/arm-none-eabi/5.4.1/../../../../arm-none-eabi/lib/armv7e-m/softfp\libg_nano.a(lib_a-fstatr.o)
                0x10088e9c                _fstat_r
 .text._isatty_r
                0x10088ec0       0x20 c:/program files (x86)/cypress/psoc creator/4.2/psoc creator/import/gnu/arm/5.4.1/bin/../lib/gcc/arm-none-eabi/5.4.1/../../../../arm-none-eabi/lib/armv7e-m/softfp\libg_nano.a(lib_a-isattyr.o)
                0x10088ec0                _isatty_r
 .text._lseek_r
                0x10088ee0       0x24 c:/program files (x86)/cypress/psoc creator/4.2/psoc creator/import/gnu/arm/5.4.1/bin/../lib/gcc/arm-none-eabi/5.4.1/../../../../arm-none-eabi/lib/armv7e-m/softfp\libg_nano.a(lib_a-lseekr.o)
                0x10088ee0                _lseek_r
 .text.__malloc_lock
                0x10088f04        0x2 c:/program files (x86)/cypress/psoc creator/4.2/psoc creator/import/gnu/arm/5.4.1/bin/../lib/gcc/arm-none-eabi/5.4.1/../../../../arm-none-eabi/lib/armv7e-m/softfp\libg_nano.a(lib_a-mlock.o)
                0x10088f04                __malloc_lock
 .text.__malloc_unlock
                0x10088f06        0x2 c:/program files (x86)/cypress/psoc creator/4.2/psoc creator/import/gnu/arm/5.4.1/bin/../lib/gcc/arm-none-eabi/5.4.1/../../../../arm-none-eabi/lib/armv7e-m/softfp\libg_nano.a(lib_a-mlock.o)
                0x10088f06                __malloc_unlock
 .text._read_r  0x10088f08       0x24 c:/program files (x86)/cypress/psoc creator/4.2/psoc creator/import/gnu/arm/5.4.1/bin/../lib/gcc/arm-none-eabi/5.4.1/../../../../arm-none-eabi/lib/armv7e-m/softfp\libg_nano.a(lib_a-readr.o)
                0x10088f08                _read_r
 .text          0x10088f2c      0x110 c:/program files (x86)/cypress/psoc creator/4.2/psoc creator/import/gnu/arm/5.4.1/bin/../lib/gcc/arm-none-eabi/5.4.1/armv7e-m/softfp\libgcc.a(_arm_cmpdf2.o)
                0x10088f2c                __gtdf2
                0x10088f2c                __gedf2
                0x10088f34                __ltdf2
                0x10088f34                __ledf2
                0x10088f3c                __nedf2
                0x10088f3c                __eqdf2
                0x10088f3c                __cmpdf2
                0x10088fb8                __aeabi_cdrcmple
                0x10088fc8                __aeabi_cdcmpeq
                0x10088fc8                __aeabi_cdcmple
                0x10088fd8                __aeabi_dcmpeq
                0x10088fec                __aeabi_dcmplt
                0x10089000                __aeabi_dcmple
                0x10089014                __aeabi_dcmpge
                0x10089028                __aeabi_dcmpgt
 .text          0x1008903c       0x2c c:/program files (x86)/cypress/psoc creator/4.2/psoc creator/import/gnu/arm/5.4.1/bin/../lib/gcc/arm-none-eabi/5.4.1/armv7e-m/softfp\libgcc.a(_arm_unorddf2.o)
                0x1008903c                __unorddf2
                0x1008903c                __aeabi_dcmpun
 .text          0x10089068       0x50 c:/program files (x86)/cypress/psoc creator/4.2/psoc creator/import/gnu/arm/5.4.1/bin/../lib/gcc/arm-none-eabi/5.4.1/armv7e-m/softfp\libgcc.a(_arm_fixdfsi.o)
                0x10089068                __aeabi_d2iz
                0x10089068                __fixdfsi
 .text._close   0x100890b8       0x10 c:/program files (x86)/cypress/psoc creator/4.2/psoc creator/import/gnu/arm/5.4.1/bin/../lib/gcc/arm-none-eabi/5.4.1/../../../../arm-none-eabi/lib/armv7e-m/softfp\libnosys.a(close.o)
                0x100890b8                _close
 .text._fstat   0x100890c8       0x10 c:/program files (x86)/cypress/psoc creator/4.2/psoc creator/import/gnu/arm/5.4.1/bin/../lib/gcc/arm-none-eabi/5.4.1/../../../../arm-none-eabi/lib/armv7e-m/softfp\libnosys.a(fstat.o)
                0x100890c8                _fstat
 .text._isatty  0x100890d8       0x10 c:/program files (x86)/cypress/psoc creator/4.2/psoc creator/import/gnu/arm/5.4.1/bin/../lib/gcc/arm-none-eabi/5.4.1/../../../../arm-none-eabi/lib/armv7e-m/softfp\libnosys.a(isatty.o)
                0x100890d8                _isatty
 .text._lseek   0x100890e8       0x10 c:/program files (x86)/cypress/psoc creator/4.2/psoc creator/import/gnu/arm/5.4.1/bin/../lib/gcc/arm-none-eabi/5.4.1/../../../../arm-none-eabi/lib/armv7e-m/softfp\libnosys.a(lseek.o)
                0x100890e8                _lseek
 .text._sbrk    0x100890f8       0x1c c:/program files (x86)/cypress/psoc creator/4.2/psoc creator/import/gnu/arm/5.4.1/bin/../lib/gcc/arm-none-eabi/5.4.1/../../../../arm-none-eabi/lib/armv7e-m/softfp\libnosys.a(sbrk.o)
                0x100890f8                _sbrk
 *(.init)
 .init          0x10089114        0x4 c:/program files (x86)/cypress/psoc creator/4.2/psoc creator/import/gnu/arm/5.4.1/bin/../lib/gcc/arm-none-eabi/5.4.1/armv7e-m/softfp/crti.o
                0x10089114                _init
 .init          0x10089118        0x8 c:/program files (x86)/cypress/psoc creator/4.2/psoc creator/import/gnu/arm/5.4.1/bin/../lib/gcc/arm-none-eabi/5.4.1/armv7e-m/softfp/crtn.o
 *(.fini)
 .fini          0x10089120        0x4 c:/program files (x86)/cypress/psoc creator/4.2/psoc creator/import/gnu/arm/5.4.1/bin/../lib/gcc/arm-none-eabi/5.4.1/armv7e-m/softfp/crti.o
                0x10089120                _fini
 .fini          0x10089124        0x8 c:/program files (x86)/cypress/psoc creator/4.2/psoc creator/import/gnu/arm/5.4.1/bin/../lib/gcc/arm-none-eabi/5.4.1/armv7e-m/softfp/crtn.o
 *crtbegin.o(.ctors)
 *crtbegin?.o(.ctors)
 *(EXCLUDE_FILE(*crtend.o *crtend?.o) .ctors)
 *(SORT(.ctors.*))
 *(.ctors)
 *crtbegin.o(.dtors)
 *crtbegin?.o(.dtors)
 *(EXCLUDE_FILE(*crtend.o *crtend?.o) .dtors)
 *(SORT(.dtors.*))
 *(.dtors)
 *(.rodata .rodata.* .constdata .constdata.* .conststring .conststring.*)
 .rodata.str1.4
                0x1008912c       0x11 .\CortexM4\ARM_GCC_541\Debug\main_cm4.o
 *fill*         0x1008913d        0x3 
 .rodata.str1.4
                0x10089140      0x12e .\CortexM4\ARM_GCC_541\Debug\bleTask.o
                                0x132 (size before relaxing)
 *fill*         0x1008926e        0x2 
 .rodata.str1.4
                0x10089270       0x6e .\CortexM4\ARM_GCC_541\Debug\uartTask.o
 *fill*         0x100892de        0x2 
 .rodata        0x100892e0       0x34 .\CortexM4\ARM_GCC_541\Debug\cy_ipc_config.o
 .rodata        0x10089314        0x8 .\CortexM4\ARM_GCC_541\Debug\cyfitter_sysint_cfg.o
                0x10089314                UART_SCB_IRQ_cfg
 .rodata        0x1008931c      0x11e .\CortexM4\ARM_GCC_541\Debug\BLE_config.o
 *fill*         0x1008943a        0x2 
 .rodata        0x1008943c       0x5c .\CortexM4\ARM_GCC_541\Debug\BLE_custom_config.o
 .rodata.str1.4
                0x10089498       0x41 .\CortexM4\ARM_GCC_541\Debug\cy_sysint.o
 *fill*         0x100894d9        0x3 
 .rodata.str1.4
                0x100894dc       0x7f .\CortexM4\ARM_GCC_541\Debug\cy_ipc_drv.o
 *fill*         0x1008955b        0x1 
 .rodata.str1.4
                0x1008955c       0x3f .\CortexM4\ARM_GCC_541\Debug\cy_ipc_sema.o
 *fill*         0x1008959b        0x1 
 .rodata.str1.4
                0x1008959c       0x40 .\CortexM4\ARM_GCC_541\Debug\cy_ipc_pipe.o
                                 0x7f (size before relaxing)
 .rodata.str1.4
                0x100895dc       0xc4 .\CortexM4\ARM_GCC_541\Debug\cy_scb_uart.o
 .rodata        0x100896a0       0x10 .\CortexM4\ARM_GCC_541\Debug\cy_ble.o
 .rodata        0x100896b0      0x100 .\CortexM4\ARM_GCC_541\Debug\cy_ble_hal_pvt.o
 .rodata.str1.4
                0x100897b0       0x37 .\CortexM4\ARM_GCC_541\Debug\cy_ble_gatt.o
 *fill*         0x100897e7        0x1 
 .rodata        0x100897e8        0xa .\CortexM4\ARM_GCC_541\Debug\cy_ble_event_handler.o
 .rodata.str1.4
                0x100897f2       0x37 .\CortexM4\ARM_GCC_541\Debug\cy_ble_event_handler.o
 *fill*         0x100897f2        0x2 
 .rodata.str1.4
                0x100897f4        0x5 .\CortexM4\ARM_GCC_541\Debug\tasks.o
 *fill*         0x100897f9        0x3 
 .rodata.str1.4
                0x100897fc       0x10 .\CortexM4\ARM_GCC_541\Debug\timers.o
 .rodata.str1.4
                0x1008980c       0x50 .\CortexM4\ARM_GCC_541\Debug\port.o
                                 0x4f (size before relaxing)
 .rodata        0x1008985c       0x40 .\CortexM4\ARM_GCC_541\Debug\UART.o
                0x1008985c                UART_config
 .constdata     0x1008989c       0x18 Generated_Source\PSoC6\pdl\middleware\ble\lib\cy_ble_stack_gcc_host_ipc_cm4.a(BT_os.o)
                0x1008989c                cyBleStackMemoryConfig
 .constdata     0x100898b4       0x58 Generated_Source\PSoC6\pdl\middleware\ble\lib\cy_ble_stack_gcc_host_ipc_cm4.a(l2cap_init.o)
                0x100898b4                l2cap_le_sig_handler
 .constdata     0x1008990c       0x3c Generated_Source\PSoC6\pdl\middleware\ble\lib\cy_ble_stack_gcc_host_ipc_cm4.a(fsm_engine_pl.o)
                0x1008990c                fsm_module_table
 .constdata     0x10089948      0x110 Generated_Source\PSoC6\pdl\middleware\ble\lib\cy_ble_stack_gcc_host_ipc_cm4.a(gap_hci_iface.o)
                0x10089948                hciCommandCompleteEventHandlers
 .constdata     0x10089a58       0x20 Generated_Source\PSoC6\pdl\middleware\ble\lib\cy_ble_stack_gcc_host_ipc_cm4.a(gap_privacy.o)
 .constdata     0x10089a78       0x32 Generated_Source\PSoC6\pdl\middleware\ble\lib\cy_ble_stack_gcc_host_ipc_cm4.a(smp_core.o)
                0x10089a78                smp_iocap_assoc_map
                0x10089a91                smp_sc_iocap_assoc_map
 *fill*         0x10089aaa        0x2 
 .constdata     0x10089aac        0xc Generated_Source\PSoC6\pdl\middleware\ble\lib\cy_ble_stack_gcc_host_ipc_cm4.a(smp_interface.o)
                0x10089aac                smp_event_fp
 .constdata     0x10089ab8       0x22 Generated_Source\PSoC6\pdl\middleware\ble\lib\cy_ble_stack_gcc_host_ipc_cm4.a(smp_utils.o)
                0x10089ab8                smp_event_map
 *fill*         0x10089ada        0x2 
 .constdata     0x10089adc       0xb4 Generated_Source\PSoC6\pdl\middleware\ble\lib\cy_ble_stack_gcc_host_ipc_cm4.a(smp_fsm_table.o)
                0x10089adc                smp_state_event_table
 .constdata     0x10089b90      0x110 Generated_Source\PSoC6\pdl\middleware\ble\lib\cy_ble_stack_gcc_host_ipc_cm4.a(smp_fsm_table.o)
                0x10089b90                smp_event_handler_table
 .constdata     0x10089ca0       0x20 Generated_Source\PSoC6\pdl\middleware\ble\lib\cy_ble_stack_gcc_host_ipc_cm4.a(aes_cmac.o)
                0x10089ca0                cmac_zero_data
                0x10089cb0                cmac_rb_data
 .constdata     0x10089cc0       0x60 Generated_Source\PSoC6\pdl\middleware\ble\lib\cy_ble_stack_gcc_host_ipc_cm4.a(att_fsm_table.o)
                0x10089cc0                att_state_event_table
 .constdata     0x10089d20       0x58 Generated_Source\PSoC6\pdl\middleware\ble\lib\cy_ble_stack_gcc_host_ipc_cm4.a(att_fsm_table.o)
                0x10089d20                att_event_handler_table
 .rodata.str1.1
                0x10089d78        0x2 c:/program files (x86)/cypress/psoc creator/4.2/psoc creator/import/gnu/arm/5.4.1/bin/../lib/gcc/arm-none-eabi/5.4.1/../../../../arm-none-eabi/lib/armv7e-m/softfp\libg_nano.a(lib_a-impure.o)
 *fill*         0x10089d7a        0x2 
 .rodata._global_impure_ptr
                0x10089d7c        0x4 c:/program files (x86)/cypress/psoc creator/4.2/psoc creator/import/gnu/arm/5.4.1/bin/../lib/gcc/arm-none-eabi/5.4.1/../../../../arm-none-eabi/lib/armv7e-m/softfp\libg_nano.a(lib_a-impure.o)
                0x10089d7c                _global_impure_ptr
 .rodata.str1.1
                0x10089d80       0x12 c:/program files (x86)/cypress/psoc creator/4.2/psoc creator/import/gnu/arm/5.4.1/bin/../lib/gcc/arm-none-eabi/5.4.1/../../../../arm-none-eabi/lib/armv7e-m/softfp\libg_nano.a(lib_a-nano-vfprintf_float.o)
 .rodata.str1.1
                0x10089d92       0x22 c:/program files (x86)/cypress/psoc creator/4.2/psoc creator/import/gnu/arm/5.4.1/bin/../lib/gcc/arm-none-eabi/5.4.1/../../../../arm-none-eabi/lib/armv7e-m/softfp\libg_nano.a(lib_a-nano-vfprintf_i.o)
 .rodata.str1.1
                0x10089db4        0xd c:/program files (x86)/cypress/psoc creator/4.2/psoc creator/import/gnu/arm/5.4.1/bin/../lib/gcc/arm-none-eabi/5.4.1/../../../../arm-none-eabi/lib/armv7e-m/softfp\libg_nano.a(lib_a-dtoa.o)
                                  0xf (size before relaxing)
 *fill*         0x10089dc1        0x3 
 .rodata.__sf_fake_stdin
                0x10089dc4       0x20 c:/program files (x86)/cypress/psoc creator/4.2/psoc creator/import/gnu/arm/5.4.1/bin/../lib/gcc/arm-none-eabi/5.4.1/../../../../arm-none-eabi/lib/armv7e-m/softfp\libg_nano.a(lib_a-findfp.o)
                0x10089dc4                __sf_fake_stdin
 .rodata.__sf_fake_stdout
                0x10089de4       0x20 c:/program files (x86)/cypress/psoc creator/4.2/psoc creator/import/gnu/arm/5.4.1/bin/../lib/gcc/arm-none-eabi/5.4.1/../../../../arm-none-eabi/lib/armv7e-m/softfp\libg_nano.a(lib_a-findfp.o)
                0x10089de4                __sf_fake_stdout
 .rodata.__sf_fake_stderr
                0x10089e04       0x20 c:/program files (x86)/cypress/psoc creator/4.2/psoc creator/import/gnu/arm/5.4.1/bin/../lib/gcc/arm-none-eabi/5.4.1/../../../../arm-none-eabi/lib/armv7e-m/softfp\libg_nano.a(lib_a-findfp.o)
                0x10089e04                __sf_fake_stderr
 .rodata.str1.1
                0x10089e24        0x8 c:/program files (x86)/cypress/psoc creator/4.2/psoc creator/import/gnu/arm/5.4.1/bin/../lib/gcc/arm-none-eabi/5.4.1/../../../../arm-none-eabi/lib/armv7e-m/softfp\libg_nano.a(lib_a-locale.o)
                                  0xb (size before relaxing)
 .rodata.p05.5410
                0x10089e2c        0xc c:/program files (x86)/cypress/psoc creator/4.2/psoc creator/import/gnu/arm/5.4.1/bin/../lib/gcc/arm-none-eabi/5.4.1/../../../../arm-none-eabi/lib/armv7e-m/softfp\libg_nano.a(lib_a-mprec.o)
 .rodata.__mprec_bigtens
                0x10089e38       0x28 c:/program files (x86)/cypress/psoc creator/4.2/psoc creator/import/gnu/arm/5.4.1/bin/../lib/gcc/arm-none-eabi/5.4.1/../../../../arm-none-eabi/lib/armv7e-m/softfp\libg_nano.a(lib_a-mprec.o)
                0x10089e38                __mprec_bigtens
 .rodata.__mprec_tens
                0x10089e60       0xc8 c:/program files (x86)/cypress/psoc creator/4.2/psoc creator/import/gnu/arm/5.4.1/bin/../lib/gcc/arm-none-eabi/5.4.1/../../../../arm-none-eabi/lib/armv7e-m/softfp\libg_nano.a(lib_a-mprec.o)
                0x10089e60                __mprec_tens
 .rodata.str1.1
                0x10089f28       0x11 c:/program files (x86)/cypress/psoc creator/4.2/psoc creator/import/gnu/arm/5.4.1/bin/../lib/gcc/arm-none-eabi/5.4.1/../../../../arm-none-eabi/lib/armv7e-m/softfp\libg_nano.a(lib_a-nano-vfprintf.o)
 *(.eh_frame*)
 *fill*         0x10089f39        0x3 
 .eh_frame      0x10089f3c        0x0 c:/program files (x86)/cypress/psoc creator/4.2/psoc creator/import/gnu/arm/5.4.1/bin/../lib/gcc/arm-none-eabi/5.4.1/armv7e-m/softfp/crtbegin.o
 .eh_frame      0x10089f3c        0x4 c:/program files (x86)/cypress/psoc creator/4.2/psoc creator/import/gnu/arm/5.4.1/bin/../lib/gcc/arm-none-eabi/5.4.1/armv7e-m/softfp/crtend.o

.glue_7         0x10089f40        0x0
 .glue_7        0x10089f40        0x0 linker stubs

.glue_7t        0x10089f40        0x0
 .glue_7t       0x10089f40        0x0 linker stubs

.vfp11_veneer   0x10089f40        0x0
 .vfp11_veneer  0x10089f40        0x0 linker stubs

.v4_bx          0x10089f40        0x0
 .v4_bx         0x10089f40        0x0 linker stubs

.iplt           0x10089f40        0x0
 .iplt          0x10089f40        0x0 c:/program files (x86)/cypress/psoc creator/4.2/psoc creator/import/gnu/arm/5.4.1/bin/../lib/gcc/arm-none-eabi/5.4.1/armv7e-m/softfp/crtbegin.o

i.CyBleStackMgr_Init
                0x10089f40       0xdc
 i.CyBleStackMgr_Init
                0x10089f40       0xdc Generated_Source\PSoC6\pdl\middleware\ble\lib\cy_ble_stack_gcc_host_ipc_cm4.a(CyBleStackMgrIP_Interface.o)
                0x10089f40                CyBleStackMgr_Init

i.CyBleStackMgr_ProcessBleEvents
                0x1008a01c       0x14
 i.CyBleStackMgr_ProcessBleEvents
                0x1008a01c       0x14 Generated_Source\PSoC6\pdl\middleware\ble\lib\cy_ble_stack_gcc_host_ipc_cm4.a(CyBleStackMgrIP_Interface.o)
                0x1008a01c                CyBleStackMgr_ProcessBleEvents

i.CyBleStackMgr_Shutdown
                0x1008a030       0x20
 i.CyBleStackMgr_Shutdown
                0x1008a030       0x20 Generated_Source\PSoC6\pdl\middleware\ble\lib\cy_ble_stack_gcc_host_ipc_cm4.a(CyBleStackMgrIP_Interface.o)
                0x1008a030                CyBleStackMgr_Shutdown

i.CyBle_GetHeapMemory
                0x1008a050       0x3c
 i.CyBle_GetHeapMemory
                0x1008a050       0x3c Generated_Source\PSoC6\pdl\middleware\ble\lib\cy_ble_stack_gcc_host_ipc_cm4.a(CyBleStackMgrIP_Interface.o)
                0x1008a050                CyBle_GetHeapMemory

i.CyBle_GetNumAppBufferPools
                0x1008a08c        0xc
 i.CyBle_GetNumAppBufferPools
                0x1008a08c        0xc Generated_Source\PSoC6\pdl\middleware\ble\lib\cy_ble_stack_gcc_host_ipc_cm4.a(CyBleStackMgrIP_Interface.o)
                0x1008a08c                CyBle_GetNumAppBufferPools

i.CyBle_HostStackBufferPoolInit
                0x1008a098       0xc4
 i.CyBle_HostStackBufferPoolInit
                0x1008a098       0xc4 Generated_Source\PSoC6\pdl\middleware\ble\lib\cy_ble_stack_gcc_host_ipc_cm4.a(CyBleStackMgrIP_Interface.o)

i.CyBle_SortBufers
                0x1008a15c       0x40
 i.CyBle_SortBufers
                0x1008a15c       0x40 Generated_Source\PSoC6\pdl\middleware\ble\lib\cy_ble_stack_gcc_host_ipc_cm4.a(CyBleStackMgrIP_Interface.o)
                0x1008a15c                CyBle_SortBufers

i.CyBle_StackGetConfigPtr
                0x1008a19c        0x8
 i.CyBle_StackGetConfigPtr
                0x1008a19c        0x8 Generated_Source\PSoC6\pdl\middleware\ble\lib\cy_ble_stack_gcc_host_ipc_cm4.a(CyBleStackMgrIP_Interface.o)
                0x1008a19c                CyBle_StackGetConfigPtr

i.Cy_BLE_EnablePrivacyFeature
                0x1008a1a4        0x4
 i.Cy_BLE_EnablePrivacyFeature
                0x1008a1a4        0x4 Generated_Source\PSoC6\pdl\middleware\ble\lib\cy_ble_stack_gcc_host_ipc_cm4.a(CyBleStackMgrIP_Interface.o)
                0x1008a1a4                Cy_BLE_EnablePrivacyFeature

i.Cy_BLE_ProcessEvents
                0x1008a1a8        0x4
 i.Cy_BLE_ProcessEvents
                0x1008a1a8        0x4 Generated_Source\PSoC6\pdl\middleware\ble\lib\cy_ble_stack_gcc_host_ipc_cm4.a(CyBleStackMgrIP_Interface.o)
                0x1008a1a8                Cy_BLE_ProcessEvents

i.Cy_BLE_StackEnterLPM
                0x1008a1ac       0x16
 i.Cy_BLE_StackEnterLPM
                0x1008a1ac       0x16 Generated_Source\PSoC6\pdl\middleware\ble\lib\cy_ble_stack_gcc_host_ipc_cm4.a(CyBleStackMgrIP_Interface.o)
                0x1008a1ac                Cy_BLE_StackEnterLPM

i.Cy_BLE_StackGetBleSsState
                0x1008a1c2        0x4
 i.Cy_BLE_StackGetBleSsState
                0x1008a1c2        0x4 Generated_Source\PSoC6\pdl\middleware\ble\lib\cy_ble_stack_gcc_host_ipc_cm4.a(CyBleStackMgrIP_Interface.o)
                0x1008a1c2                Cy_BLE_StackGetBleSsState

i.Cy_BLE_StackGetFeatureConfig
                0x1008a1c8       0x20
 i.Cy_BLE_StackGetFeatureConfig
                0x1008a1c8       0x20 Generated_Source\PSoC6\pdl\middleware\ble\lib\cy_ble_stack_gcc_host_ipc_cm4.a(CyBleStackMgrIP_Interface.o)
                0x1008a1c8                Cy_BLE_StackGetFeatureConfig

i.Cy_BLE_StackInit
                0x1008a1e8       0x70
 i.Cy_BLE_StackInit
                0x1008a1e8       0x70 Generated_Source\PSoC6\pdl\middleware\ble\lib\cy_ble_stack_gcc_host_ipc_cm4.a(CyBleStackMgrIP_Interface.o)
                0x1008a1e8                Cy_BLE_StackInit

i.Cy_BLE_StackSetFeatureConfig
                0x1008a258       0x54
 i.Cy_BLE_StackSetFeatureConfig
                0x1008a258       0x54 Generated_Source\PSoC6\pdl\middleware\ble\lib\cy_ble_stack_gcc_host_ipc_cm4.a(CyBleStackMgrIP_Interface.o)
                0x1008a258                Cy_BLE_StackSetFeatureConfig

i.ble_stack_idle_task_callback
                0x1008a2ac        0x2
 i.ble_stack_idle_task_callback
                0x1008a2ac        0x2 Generated_Source\PSoC6\pdl\middleware\ble\lib\cy_ble_stack_gcc_host_ipc_cm4.a(CyBleStackMgrIP_Interface.o)
                0x1008a2ac                ble_stack_idle_task_callback

i.BT_OSFreeBuf  0x1008a2b0       0x20
 i.BT_OSFreeBuf
                0x1008a2b0       0x20 Generated_Source\PSoC6\pdl\middleware\ble\lib\cy_ble_stack_gcc_host_ipc_cm4.a(BT_os.o)
                0x1008a2b0                BT_OSFreeBuf

i.BT_OSGetBuF   0x1008a2d0       0x30
 i.BT_OSGetBuF  0x1008a2d0       0x30 Generated_Source\PSoC6\pdl\middleware\ble\lib\cy_ble_stack_gcc_host_ipc_cm4.a(BT_os.o)
                0x1008a2d0                BT_OSGetBuF

i.BT_OSMemCreate
                0x1008a300       0x3c
 i.BT_OSMemCreate
                0x1008a300       0x3c Generated_Source\PSoC6\pdl\middleware\ble\lib\cy_ble_stack_gcc_host_ipc_cm4.a(BT_os.o)
                0x1008a300                BT_OSMemCreate

i.BT_alloc_mem_ext
                0x1008a33c       0x40
 i.BT_alloc_mem_ext
                0x1008a33c       0x40 Generated_Source\PSoC6\pdl\middleware\ble\lib\cy_ble_stack_gcc_host_ipc_cm4.a(BT_os.o)
                0x1008a33c                BT_alloc_mem_ext

i.BT_free_mem   0x1008a37c        0xa
 i.BT_free_mem  0x1008a37c        0xa Generated_Source\PSoC6\pdl\middleware\ble\lib\cy_ble_stack_gcc_host_ipc_cm4.a(BT_os.o)
                0x1008a37c                BT_free_mem

i.bt_stack_create_buffer_pool
                0x1008a388       0x2c
 i.bt_stack_create_buffer_pool
                0x1008a388       0x2c Generated_Source\PSoC6\pdl\middleware\ble\lib\cy_ble_stack_gcc_host_ipc_cm4.a(BT_os.o)
                0x1008a388                bt_stack_create_buffer_pool

i.CyBle_CreateBleStackTask
                0x1008a3b4       0x30
 i.CyBle_CreateBleStackTask
                0x1008a3b4       0x30 Generated_Source\PSoC6\pdl\middleware\ble\lib\cy_ble_stack_gcc_host_ipc_cm4.a(CyBleStackMgr_StackTaskHandler.o)
                0x1008a3b4                CyBle_CreateBleStackTask

i.CyBle_SignalBleStackTask
                0x1008a3e4       0x38
 i.CyBle_SignalBleStackTask