Archive member included to satisfy reference by file (symbol)

Generated_Source\PSoC6\pdl\middleware\ble\lib\cy_ble_stack_gcc_controller_ipc_cm0p.a(CyBleStackMgrIP_Interface.o)
                              .\CortexM0p\ARM_GCC_541\Debug\cy_ble.o (Cy_BLE_EnablePrivacyFeature)
Generated_Source\PSoC6\pdl\middleware\ble\lib\cy_ble_stack_gcc_controller_ipc_cm0p.a(CyBleStackMgr_PSoCHal.o)
                              Generated_Source\PSoC6\pdl\middleware\ble\lib\cy_ble_stack_gcc_controller_ipc_cm0p.a(CyBleStackMgrIP_Interface.o) (bt_config)
Generated_Source\PSoC6\pdl\middleware\ble\lib\cy_ble_stack_gcc_controller_ipc_cm0p.a(CyBleStackMgr_BleSSDriver.o)
                              Generated_Source\PSoC6\pdl\middleware\ble\lib\cy_ble_stack_gcc_controller_ipc_cm0p.a(CyBleStackMgrIP_Interface.o) (CyBleStackMgr_BleSSInit)
Generated_Source\PSoC6\pdl\middleware\ble\lib\cy_ble_stack_gcc_controller_ipc_cm0p.a(CyBleStackMgr_StackTaskHandler.o)
                              Generated_Source\PSoC6\pdl\middleware\ble\lib\cy_ble_stack_gcc_controller_ipc_cm0p.a(CyBleStackMgrIP_Interface.o) (CyBle_CreateBleStackTask)
Generated_Source\PSoC6\pdl\middleware\ble\lib\cy_ble_stack_gcc_controller_ipc_cm0p.a(config_bin.o)
                              Generated_Source\PSoC6\pdl\middleware\ble\lib\cy_ble_stack_gcc_controller_ipc_cm0p.a(CyBleStackMgr_PSoCHal.o) (bt_cfg_pdata)
Generated_Source\PSoC6\pdl\middleware\ble\lib\cy_ble_stack_gcc_controller_ipc_cm0p.a(BT_timer.o)
                              Generated_Source\PSoC6\pdl\middleware\ble\lib\cy_ble_stack_gcc_controller_ipc_cm0p.a(CyBleStackMgr_StackTaskHandler.o) (BT_timer_process_signals)
Generated_Source\PSoC6\pdl\middleware\ble\lib\cy_ble_stack_gcc_controller_ipc_cm0p.a(bt_os_common.o)
                              Generated_Source\PSoC6\pdl\middleware\ble\lib\cy_ble_stack_gcc_controller_ipc_cm0p.a(CyBleStackMgr_StackTaskHandler.o) (BT_ISROSQPost)
Generated_Source\PSoC6\pdl\middleware\ble\lib\cy_ble_stack_gcc_controller_ipc_cm0p.a(CyBleStackMgrIP_Pilo.o)
                              Generated_Source\PSoC6\pdl\middleware\ble\lib\cy_ble_stack_gcc_controller_ipc_cm0p.a(CyBleStackMgrIP_Interface.o) (CyPilo_InitCalibration)
Generated_Source\PSoC6\pdl\middleware\ble\lib\cy_ble_stack_gcc_controller_ipc_cm0p.a(mint_os.o)
                              Generated_Source\PSoC6\pdl\middleware\ble\lib\cy_ble_stack_gcc_controller_ipc_cm0p.a(CyBleStackMgrIP_Interface.o) (OS_init)
Generated_Source\PSoC6\pdl\middleware\ble\lib\cy_ble_stack_gcc_controller_ipc_cm0p.a(mint_os_queue.o)
                              Generated_Source\PSoC6\pdl\middleware\ble\lib\cy_ble_stack_gcc_controller_ipc_cm0p.a(mint_os.o) (OS_TOTAL_QUEUES)
Generated_Source\PSoC6\pdl\middleware\ble\lib\cy_ble_stack_gcc_controller_ipc_cm0p.a(mint_os_task.o)
                              Generated_Source\PSoC6\pdl\middleware\ble\lib\cy_ble_stack_gcc_controller_ipc_cm0p.a(mint_os.o) (idle_func_handler)
Generated_Source\PSoC6\pdl\middleware\ble\lib\cy_ble_stack_gcc_controller_ipc_cm0p.a(mint_buf_mgmt.o)
                              Generated_Source\PSoC6\pdl\middleware\ble\lib\cy_ble_stack_gcc_controller_ipc_cm0p.a(CyBleStackMgrIP_Interface.o) (mint_buf_mgmt_init)
Generated_Source\PSoC6\pdl\middleware\ble\lib\cy_ble_stack_gcc_controller_ipc_cm0p.a(transport_ipc.o)
                              Generated_Source\PSoC6\pdl\middleware\ble\lib\cy_ble_stack_gcc_controller_ipc_cm0p.a(CyBleStackMgr_PSoCHal.o) (CyBleController_HciIpcInit)
Generated_Source\PSoC6\pdl\middleware\ble\lib\cy_ble_stack_gcc_controller_ipc_cm0p.a(CyBleStackMgr_PSoCIPCHal.o)
                              Generated_Source\PSoC6\pdl\middleware\ble\lib\cy_ble_stack_gcc_controller_ipc_cm0p.a(CyBleStackMgrIP_Interface.o) (CyBleController_IPC_HAL_InitWithStaticMem)
Generated_Source\PSoC6\pdl\middleware\ble\lib\cy_ble_stack_gcc_controller_ipc_cm0p.a(CyBleControllerIP_Interface.o)
                              Generated_Source\PSoC6\pdl\middleware\ble\lib\cy_ble_stack_gcc_controller_ipc_cm0p.a(CyBleStackMgrIP_Interface.o) (CyBle_ControllerEnableDleFeature)
Generated_Source\PSoC6\pdl\middleware\ble\lib\cy_ble_stack_gcc_controller_ipc_cm0p.a(ll.o)
                              Generated_Source\PSoC6\pdl\middleware\ble\lib\cy_ble_stack_gcc_controller_ipc_cm0p.a(CyBleControllerIP_Interface.o) (ll_self_device_data)
Generated_Source\PSoC6\pdl\middleware\ble\lib\cy_ble_stack_gcc_controller_ipc_cm0p.a(ll_advertiser.o)
                              Generated_Source\PSoC6\pdl\middleware\ble\lib\cy_ble_stack_gcc_controller_ipc_cm0p.a(ll.o) (ll_adv_is_configured_connection_adv)
Generated_Source\PSoC6\pdl\middleware\ble\lib\cy_ble_stack_gcc_controller_ipc_cm0p.a(ll_connection.o)
                              Generated_Source\PSoC6\pdl\middleware\ble\lib\cy_ble_stack_gcc_controller_ipc_cm0p.a(ll.o) (bleSlDsmFix)
Generated_Source\PSoC6\pdl\middleware\ble\lib\cy_ble_stack_gcc_controller_ipc_cm0p.a(llh_api.o)
[...]
Memory Configuration

Name             Origin             Length             Attributes
ram              0x08000000         0x00024000         xrw
flash            0x10000000         0x00080000         xr
em_eeprom        0x14000000         0x00008000         xr
sflash_user_data 0x16000800         0x00000800         xr
sflash_nar       0x16001a00         0x00000200         xr
sflash_public_key 0x16005a00         0x00000c00         xr
sflash_toc_2     0x16007c00         0x00000200         xr
sflash_rtoc_2    0x16007e00         0x00000200         xr
xip              0x18000000         0x08000000         xr
efuse            0x90700000         0x00100000         r
*default*        0x00000000         0xffffffff

Linker script and memory map

LOAD c:/program files (x86)/cypress/psoc creator/4.2/psoc creator/import/gnu/arm/5.4.1/bin/../lib/gcc/arm-none-eabi/5.4.1/armv6-m/crti.o
LOAD c:/program files (x86)/cypress/psoc creator/4.2/psoc creator/import/gnu/arm/5.4.1/bin/../lib/gcc/arm-none-eabi/5.4.1/armv6-m/crtbegin.o
LOAD c:/program files (x86)/cypress/psoc creator/4.2/psoc creator/import/gnu/arm/5.4.1/bin/../lib/gcc/arm-none-eabi/5.4.1/../../../../arm-none-eabi/lib/armv6-m/crt0.o
START GROUP
LOAD Generated_Source\PSoC6\pdl\middleware\ble\lib\cy_ble_stack_gcc_radio_max_cm0p.a
LOAD Generated_Source\PSoC6\pdl\middleware\ble\lib\cy_ble_stack_gcc_controller_ipc_cm0p.a
LOAD .\CortexM0p\ARM_GCC_541\Debug\startup_psoc63_cm0plus.o
LOAD .\CortexM0p\ARM_GCC_541\Debug\main_cm0p.o
LOAD .\CortexM0p\ARM_GCC_541\Debug\system_psoc63_cm0plus.o
LOAD .\CortexM0p\ARM_GCC_541\Debug\cy_ipc_config.o
LOAD .\CortexM0p\ARM_GCC_541\Debug\stdio_user.o
LOAD .\CortexM0p\ARM_GCC_541\Debug\cyfitter_sysint_cfg.o
LOAD .\CortexM0p\ARM_GCC_541\Debug\cyfitter_cfg.o
LOAD .\CortexM0p\ARM_GCC_541\Debug\cymetadata.o
LOAD .\CortexM0p\ARM_GCC_541\Debug\cy_sysint.o
LOAD .\CortexM0p\ARM_GCC_541\Debug\cy_ipc_drv.o
LOAD .\CortexM0p\ARM_GCC_541\Debug\cy_ipc_sema.o
LOAD .\CortexM0p\ARM_GCC_541\Debug\cy_ipc_pipe.o
LOAD .\CortexM0p\ARM_GCC_541\Debug\cy_sysclk.o
LOAD .\CortexM0p\ARM_GCC_541\Debug\cy_wdt.o
LOAD .\CortexM0p\ARM_GCC_541\Debug\cy_efuse.o
LOAD .\CortexM0p\ARM_GCC_541\Debug\cy_flash.o
LOAD .\CortexM0p\ARM_GCC_541\Debug\cy_gpio.o
LOAD .\CortexM0p\ARM_GCC_541\Debug\cy_sysanalog.o
LOAD .\CortexM0p\ARM_GCC_541\Debug\cy_syspm.o
LOAD .\CortexM0p\ARM_GCC_541\Debug\cy_syslib.o
LOAD .\CortexM0p\ARM_GCC_541\Debug\cy_syslib_gcc.o
LOAD .\CortexM0p\ARM_GCC_541\Debug\cy_trigmux.o
LOAD .\CortexM0p\ARM_GCC_541\Debug\cy_systick.o
LOAD .\CortexM0p\ARM_GCC_541\Debug\cy_profile.o
LOAD .\CortexM0p\ARM_GCC_541\Debug\cy_prot.o
LOAD .\CortexM0p\ARM_GCC_541\Debug\cy_lvd.o
LOAD .\CortexM0p\ARM_GCC_541\Debug\cy_scb_common.o
LOAD .\CortexM0p\ARM_GCC_541\Debug\cy_scb_i2c.o
LOAD .\CortexM0p\ARM_GCC_541\Debug\cy_scb_ezi2c.o
LOAD .\CortexM0p\ARM_GCC_541\Debug\cy_scb_spi.o
LOAD .\CortexM0p\ARM_GCC_541\Debug\cy_scb_uart.o
LOAD .\CortexM0p\ARM_GCC_541\Debug\cy_ble_clk.o
LOAD .\CortexM0p\ARM_GCC_541\Debug\cy_ble.o
LOAD .\CortexM0p\ARM_GCC_541\Debug\cy_ble_hal_int.o
LOAD .\CortexM0p\ARM_GCC_541\Debug\cy_ble_hal_pvt.o
LOAD .\CortexM0p\ARM_GCC_541\Debug\cy_ble_gap.o
LOAD .\CortexM0p\ARM_GCC_541\Debug\cy_ble_gatt.o
LOAD .\CortexM0p\ARM_GCC_541\Debug\cy_ble_event_handler.o
LOAD .\CortexM0p\ARM_GCC_541\Debug\cy_ble_ancs.o
LOAD .\CortexM0p\ARM_GCC_541\Debug\cy_ble_ans.o
LOAD .\CortexM0p\ARM_GCC_541\Debug\cy_ble_aios.o
LOAD .\CortexM0p\ARM_GCC_541\Debug\cy_ble_bas.o
LOAD .\CortexM0p\ARM_GCC_541\Debug\cy_ble_bcs.o
LOAD .\CortexM0p\ARM_GCC_541\Debug\cy_ble_bls.o
LOAD .\CortexM0p\ARM_GCC_541\Debug\cy_ble_bms.o
LOAD .\CortexM0p\ARM_GCC_541\Debug\cy_ble_bts.o
LOAD .\CortexM0p\ARM_GCC_541\Debug\cy_ble_cgms.o
LOAD .\CortexM0p\ARM_GCC_541\Debug\cy_ble_cps.o
LOAD .\CortexM0p\ARM_GCC_541\Debug\cy_ble_cscs.o
LOAD .\CortexM0p\ARM_GCC_541\Debug\cy_ble_cts.o
LOAD .\CortexM0p\ARM_GCC_541\Debug\cy_ble_custom.o
LOAD .\CortexM0p\ARM_GCC_541\Debug\cy_ble_dis.o
LOAD .\CortexM0p\ARM_GCC_541\Debug\cy_ble_ess.o
LOAD .\CortexM0p\ARM_GCC_541\Debug\cy_ble_gls.o
LOAD .\CortexM0p\ARM_GCC_541\Debug\cy_ble_hids.o
LOAD .\CortexM0p\ARM_GCC_541\Debug\cy_ble_hps.o
LOAD .\CortexM0p\ARM_GCC_541\Debug\cy_ble_hrs.o
LOAD .\CortexM0p\ARM_GCC_541\Debug\cy_ble_hts.o
LOAD .\CortexM0p\ARM_GCC_541\Debug\cy_ble_ias.o
LOAD .\CortexM0p\ARM_GCC_541\Debug\cy_ble_ips.o
LOAD .\CortexM0p\ARM_GCC_541\Debug\cy_ble_lls.o
LOAD .\CortexM0p\ARM_GCC_541\Debug\cy_ble_lns.o
LOAD .\CortexM0p\ARM_GCC_541\Debug\cy_ble_ndcs.o
LOAD .\CortexM0p\ARM_GCC_541\Debug\cy_ble_plxs.o
LOAD .\CortexM0p\ARM_GCC_541\Debug\cy_ble_pass.o
LOAD .\CortexM0p\ARM_GCC_541\Debug\cy_ble_rscs.o
LOAD .\CortexM0p\ARM_GCC_541\Debug\cy_ble_rtus.o
LOAD .\CortexM0p\ARM_GCC_541\Debug\cy_ble_scps.o
LOAD .\CortexM0p\ARM_GCC_541\Debug\cy_ble_tps.o
LOAD .\CortexM0p\ARM_GCC_541\Debug\cy_ble_uds.o
LOAD .\CortexM0p\ARM_GCC_541\Debug\cy_ble_wpts.o
LOAD .\CortexM0p\ARM_GCC_541\Debug\cy_ble_wss.o
LOAD .\CortexM0p\ARM_GCC_541\Debug\retarget.o
LOAD .\CortexM0p\ARM_GCC_541\Debug\BLE.o
LOAD .\CortexM0p\ARM_GCC_541\Debug\BLE_config.o
LOAD .\CortexM0p\ARM_GCC_541\Debug\BLE_ias_config.o
LOAD .\CortexM0p\ARM_GCC_541\Debug\UART_1.o
END GROUP
START GROUP
LOAD c:/program files (x86)/cypress/psoc creator/4.2/psoc creator/import/gnu/arm/5.4.1/bin/../lib/gcc/arm-none-eabi/5.4.1/armv6-m\libgcc.a
LOAD c:/program files (x86)/cypress/psoc creator/4.2/psoc creator/import/gnu/arm/5.4.1/bin/../lib/gcc/arm-none-eabi/5.4.1/../../../../arm-none-eabi/lib/armv6-m\libg_nano.a
LOAD c:/program files (x86)/cypress/psoc creator/4.2/psoc creator/import/gnu/arm/5.4.1/bin/../lib/gcc/arm-none-eabi/5.4.1/../../../../arm-none-eabi/lib/armv6-m\libc_nano.a
END GROUP
START GROUP
LOAD c:/program files (x86)/cypress/psoc creator/4.2/psoc creator/import/gnu/arm/5.4.1/bin/../lib/gcc/arm-none-eabi/5.4.1/armv6-m\libgcc.a
LOAD c:/program files (x86)/cypress/psoc creator/4.2/psoc creator/import/gnu/arm/5.4.1/bin/../lib/gcc/arm-none-eabi/5.4.1/../../../../arm-none-eabi/lib/armv6-m\libc_nano.a
END GROUP
LOAD c:/program files (x86)/cypress/psoc creator/4.2/psoc creator/import/gnu/arm/5.4.1/bin/../lib/gcc/arm-none-eabi/5.4.1/armv6-m/crtend.o
LOAD c:/program files (x86)/cypress/psoc creator/4.2/psoc creator/import/gnu/arm/5.4.1/bin/../lib/gcc/arm-none-eabi/5.4.1/armv6-m/crtn.o
START GROUP
LOAD c:/program files (x86)/cypress/psoc creator/4.2/psoc creator/import/gnu/arm/5.4.1/bin/../lib/gcc/arm-none-eabi/5.4.1/armv6-m\libgcc.a
LOAD c:/program files (x86)/cypress/psoc creator/4.2/psoc creator/import/gnu/arm/5.4.1/bin/../lib/gcc/arm-none-eabi/5.4.1/../../../../arm-none-eabi/lib/armv6-m\libc.a
LOAD c:/program files (x86)/cypress/psoc creator/4.2/psoc creator/import/gnu/arm/5.4.1/bin/../lib/gcc/arm-none-eabi/5.4.1/../../../../arm-none-eabi/lib/armv6-m\libnosys.a
END GROUP
START GROUP
LOAD c:/program files (x86)/cypress/psoc creator/4.2/psoc creator/import/gnu/arm/5.4.1/bin/../lib/gcc/arm-none-eabi/5.4.1/armv6-m\libgcc.a
LOAD c:/program files (x86)/cypress/psoc creator/4.2/psoc creator/import/gnu/arm/5.4.1/bin/../lib/gcc/arm-none-eabi/5.4.1/../../../../arm-none-eabi/lib/armv6-m\libc.a
LOAD c:/program files (x86)/cypress/psoc creator/4.2/psoc creator/import/gnu/arm/5.4.1/bin/../lib/gcc/arm-none-eabi/5.4.1/../../../../arm-none-eabi/lib/armv6-m\libm.a
LOAD c:/program files (x86)/cypress/psoc creator/4.2/psoc creator/import/gnu/arm/5.4.1/bin/../lib/gcc/arm-none-eabi/5.4.1/../../../../arm-none-eabi/lib/armv6-m\libnosys.a
END GROUP

.cy_app_header
 *(.cy_app_header)

.text           0x10000000     0x5924
                0x10000000                . = ALIGN (0x4)
                0x10000000                __Vectors = .
 *(.vectors)
 .vectors       0x10000000       0xc0 .\CortexM0p\ARM_GCC_541\Debug\startup_psoc63_cm0plus.o
                0x100000c0                . = ALIGN (0x4)
                0x100000c0                __Vectors_End = .
                0x000000c0                __Vectors_Size = (__Vectors_End - __Vectors)
                0x100000c0                __end__ = .
                0x100000c0                . = ALIGN (0x4)
 *(.text*)
 .text          0x100000c0       0x60 c:/program files (x86)/cypress/psoc creator/4.2/psoc creator/import/gnu/arm/5.4.1/bin/../lib/gcc/arm-none-eabi/5.4.1/armv6-m/crtbegin.o
 .text          0x10000120       0x90 .\CortexM0p\ARM_GCC_541\Debug\startup_psoc63_cm0plus.o
                0x10000120                Cy_OnResetUser
                0x10000122                Cy_SaveIRQ
                0x1000012a                Cy_RestoreIRQ
                0x10000130                Reset_Handler
                0x10000190                SysTick_Handler
                0x10000190                PendSV_Handler
                0x10000190                NMI_Handler
                0x10000190                NvicMux19_IRQHandler
                0x10000190                NvicMux8_IRQHandler
                0x10000190                NvicMux27_IRQHandler
                0x10000190                NvicMux10_IRQHandler
                0x10000190                NvicMux17_IRQHandler
                0x10000190                NvicMux0_IRQHandler
                0x10000190                NvicMux25_IRQHandler
                0x10000190                NvicMux13_IRQHandler
                0x10000190                NvicMux11_IRQHandler
                0x10000190                NvicMux9_IRQHandler
                0x10000190                NvicMux21_IRQHandler
                0x10000190                NvicMux6_IRQHandler
                0x10000190                NvicMux22_IRQHandler
                0x10000190                NvicMux7_IRQHandler
                0x10000190                NvicMux26_IRQHandler
                0x10000190                NvicMux4_IRQHandler
                0x10000190                Default_Handler
                0x10000190                NvicMux30_IRQHandler
                0x10000190                NvicMux12_IRQHandler
                0x10000190                NvicMux5_IRQHandler
                0x10000190                NvicMux14_IRQHandler
                0x10000190                NvicMux3_IRQHandler
                0x10000190                SVC_Handler
                0x10000190                NvicMux16_IRQHandler
                0x10000190                NvicMux29_IRQHandler
                0x10000190                NvicMux31_IRQHandler
                0x10000190                NvicMux18_IRQHandler
                0x10000190                NvicMux24_IRQHandler
                0x10000190                NvicMux20_IRQHandler
                0x10000190                NvicMux2_IRQHandler
                0x10000190                NvicMux15_IRQHandler
                0x10000190                NvicMux28_IRQHandler
                0x10000190                NvicMux23_IRQHandler
                0x10000194                HardFault_Handler
 .text.main     0x100001b0       0x1c .\CortexM0p\ARM_GCC_541\Debug\main_cm0p.o
                0x100001b0                main
 .text.SystemCoreClockUpdate
                0x100001cc      0x1b0 .\CortexM0p\ARM_GCC_541\Debug\system_psoc63_cm0plus.o
                0x100001cc                SystemCoreClockUpdate
 .text.SystemInit
                0x1000037c       0xa4 .\CortexM0p\ARM_GCC_541\Debug\system_psoc63_cm0plus.o
                0x1000037c                SystemInit
 .text.Cy_SysGetCM4Status
                0x10000420       0x10 .\CortexM0p\ARM_GCC_541\Debug\system_psoc63_cm0plus.o
                0x10000420                Cy_SysGetCM4Status
 .text.Cy_SysResetCM4
                0x10000430       0x34 .\CortexM0p\ARM_GCC_541\Debug\system_psoc63_cm0plus.o
                0x10000430                Cy_SysResetCM4
 .text.Cy_SysEnableCM4
                0x10000464       0x4c .\CortexM0p\ARM_GCC_541\Debug\system_psoc63_cm0plus.o
                0x10000464                Cy_SysEnableCM4
 .text.NvicMux1_IRQHandler
                0x100004b0       0x10 .\CortexM0p\ARM_GCC_541\Debug\cy_ipc_config.o
                0x100004b0                NvicMux1_IRQHandler
 .text.Cy_IPC_SystemSemaInit
                0x100004c0       0x14 .\CortexM0p\ARM_GCC_541\Debug\cy_ipc_config.o
                0x100004c0                Cy_IPC_SystemSemaInit
 .text.Cy_IPC_SystemPipeInit
                0x100004d4       0x24 .\CortexM0p\ARM_GCC_541\Debug\cy_ipc_config.o
                0x100004d4                Cy_IPC_SystemPipeInit
 .text.CyClockStartupError
                0x100004f8        0x4 .\CortexM0p\ARM_GCC_541\Debug\cyfitter_cfg.o
 .text.AnalogSetDefault
                0x100004fc       0x10 .\CortexM0p\ARM_GCC_541\Debug\cyfitter_cfg.o
 .text.ClockInit
                0x1000050c      0x1cc .\CortexM0p\ARM_GCC_541\Debug\cyfitter_cfg.o
 .text.Cy_SystemInit
                0x100006d8      0x148 .\CortexM0p\ARM_GCC_541\Debug\cyfitter_cfg.o
                0x100006d8                Cy_SystemInit
 .text.Cy_SysInt_SetIntSource
                0x10000820       0x88 .\CortexM0p\ARM_GCC_541\Debug\cy_sysint.o
                0x10000820                Cy_SysInt_SetIntSource
 .text.Cy_SysInt_GetIntSource
                0x100008a8       0x78 .\CortexM0p\ARM_GCC_541\Debug\cy_sysint.o
                0x100008a8                Cy_SysInt_GetIntSource
 .text.Cy_SysInt_SetVector
                0x10000920       0x44 .\CortexM0p\ARM_GCC_541\Debug\cy_sysint.o
                0x10000920                Cy_SysInt_SetVector
 .text.Cy_SysInt_Init
                0x10000964       0xcc .\CortexM0p\ARM_GCC_541\Debug\cy_sysint.o
                0x10000964                Cy_SysInt_Init
 .text.Cy_IPC_Drv_LockRelease
                0x10000a30       0x34 .\CortexM0p\ARM_GCC_541\Debug\cy_ipc_drv.o
                0x10000a30                Cy_IPC_Drv_LockRelease
 .text.Cy_IPC_Drv_SendMsgWord
                0x10000a64       0x40 .\CortexM0p\ARM_GCC_541\Debug\cy_ipc_drv.o
                0x10000a64                Cy_IPC_Drv_SendMsgWord
 .text.Cy_IPC_Drv_ReadMsgWord
                0x10000aa4       0x2c .\CortexM0p\ARM_GCC_541\Debug\cy_ipc_drv.o
                0x10000aa4                Cy_IPC_Drv_ReadMsgWord
 .text.Cy_IPC_Sema_Init
                0x10000ad0       0xb8 .\CortexM0p\ARM_GCC_541\Debug\cy_ipc_sema.o
                0x10000ad0                Cy_IPC_Sema_Init
 .text.Cy_IPC_Sema_Set
                0x10000b88       0x8c .\CortexM0p\ARM_GCC_541\Debug\cy_ipc_sema.o
                0x10000b88                Cy_IPC_Sema_Set
 .text.Cy_IPC_Sema_Clear
                0x10000c14       0x8c .\CortexM0p\ARM_GCC_541\Debug\cy_ipc_sema.o
                0x10000c14                Cy_IPC_Sema_Clear
 .text.Cy_IPC_Sema_Status
                0x10000ca0       0x3c .\CortexM0p\ARM_GCC_541\Debug\cy_ipc_sema.o
                0x10000ca0                Cy_IPC_Sema_Status
 .text.Cy_IPC_Pipe_Config
                0x10000cdc       0x14 .\CortexM0p\ARM_GCC_541\Debug\cy_ipc_pipe.o
                0x10000cdc                Cy_IPC_Pipe_Config
 .text.Cy_IPC_Pipe_EndpointInit
                0x10000cf0       0xc0 .\CortexM0p\ARM_GCC_541\Debug\cy_ipc_pipe.o
                0x10000cf0                Cy_IPC_Pipe_EndpointInit
 .text.Cy_IPC_Pipe_Init
                0x10000db0       0xcc .\CortexM0p\ARM_GCC_541\Debug\cy_ipc_pipe.o
                0x10000db0                Cy_IPC_Pipe_Init
 .text.Cy_IPC_Pipe_SendMessage
                0x10000e7c       0xc0 .\CortexM0p\ARM_GCC_541\Debug\cy_ipc_pipe.o
                0x10000e7c                Cy_IPC_Pipe_SendMessage
 .text.Cy_IPC_Pipe_RegisterCallback
                0x10000f3c       0x40 .\CortexM0p\ARM_GCC_541\Debug\cy_ipc_pipe.o
                0x10000f3c                Cy_IPC_Pipe_RegisterCallback
 .text.Cy_IPC_Pipe_RegisterCallbackRel
                0x10000f7c       0x2c .\CortexM0p\ARM_GCC_541\Debug\cy_ipc_pipe.o
                0x10000f7c                Cy_IPC_Pipe_RegisterCallbackRel
 .text.Cy_IPC_Pipe_ExecCallback
                0x10000fa8       0xc4 .\CortexM0p\ARM_GCC_541\Debug\cy_ipc_pipe.o
                0x10000fa8                Cy_IPC_Pipe_ExecCallback
 .text.Cy_IPC_Pipe_EndpointPause
                0x1000106c       0x4c .\CortexM0p\ARM_GCC_541\Debug\cy_ipc_pipe.o
                0x1000106c                Cy_IPC_Pipe_EndpointPause
 .text.Cy_IPC_Pipe_EndpointResume
                0x100010b8       0x44 .\CortexM0p\ARM_GCC_541\Debug\cy_ipc_pipe.o
                0x100010b8                Cy_IPC_Pipe_EndpointResume
 .text.Cy_SysClk_ClkPathSetSource
                0x100010fc       0x50 .\CortexM0p\ARM_GCC_541\Debug\cy_sysclk.o
                0x100010fc                Cy_SysClk_ClkPathSetSource
 .text.Cy_SysClk_ClkPathGetSource
                0x1000114c       0x40 .\CortexM0p\ARM_GCC_541\Debug\cy_sysclk.o
                0x1000114c                Cy_SysClk_ClkPathGetSource
 .text.Cy_SysClk_FllManualConfigure
                0x1000118c      0x174 .\CortexM0p\ARM_GCC_541\Debug\cy_sysclk.o
                0x1000118c                Cy_SysClk_FllManualConfigure
 .text.Cy_SysClk_FllEnable
                0x10001300       0xcc .\CortexM0p\ARM_GCC_541\Debug\cy_sysclk.o
                0x10001300                Cy_SysClk_FllEnable
 .text.Cy_SysClk_StartClkMeasurementCounters
                0x100013cc      0x1a8 .\CortexM0p\ARM_GCC_541\Debug\cy_sysclk.o
                0x100013cc                Cy_SysClk_StartClkMeasurementCounters
 .text.Cy_SysClk_ClkMeasurementCountersGetFreq
                0x10001574       0x88 .\CortexM0p\ARM_GCC_541\Debug\cy_sysclk.o
                0x10001574                Cy_SysClk_ClkMeasurementCountersGetFreq
 .text.Cy_SysClk_PiloTrim
                0x100015fc       0x88 .\CortexM0p\ARM_GCC_541\Debug\cy_sysclk.o
                0x100015fc                Cy_SysClk_PiloTrim
 .text.Cy_Flash_GetRowNum
                0x10001684       0x4c .\CortexM0p\ARM_GCC_541\Debug\cy_flash.o
 .text.Cy_Flash_BoundsCheck
                0x100016d0       0x1c .\CortexM0p\ARM_GCC_541\Debug\cy_flash.o
 .text.Cy_Flash_ProcessOpcode
                0x100016ec       0xbc .\CortexM0p\ARM_GCC_541\Debug\cy_flash.o
 .text.Cy_Flash_OperationStatus
                0x100017a8       0x4c .\CortexM0p\ARM_GCC_541\Debug\cy_flash.o
 .text.Cy_Flash_Init
                0x100017f4       0x14 .\CortexM0p\ARM_GCC_541\Debug\cy_flash.o
                0x100017f4                Cy_Flash_Init
 .text.Cy_Flash_IsOperationComplete
                0x10001808        0x8 .\CortexM0p\ARM_GCC_541\Debug\cy_flash.o
                0x10001808                Cy_Flash_IsOperationComplete
 .text.Cy_Flash_StartErase
                0x10001810       0x74 .\CortexM0p\ARM_GCC_541\Debug\cy_flash.o
                0x10001810                Cy_Flash_StartErase
 .text.Cy_Flash_StartProgram
                0x10001884       0x80 .\CortexM0p\ARM_GCC_541\Debug\cy_flash.o
                0x10001884                Cy_Flash_StartProgram
 .text.Cy_GPIO_Pin_Init
                0x10001904      0x2d4 .\CortexM0p\ARM_GCC_541\Debug\cy_gpio.o
                0x10001904                Cy_GPIO_Pin_Init
 .text.Cy_GPIO_Port_Init
                0x10001bd8       0xb4 .\CortexM0p\ARM_GCC_541\Debug\cy_gpio.o
                0x10001bd8                Cy_GPIO_Port_Init
 .text.SetVoltageBitForFlash
                0x10001c8c       0x14 .\CortexM0p\ARM_GCC_541\Debug\cy_syspm.o
 .text.ClearVoltageBitForFlash
                0x10001ca0       0x14 .\CortexM0p\ARM_GCC_541\Debug\cy_syspm.o
 .text.SetReadMarginTrimUlp
                0x10001cb4       0x28 .\CortexM0p\ARM_GCC_541\Debug\cy_syspm.o
 .text.SetReadMarginTrimLp
                0x10001cdc       0x28 .\CortexM0p\ARM_GCC_541\Debug\cy_syspm.o
 .text.SetWriteAssistTrimUlp
                0x10001d04       0x20 .\CortexM0p\ARM_GCC_541\Debug\cy_syspm.o
 .text.SetWriteAssistTrimLp
                0x10001d24       0x20 .\CortexM0p\ARM_GCC_541\Debug\cy_syspm.o
 .text.Cy_SysPm_BuckSetVoltage1
                0x10001d44       0x98 .\CortexM0p\ARM_GCC_541\Debug\cy_syspm.o
                0x10001d44                Cy_SysPm_BuckSetVoltage1
 .text.Cy_SysPm_BuckIsOutputEnabled
                0x10001ddc       0x4c .\CortexM0p\ARM_GCC_541\Debug\cy_syspm.o
                0x10001ddc                Cy_SysPm_BuckIsOutputEnabled
 .text.Cy_SysPm_BuckSetVoltage2
                0x10001e28       0x4c .\CortexM0p\ARM_GCC_541\Debug\cy_syspm.o
                0x10001e28                Cy_SysPm_BuckSetVoltage2
 .text.Cy_SysPm_LdoSetVoltage
                0x10001e74       0xc8 .\CortexM0p\ARM_GCC_541\Debug\cy_syspm.o
                0x10001e74                Cy_SysPm_LdoSetVoltage
 .text.Cy_SysPm_RegisterCallback
                0x10001f3c       0x7c .\CortexM0p\ARM_GCC_541\Debug\cy_syspm.o
                0x10001f3c                Cy_SysPm_RegisterCallback
 .text.Cy_SysPm_ExecuteCallback
                0x10001fb8       0xc8 .\CortexM0p\ARM_GCC_541\Debug\cy_syspm.o
                0x10001fb8                Cy_SysPm_ExecuteCallback
 .text.Cy_SysPm_Sleep
                0x10002080       0x8c .\CortexM0p\ARM_GCC_541\Debug\cy_syspm.o
                0x10002080                Cy_SysPm_Sleep
 .text.Cy_SysPm_IoUnfreeze
                0x1000210c       0x2c .\CortexM0p\ARM_GCC_541\Debug\cy_syspm.o
                0x1000210c                Cy_SysPm_IoUnfreeze
 .text.Cy_SysLib_DelayUs
                0x10002138       0x14 .\CortexM0p\ARM_GCC_541\Debug\cy_syslib.o
                0x10002138                Cy_SysLib_DelayUs
 .text.Cy_SysLib_Halt
                0x1000214c        0x4 .\CortexM0p\ARM_GCC_541\Debug\cy_syslib.o
                0x1000214c                Cy_SysLib_Halt
 .text.Cy_SysLib_AssertFailed
                0x10002150       0x1c .\CortexM0p\ARM_GCC_541\Debug\cy_syslib.o
                0x10002150                Cy_SysLib_AssertFailed
 .text.Cy_SysLib_ClearFlashCacheAndBuffer
                0x1000216c        0xc .\CortexM0p\ARM_GCC_541\Debug\cy_syslib.o
                0x1000216c                Cy_SysLib_ClearFlashCacheAndBuffer
 .text.Cy_SysLib_ResetBackupDomain
                0x10002178       0x20 .\CortexM0p\ARM_GCC_541\Debug\cy_syslib.o
                0x10002178                Cy_SysLib_ResetBackupDomain
 .text.Cy_SysLib_GetResetReason
                0x10002198       0x1c .\CortexM0p\ARM_GCC_541\Debug\cy_syslib.o
                0x10002198                Cy_SysLib_GetResetReason
 .text.Cy_SysLib_ProcessingFault
                0x100021b4        0x4 .\CortexM0p\ARM_GCC_541\Debug\cy_syslib.o
                0x100021b4                Cy_SysLib_ProcessingFault
 .text.Cy_SysLib_FaultHandler
                0x100021b8       0x30 .\CortexM0p\ARM_GCC_541\Debug\cy_syslib.o
                0x100021b8                Cy_SysLib_FaultHandler
 .text.Cy_SysLib_SetWaitStates
                0x100021e8       0x90 .\CortexM0p\ARM_GCC_541\Debug\cy_syslib.o
                0x100021e8                Cy_SysLib_SetWaitStates
 .text          0x10002278       0x20 .\CortexM0p\ARM_GCC_541\Debug\cy_syslib_gcc.o
                0x10002278                Cy_SysLib_DelayCycles
                0x1000228a                Cy_SysLib_EnterCriticalSection
                0x10002292                Cy_SysLib_ExitCriticalSection
 .text.Cy_SysTick_SetClockSource
                0x10002298       0x34 .\CortexM0p\ARM_GCC_541\Debug\cy_systick.o
                0x10002298                Cy_SysTick_SetClockSource
 .text.Cy_BLE_HalRcbRegRead
                0x100022cc       0x50 .\CortexM0p\ARM_GCC_541\Debug\cy_ble_clk.o
 .text.Cy_BLE_HalRcbRegWrite
                0x1000231c       0x4c .\CortexM0p\ARM_GCC_541\Debug\cy_ble_clk.o
 .text.Cy_BLE_HalMxdRadioEnableClocks
                0x10002368      0x21c .\CortexM0p\ARM_GCC_541\Debug\cy_ble_clk.o
 .text.Cy_BLE_HalEcoSetTrim
                0x10002584       0x38 .\CortexM0p\ARM_GCC_541\Debug\cy_ble_clk.o
 .text.Cy_BLE_HAL_IsEcoCpuClockSrc
                0x100025bc       0x20 .\CortexM0p\ARM_GCC_541\Debug\cy_ble_clk.o
                0x100025bc                Cy_BLE_HAL_IsEcoCpuClockSrc
 .text.Cy_BLE_HAL_IsWcoLfclkSrc
                0x100025dc       0x24 .\CortexM0p\ARM_GCC_541\Debug\cy_ble_clk.o
                0x100025dc                Cy_BLE_HAL_IsWcoLfclkSrc
 .text.Cy_BLE_HAL_Init
                0x10002600       0x90 .\CortexM0p\ARM_GCC_541\Debug\cy_ble_clk.o
                0x10002600                Cy_BLE_HAL_Init
 .text.Cy_BLE_EcoStop
                0x10002690       0x18 .\CortexM0p\ARM_GCC_541\Debug\cy_ble_clk.o
                0x10002690                Cy_BLE_EcoStop
 .text.Cy_BLE_EcoStart
                0x100026a8      0x20c .\CortexM0p\ARM_GCC_541\Debug\cy_ble_clk.o
                0x100026a8                Cy_BLE_EcoStart
 .text.Cy_BLE_HAL_EcoGetFrequency
                0x100028b4        0xc .\CortexM0p\ARM_GCC_541\Debug\cy_ble_clk.o
                0x100028b4                Cy_BLE_HAL_EcoGetFrequency
 .text.Cy_BLE_DeepSleepCallback
                0x100028c0       0xb4 .\CortexM0p\ARM_GCC_541\Debug\cy_ble.o
                0x100028c0                Cy_BLE_DeepSleepCallback
 .text.Cy_BLE_Init
                0x10002974       0x20 .\CortexM0p\ARM_GCC_541\Debug\cy_ble.o
                0x10002974                Cy_BLE_Init
 .text.Cy_BLE_Enable
                0x10002994       0x68 .\CortexM0p\ARM_GCC_541\Debug\cy_ble.o
                0x10002994                Cy_BLE_Enable
 .text.Cy_BLE_ConfigureExtPA
                0x100029fc       0x10 .\CortexM0p\ARM_GCC_541\Debug\cy_ble.o
                0x100029fc                Cy_BLE_ConfigureExtPA
 .text.Cy_BLE_BlessInterrupt
                0x10002a0c        0x8 .\CortexM0p\ARM_GCC_541\Debug\cy_ble_hal_int.o
                0x10002a0c                Cy_BLE_BlessInterrupt
 .text.Cy_BLE_IPC_CtrlMsgFlushRecvCallBack
                0x10002a14       0x10 .\CortexM0p\ARM_GCC_541\Debug\cy_ble_hal_pvt.o
 .text.Cy_BLE_HAL_RadioCalibrationRead
                0x10002a24       0x2c .\CortexM0p\ARM_GCC_541\Debug\cy_ble_hal_pvt.o
                0x10002a24                Cy_BLE_HAL_RadioCalibrationRead
 .text.Cy_BLE_HAL_NvramWrite
                0x10002a50      0x2a0 .\CortexM0p\ARM_GCC_541\Debug\cy_ble_hal_pvt.o
                0x10002a50                Cy_BLE_HAL_NvramWrite
 .text.Cy_BLE_HAL_RadioCalibrationWrite
                0x10002cf0       0x28 .\CortexM0p\ARM_GCC_541\Debug\cy_ble_hal_pvt.o
                0x10002cf0                Cy_BLE_HAL_RadioCalibrationWrite
 .text.Cy_BLE_HAL_GetIcPackageType
                0x10002d18        0x4 .\CortexM0p\ARM_GCC_541\Debug\cy_ble_hal_pvt.o
                0x10002d18                Cy_BLE_HAL_GetIcPackageType
 .text.Cy_BLE_HAL_IsDefinedTx5dbm
                0x10002d1c        0x4 .\CortexM0p\ARM_GCC_541\Debug\cy_ble_hal_pvt.o
                0x10002d1c                Cy_BLE_HAL_IsDefinedTx5dbm
 .text.Cy_BLE_HAL_DelayUs
                0x10002d20        0x8 .\CortexM0p\ARM_GCC_541\Debug\cy_ble_hal_pvt.o
                0x10002d20                Cy_BLE_HAL_DelayUs
 .text.Cy_BLE_HAL_LfClkGetSource
                0x10002d28       0x14 .\CortexM0p\ARM_GCC_541\Debug\cy_ble_hal_pvt.o
                0x10002d28                Cy_BLE_HAL_LfClkGetSource
 .text.Cy_BLE_HAL_ClkMeasurementCountersDone
                0x10002d3c       0x14 .\CortexM0p\ARM_GCC_541\Debug\cy_ble_hal_pvt.o
                0x10002d3c                Cy_BLE_HAL_ClkMeasurementCountersDone
 .text.Cy_BLE_HAL_ClkMeasurementCountersGetFreq
                0x10002d50        0x8 .\CortexM0p\ARM_GCC_541\Debug\cy_ble_hal_pvt.o
                0x10002d50                Cy_BLE_HAL_ClkMeasurementCountersGetFreq
 .text.Cy_BLE_HAL_StartClkMeasurementCounters
                0x10002d58        0x8 .\CortexM0p\ARM_GCC_541\Debug\cy_ble_hal_pvt.o
                0x10002d58                Cy_BLE_HAL_StartClkMeasurementCounters
 .text.Cy_BLE_HAL_PiloTrim
                0x10002d60        0x8 .\CortexM0p\ARM_GCC_541\Debug\cy_ble_hal_pvt.o
                0x10002d60                Cy_BLE_HAL_PiloTrim
 .text.Cy_BLE_HAL_BlessStart
                0x10002d68       0x40 .\CortexM0p\ARM_GCC_541\Debug\cy_ble_hal_pvt.o
                0x10002d68                Cy_BLE_HAL_BlessStart
 .text.Cy_BLE_HAL_GetIpBlockVersion
                0x10002da8        0x4 .\CortexM0p\ARM_GCC_541\Debug\cy_ble_hal_pvt.o
                0x10002da8                Cy_BLE_HAL_GetIpBlockVersion
 .text.Cy_BLE_HAL_EnterCriticalSection
                0x10002dac        0x8 .\CortexM0p\ARM_GCC_541\Debug\cy_ble_hal_pvt.o
                0x10002dac                Cy_BLE_HAL_EnterCriticalSection
 .text.Cy_BLE_HAL_ExitCriticalSection
                0x10002db4        0x8 .\CortexM0p\ARM_GCC_541\Debug\cy_ble_hal_pvt.o
                0x10002db4                Cy_BLE_HAL_ExitCriticalSection
 .text.Cy_BLE_HAL_SysPmSleep
                0x10002dbc        0x8 .\CortexM0p\ARM_GCC_541\Debug\cy_ble_hal_pvt.o
                0x10002dbc                Cy_BLE_HAL_SysPmSleep
 .text.Cy_BLE_HAL_SimoBuckSetVoltage2
                0x10002dc4        0xc .\CortexM0p\ARM_GCC_541\Debug\cy_ble_hal_pvt.o
                0x10002dc4                Cy_BLE_HAL_SimoBuckSetVoltage2
 .text.Cy_BLE_Ipc_Cypipe_Isr_Enable
                0x10002dd0        0xc .\CortexM0p\ARM_GCC_541\Debug\cy_ble_hal_pvt.o
                0x10002dd0                Cy_BLE_Ipc_Cypipe_Isr_Enable
 .text.Cy_BLE_HAL_EnableGlobalInterrupts
                0x10002ddc       0x2c .\CortexM0p\ARM_GCC_541\Debug\cy_ble_hal_pvt.o
                0x10002ddc                Cy_BLE_HAL_EnableGlobalInterrupts
 .text.Cy_BLE_Ipc_Cypipe_Isr_Disable
                0x10002e08        0xc .\CortexM0p\ARM_GCC_541\Debug\cy_ble_hal_pvt.o
                0x10002e08                Cy_BLE_Ipc_Cypipe_Isr_Disable
 .text.Cy_BLE_HAL_DisableGlobalInterrupts
                0x10002e14       0x34 .\CortexM0p\ARM_GCC_541\Debug\cy_ble_hal_pvt.o
                0x10002e14                Cy_BLE_HAL_DisableGlobalInterrupts
 .text.Cy_BLE_IPC_ControllerRegisterClientCallbacks
                0x10002e48       0x28 .\CortexM0p\ARM_GCC_541\Debug\cy_ble_hal_pvt.o
                0x10002e48                Cy_BLE_IPC_ControllerRegisterClientCallbacks
 .text.Cy_BLE_IPC_SendMessageToHost
                0x10002e70       0x20 .\CortexM0p\ARM_GCC_541\Debug\cy_ble_hal_pvt.o
                0x10002e70                Cy_BLE_IPC_SendMessageToHost
 .text.Cy_BLE_Start
                0x10002e90       0x20 .\CortexM0p\ARM_GCC_541\Debug\BLE.o
                0x10002e90                Cy_BLE_Start
 .text          0x10002eb0      0x114 c:/program files (x86)/cypress/psoc creator/4.2/psoc creator/import/gnu/arm/5.4.1/bin/../lib/gcc/arm-none-eabi/5.4.1/armv6-m\libgcc.a(_udivsi3.o)
                0x10002eb0                __aeabi_uidiv
                0x10002eb0                __udivsi3
                0x10002fbc                __aeabi_uidivmod
 .text          0x10002fc4      0x1d4 c:/program files (x86)/cypress/psoc creator/4.2/psoc creator/import/gnu/arm/5.4.1/bin/../lib/gcc/arm-none-eabi/5.4.1/armv6-m\libgcc.a(_divsi3.o)
                0x10002fc4                __divsi3
                0x10002fc4                __aeabi_idiv
                0x10003190                __aeabi_idivmod
 .text          0x10003198        0x4 c:/program files (x86)/cypress/psoc creator/4.2/psoc creator/import/gnu/arm/5.4.1/bin/../lib/gcc/arm-none-eabi/5.4.1/armv6-m\libgcc.a(_dvmd_tls.o)
                0x10003198                __aeabi_idiv0
                0x10003198                __aeabi_ldiv0
 .text          0x1000319c       0x40 c:/program files (x86)/cypress/psoc creator/4.2/psoc creator/import/gnu/arm/5.4.1/bin/../lib/gcc/arm-none-eabi/5.4.1/armv6-m\libgcc.a(_aeabi_uldivmod.o)
                0x1000319c                __aeabi_uldivmod
 .text          0x100031dc       0x58 c:/program files (x86)/cypress/psoc creator/4.2/psoc creator/import/gnu/arm/5.4.1/bin/../lib/gcc/arm-none-eabi/5.4.1/armv6-m\libgcc.a(_muldi3.o)
                0x100031dc                __muldi3
                0x100031dc                __aeabi_lmul
 .text          0x10003234       0x3c c:/program files (x86)/cypress/psoc creator/4.2/psoc creator/import/gnu/arm/5.4.1/bin/../lib/gcc/arm-none-eabi/5.4.1/armv6-m\libgcc.a(_fixunsdfsi.o)
                0x10003234                __aeabi_d2uiz
                0x10003234                __fixunsdfsi
 .text          0x10003270      0x180 c:/program files (x86)/cypress/psoc creator/4.2/psoc creator/import/gnu/arm/5.4.1/bin/../lib/gcc/arm-none-eabi/5.4.1/armv6-m\libgcc.a(_udivmoddi4.o)
                0x10003270                __udivmoddi4
 .text          0x100033f0      0x62c c:/program files (x86)/cypress/psoc creator/4.2/psoc creator/import/gnu/arm/5.4.1/bin/../lib/gcc/arm-none-eabi/5.4.1/armv6-m\libgcc.a(divdf3.o)
                0x100033f0                __aeabi_ddiv
 .text          0x10003a1c      0x4f4 c:/program files (x86)/cypress/psoc creator/4.2/psoc creator/import/gnu/arm/5.4.1/bin/../lib/gcc/arm-none-eabi/5.4.1/armv6-m\libgcc.a(muldf3.o)
                0x10003a1c                __aeabi_dmul
 .text          0x10003f10      0x6a8 c:/program files (x86)/cypress/psoc creator/4.2/psoc creator/import/gnu/arm/5.4.1/bin/../lib/gcc/arm-none-eabi/5.4.1/armv6-m\libgcc.a(subdf3.o)
                0x10003f10                __aeabi_dsub
 .text          0x100045b8       0x6c c:/program files (x86)/cypress/psoc creator/4.2/psoc creator/import/gnu/arm/5.4.1/bin/../lib/gcc/arm-none-eabi/5.4.1/armv6-m\libgcc.a(fixdfsi.o)
                0x100045b8                __aeabi_d2iz
 .text          0x10004624       0x70 c:/program files (x86)/cypress/psoc creator/4.2/psoc creator/import/gnu/arm/5.4.1/bin/../lib/gcc/arm-none-eabi/5.4.1/armv6-m\libgcc.a(floatunsidf.o)
                0x10004624                __aeabi_ui2d
 .text          0x10004694       0x7c c:/program files (x86)/cypress/psoc creator/4.2/psoc creator/import/gnu/arm/5.4.1/bin/../lib/gcc/arm-none-eabi/5.4.1/armv6-m\libgcc.a(_arm_cmpdf2.o)
                0x10004694                __aeabi_cdrcmple
                0x100046a4                __aeabi_cdcmple
                0x100046a4                __aeabi_cdcmpeq
                0x100046b4                __aeabi_dcmpeq
                0x100046c0                __aeabi_dcmplt
                0x100046d4                __aeabi_dcmple
                0x100046e8                __aeabi_dcmpgt
                0x100046fc                __aeabi_dcmpge
 .text          0x10004710       0x3c c:/program files (x86)/cypress/psoc creator/4.2/psoc creator/import/gnu/arm/5.4.1/bin/../lib/gcc/arm-none-eabi/5.4.1/armv6-m\libgcc.a(_clzsi2.o)
                0x10004710                __clzsi2
 .text          0x1000474c       0x18 c:/program files (x86)/cypress/psoc creator/4.2/psoc creator/import/gnu/arm/5.4.1/bin/../lib/gcc/arm-none-eabi/5.4.1/armv6-m\libgcc.a(_clzdi2.o)
                0x1000474c                __clzdi2
 .text          0x10004764       0x80 c:/program files (x86)/cypress/psoc creator/4.2/psoc creator/import/gnu/arm/5.4.1/bin/../lib/gcc/arm-none-eabi/5.4.1/armv6-m\libgcc.a(eqdf2.o)
                0x10004764                __nedf2
                0x10004764                __eqdf2
 .text          0x100047e4       0xc8 c:/program files (x86)/cypress/psoc creator/4.2/psoc creator/import/gnu/arm/5.4.1/bin/../lib/gcc/arm-none-eabi/5.4.1/armv6-m\libgcc.a(gedf2.o)
                0x100047e4                __gedf2
                0x100047e4                __gtdf2
 .text          0x100048ac       0xd4 c:/program files (x86)/cypress/psoc creator/4.2/psoc creator/import/gnu/arm/5.4.1/bin/../lib/gcc/arm-none-eabi/5.4.1/armv6-m\libgcc.a(ledf2.o)
                0x100048ac                __ledf2
                0x100048ac                __ltdf2
 .text.memcmp   0x10004980       0x1e c:/program files (x86)/cypress/psoc creator/4.2/psoc creator/import/gnu/arm/5.4.1/bin/../lib/gcc/arm-none-eabi/5.4.1/../../../../arm-none-eabi/lib/armv6-m\libg_nano.a(lib_a-memcmp.o)
                0x10004980                memcmp
 .text.memcpy   0x1000499e       0x12 c:/program files (x86)/cypress/psoc creator/4.2/psoc creator/import/gnu/arm/5.4.1/bin/../lib/gcc/arm-none-eabi/5.4.1/../../../../arm-none-eabi/lib/armv6-m\libg_nano.a(lib_a-memcpy-stub.o)
                0x1000499e                memcpy
 .text.memset   0x100049b0       0x10 c:/program files (x86)/cypress/psoc creator/4.2/psoc creator/import/gnu/arm/5.4.1/bin/../lib/gcc/arm-none-eabi/5.4.1/../../../../arm-none-eabi/lib/armv6-m\libg_nano.a(lib_a-memset.o)
                0x100049b0                memset
 .text.strncpy  0x100049c0       0x26 c:/program files (x86)/cypress/psoc creator/4.2/psoc creator/import/gnu/arm/5.4.1/bin/../lib/gcc/arm-none-eabi/5.4.1/../../../../arm-none-eabi/lib/armv6-m\libg_nano.a(lib_a-strncpy.o)
                0x100049c0                strncpy
 *(.init)
 *fill*         0x100049e6        0x2 
 .init          0x100049e8        0x4 c:/program files (x86)/cypress/psoc creator/4.2/psoc creator/import/gnu/arm/5.4.1/bin/../lib/gcc/arm-none-eabi/5.4.1/armv6-m/crti.o
                0x100049e8                _init
 .init          0x100049ec        0x8 c:/program files (x86)/cypress/psoc creator/4.2/psoc creator/import/gnu/arm/5.4.1/bin/../lib/gcc/arm-none-eabi/5.4.1/armv6-m/crtn.o
 *(.fini)
 .fini          0x100049f4        0x4 c:/program files (x86)/cypress/psoc creator/4.2/psoc creator/import/gnu/arm/5.4.1/bin/../lib/gcc/arm-none-eabi/5.4.1/armv6-m/crti.o
                0x100049f4                _fini
 .fini          0x100049f8        0x8 c:/program files (x86)/cypress/psoc creator/4.2/psoc creator/import/gnu/arm/5.4.1/bin/../lib/gcc/arm-none-eabi/5.4.1/armv6-m/crtn.o
 .fini.__stub   0x10004a00       0x10 linker stubs
 *crtbegin.o(.ctors)
 *crtbegin?.o(.ctors)
 *(EXCLUDE_FILE(*crtend.o *crtend?.o) .ctors)
 *(SORT(.ctors.*))
 *(.ctors)
 *crtbegin.o(.dtors)
 *crtbegin?.o(.dtors)
 *(EXCLUDE_FILE(*crtend.o *crtend?.o) .dtors)
 *(SORT(.dtors.*))
 *(.dtors)
 *(.rodata .rodata.* .constdata .constdata.* .conststring .conststring.*)
 .rodata        0x10004a10       0x34 .\CortexM0p\ARM_GCC_541\Debug\cy_ipc_config.o
 .rodata        0x10004a44        0x8 .\CortexM0p\ARM_GCC_541\Debug\cyfitter_sysint_cfg.o
                0x10004a44                BLE_1_bless_isr_cfg
 .rodata        0x10004a4c       0xc8 .\CortexM0p\ARM_GCC_541\Debug\cyfitter_cfg.o
 .rodata        0x10004b14       0x40 .\CortexM0p\ARM_GCC_541\Debug\cy_sysint.o
 .rodata.str1.4
                0x10004b54       0x41 .\CortexM0p\ARM_GCC_541\Debug\cy_sysint.o
 *fill*         0x10004b95        0x3 
 .rodata.str1.4
                0x10004b98       0x7f .\CortexM0p\ARM_GCC_541\Debug\cy_ipc_drv.o
 *fill*         0x10004c17        0x1 
 .rodata.str1.4
                0x10004c18       0x3f .\CortexM0p\ARM_GCC_541\Debug\cy_ipc_sema.o
 *fill*         0x10004c57        0x1 
 .rodata.str1.4
                0x10004c58       0x40 .\CortexM0p\ARM_GCC_541\Debug\cy_ipc_pipe.o
                                 0x7f (size before relaxing)
 .rodata.str1.4
                0x10004c98       0x85 .\CortexM0p\ARM_GCC_541\Debug\cy_sysclk.o
 *fill*         0x10004d1d        0x3 
 .rodata.str1.4
                0x10004d20       0x7d .\CortexM0p\ARM_GCC_541\Debug\cy_gpio.o
 *fill*         0x10004d9d        0x3 
 .rodata.str1.4
                0x10004da0       0x40 .\CortexM0p\ARM_GCC_541\Debug\cy_syspm.o
                                 0x3f (size before relaxing)
 .constdata     0x10004de0       0x48 Generated_Source\PSoC6\pdl\middleware\ble\lib\cy_ble_stack_gcc_controller_ipc_cm0p.a(config_bin.o)
                0x10004de0                bt_cfg_pdata
 .constdata     0x10004e28       0x10 Generated_Source\PSoC6\pdl\middleware\ble\lib\cy_ble_stack_gcc_controller_ipc_cm0p.a(ll_connection.o)
                0x10004e28                g_slave_clock_accuracy
 .constdata     0x10004e38       0xd0 Generated_Source\PSoC6\pdl\middleware\ble\lib\cy_ble_stack_gcc_controller_ipc_cm0p.a(ll_pdu.o)
                0x10004e38                enc_valid_pdu_list
                0x10004e40                fp_ll_pdu_handlers
                0x10004ea4                fp_ll_pdu_ack_handlers
 .constdata     0x10004f08       0x88 Generated_Source\PSoC6\pdl\middleware\ble\lib\cy_ble_stack_gcc_controller_ipc_cm0p.a(ll_privacy.o)
 .constdata     0x10004f90       0x40 Generated_Source\PSoC6\pdl\middleware\ble\lib\cy_ble_stack_gcc_controller_ipc_cm0p.a(ll_dle.o)
 .constdata     0x10004fd0       0x50 Generated_Source\PSoC6\pdl\middleware\ble\lib\cy_ble_stack_gcc_controller_ipc_cm0p.a(ll_phy_update.o)
 .constdata     0x10005020       0x84 Generated_Source\PSoC6\pdl\middleware\ble\lib\cy_ble_stack_gcc_controller_ipc_cm0p.a(lec_hci_le_commands.o)
 .constdata     0x100050a4      0x3f6 Generated_Source\PSoC6\pdl\middleware\ble\lib\cy_ble_stack_gcc_controller_ipc_cm0p.a(lec_hci_le_commands.o)
 *fill*         0x1000549a        0x2 
 .constdata     0x1000549c       0x84 Generated_Source\PSoC6\pdl\middleware\ble\lib\cy_ble_stack_gcc_controller_ipc_cm0p.a(lec_hci_le_commands.o)
 .constdata     0x10005520       0x84 Generated_Source\PSoC6\pdl\middleware\ble\lib\cy_ble_stack_gcc_controller_ipc_cm0p.a(lec_hci_le_commands.o)
 .constdata     0x100055a4       0x21 Generated_Source\PSoC6\pdl\middleware\ble\lib\cy_ble_stack_gcc_controller_ipc_cm0p.a(lec_hci_le_commands.o)
 .constdata     0x100055c5       0x40 Generated_Source\PSoC6\pdl\middleware\ble\lib\cy_ble_stack_gcc_controller_ipc_cm0p.a(lec_hci_le_common_commands.o)
                0x100055c5                Cu8_hci_le_supported_commands_array
 *fill*         0x10005605        0x3 
 .constdata     0x10005608       0xcc Generated_Source\PSoC6\pdl\middleware\ble\lib\cy_ble_stack_gcc_controller_ipc_cm0p.a(lec_hci_le_privacy.o)
 .constdata     0x100056d4        0xc Generated_Source\PSoC6\pdl\middleware\ble\lib\cy_ble_stack_gcc_controller_ipc_cm0p.a(lec_hci_le_privacy.o)
 .constdata     0x100056e0       0x60 Generated_Source\PSoC6\pdl\middleware\ble\lib\cy_ble_stack_gcc_controller_ipc_cm0p.a(lec_hci_le_dle.o)
 .constdata     0x10005740       0x78 Generated_Source\PSoC6\pdl\middleware\ble\lib\cy_ble_stack_gcc_controller_ipc_cm0p.a(lec_hci_le_phy_update.o)
 .conststring   0x100057b8       0x87 Generated_Source\PSoC6\pdl\middleware\ble\lib\cy_ble_stack_gcc_controller_ipc_cm0p.a(drbg.o)
 *fill*         0x1000583f        0x1 
 .constdata     0x10005840       0x60 Generated_Source\PSoC6\pdl\middleware\ble\lib\cy_ble_stack_gcc_radio_max_cm0p.a(CyBlessVer3.o)
                0x10005840                rssiMap
 .rodata        0x100058a0       0x40 c:/program files (x86)/cypress/psoc creator/4.2/psoc creator/import/gnu/arm/5.4.1/bin/../lib/gcc/arm-none-eabi/5.4.1/armv6-m\libgcc.a(divdf3.o)
 .rodata        0x100058e0       0x40 c:/program files (x86)/cypress/psoc creator/4.2/psoc creator/import/gnu/arm/5.4.1/bin/../lib/gcc/arm-none-eabi/5.4.1/armv6-m\libgcc.a(muldf3.o)
 *(.eh_frame*)
 .eh_frame      0x10005920        0x0 c:/program files (x86)/cypress/psoc creator/4.2/psoc creator/import/gnu/arm/5.4.1/bin/../lib/gcc/arm-none-eabi/5.4.1/armv6-m/crtbegin.o
 .eh_frame      0x10005920        0x4 c:/program files (x86)/cypress/psoc creator/4.2/psoc creator/import/gnu/arm/5.4.1/bin/../lib/gcc/arm-none-eabi/5.4.1/armv6-m/crtend.o

.glue_7         0x10005924        0x0
 .glue_7        0x10005924        0x0 linker stubs

.glue_7t        0x10005924        0x0
 .glue_7t       0x10005924        0x0 linker stubs

.vfp11_veneer   0x10005924        0x0
 .vfp11_veneer  0x10005924        0x0 linker stubs

.v4_bx          0x10005924        0x0
 .v4_bx         0x10005924        0x0 linker stubs

.iplt           0x10005924        0x0
 .iplt          0x10005924        0x0 c:/program files (x86)/cypress/psoc creator/4.2/psoc creator/import/gnu/arm/5.4.1/bin/../lib/gcc/arm-none-eabi/5.4.1/armv6-m/crtbegin.o

i.CyBleStackMgr_Init
                0x10005924       0xe8
 i.CyBleStackMgr_Init
                0x10005924       0xe8 Generated_Source\PSoC6\pdl\middleware\ble\lib\cy_ble_stack_gcc_controller_ipc_cm0p.a(CyBleStackMgrIP_Interface.o)
                0x10005924                CyBleStackMgr_Init

i.CyBleStackMgr_ProcessBleEvents
                0x10005a0c       0x2c
 i.CyBleStackMgr_ProcessBleEvents
                0x10005a0c       0x2c Generated_Source\PSoC6\pdl\middleware\ble\lib\cy_ble_stack_gcc_controller_ipc_cm0p.a(CyBleStackMgrIP_Interface.o)
                0x10005a0c                CyBleStackMgr_ProcessBleEvents

i.CyBleStackMgr_Shutdown
                0x10005a38       0x28
 i.CyBleStackMgr_Shutdown
                0x10005a38       0x28 Generated_Source\PSoC6\pdl\middleware\ble\lib\cy_ble_stack_gcc_controller_ipc_cm0p.a(CyBleStackMgrIP_Interface.o)
                0x10005a38                CyBleStackMgr_Shutdown

i.CyBle_GetHeapConfig
                0x10005a60        0x8
 i.CyBle_GetHeapConfig
                0x10005a60        0x8 Generated_Source\PSoC6\pdl\middleware\ble\lib\cy_ble_stack_gcc_controller_ipc_cm0p.a(CyBleStackMgrIP_Interface.o)
                0x10005a60                CyBle_GetHeapConfig

i.CyBle_GetHeapMemory
                0x10005a68       0x3c
 i.CyBle_GetHeapMemory
                0x10005a68       0x3c Generated_Source\PSoC6\pdl\middleware\ble\lib\cy_ble_stack_gcc_controller_ipc_cm0p.a(CyBleStackMgrIP_Interface.o)
                0x10005a68                CyBle_GetHeapMemory

i.CyBle_StackGetConfigPtr
                0x10005aa4        0x8
 i.CyBle_StackGetConfigPtr
                0x10005aa4        0x8 Generated_Source\PSoC6\pdl\middleware\ble\lib\cy_ble_stack_gcc_controller_ipc_cm0p.a(CyBleStackMgrIP_Interface.o)
                0x10005aa4                CyBle_StackGetConfigPtr

i.Cy_BLE_EnablePrivacyFeature
                0x10005aac        0x8
 i.Cy_BLE_EnablePrivacyFeature
                0x10005aac        0x8 Generated_Source\PSoC6\pdl\middleware\ble\lib\cy_ble_stack_gcc_controller_ipc_cm0p.a(CyBleStackMgrIP_Interface.o)
                0x10005aac                Cy_BLE_EnablePrivacyFeature

i.Cy_BLE_GetStackLibraryVersion
                0x10005ab4       0x20
 i.Cy_BLE_GetStackLibraryVersion
                0x10005ab4       0x20 Generated_Source\PSoC6\pdl\middleware\ble\lib\cy_ble_stack_gcc_controller_ipc_cm0p.a(CyBleStackMgrIP_Interface.o)
                0x10005ab4                Cy_BLE_GetStackLibraryVersion

i.Cy_BLE_ProcessEvents
                0x10005ad4        0x8
 i.Cy_BLE_ProcessEvents
                0x10005ad4        0x8 Generated_Source\PSoC6\pdl\middleware\ble\lib\cy_ble_stack_gcc_controller_ipc_cm0p.a(CyBleStackMgrIP_Interface.o)
                0x10005ad4                Cy_BLE_ProcessEvents

i.Cy_BLE_StackEnterLPM
                0x10005adc        0x8
 i.Cy_BLE_StackEnterLPM
                0x10005adc        0x8 Generated_Source\PSoC6\pdl\middleware\ble\lib\cy_ble_stack_gcc_controller_ipc_cm0p.a(CyBleStackMgrIP_Interface.o)
                0x10005adc                Cy_BLE_StackEnterLPM

i.Cy_BLE_StackGetBleSsState
                0x10005ae4        0x8
 i.Cy_BLE_StackGetBleSsState
                0x10005ae4        0x8 Generated_Source\PSoC6\pdl\middleware\ble\lib\cy_ble_stack_gcc_controller_ipc_cm0p.a(CyBleStackMgrIP_Interface.o)
                0x10005ae4                Cy_BLE_StackGetBleSsState

i.Cy_BLE_StackInit
                0x10005aec       0x58
 i.Cy_BLE_StackInit
                0x10005aec       0x58 Generated_Source\PSoC6\pdl\middleware\ble\lib\cy_ble_stack_gcc_controller_ipc_cm0p.a(CyBleStackMgrIP_Interface.o)
                0x10005aec                Cy_BLE_StackInit

i.Cy_BLE_StackSetFeatureConfig
                0x10005b44       0x54
 i.Cy_BLE_StackSetFeatureConfig
                0x10005b44       0x54 Generated_Source\PSoC6\pdl\middleware\ble\lib\cy_ble_stack_gcc_controller_ipc_cm0p.a(CyBleStackMgrIP_Interface.o)
                0x10005b44                Cy_BLE_StackSetFeatureConfig

i.ble_stack_idle_task_callback
                0x10005b98        0x2
 i.ble_stack_idle_task_callback
                0x10005b98        0x2 Generated_Source\PSoC6\pdl\middleware\ble\lib\cy_ble_stack_gcc_controller_ipc_cm0p.a(CyBleStackMgrIP_Interface.o)
                0x10005b98                ble_stack_idle_task_callback

i.CyBleStackMgr_GetTime
                0x10005b9c       0x28
 i.CyBleStackMgr_GetTime
                0x10005b9c       0x28 Generated_Source\PSoC6\pdl\middleware\ble\lib\cy_ble_stack_gcc_controller_ipc_cm0p.a(CyBleStackMgr_PSoCHal.o)
                0x10005b9c                CyBleStackMgr_GetTime

i.CyBleStackMgr_HalInit
                0x10005bc4       0x1c
 i.CyBleStackMgr_HalInit
                0x10005bc4       0x1c Generated_Source\PSoC6\pdl\middleware\ble\lib\cy_ble_stack_gcc_controller_ipc_cm0p.a(CyBleStackMgr_PSoCHal.o)
                0x10005bc4                CyBleStackMgr_HalInit

i.CyBleStackMgr_HalIntrEnable
                0x10005be0        0x8
 i.CyBleStackMgr_HalIntrEnable
                0x10005be0        0x8 Generated_Source\PSoC6\pdl\middleware\ble\lib\cy_ble_stack_gcc_controller_ipc_cm0p.a(CyBleStackMgr_PSoCHal.o)
                0x10005be0                CyBleStackMgr_HalIntrEnable

i.CyBleStackMgr_HciPortInit
                0x10005be8       0x18
 i.CyBleStackMgr_HciPortInit
                0x10005be8       0x18 Generated_Source\PSoC6\pdl\middleware\ble\lib\cy_ble_stack_gcc_controller_ipc_cm0p.a(CyBleStackMgr_PSoCHal.o)
                0x10005be8                CyBleStackMgr_HciPortInit

i.CyBleStackMgr_HciPortReset
                0x10005c00        0x8
 i.CyBleStackMgr_HciPortReset
                0x10005c00        0x8 Generated_Source\PSoC6\pdl\middleware\ble\lib\cy_ble_stack_gcc_controller_ipc_cm0p.a(CyBleStackMgr_PSoCHal.o)
                0x10005c00                CyBleStackMgr_HciPortReset

i.CyBleStackMgr_HciPortWrite
                0x10005c08        0x8
 i.CyBleStackMgr_HciPortWrite
                0x10005c08        0x8 Generated_Source\PSoC6\pdl\middleware\ble\lib\cy_ble_stack_gcc_controller_ipc_cm0p.a(CyBleStackMgr_PSoCHal.o)
                0x10005c08                CyBleStackMgr_HciPortWrite

i.CyBleStackMgr_TimerStart
                0x10005c10       0x20
 i.CyBleStackMgr_TimerStart
                0x10005c10       0x20 Generated_Source\PSoC6\pdl\middleware\ble\lib\cy_ble_stack_gcc_controller_ipc_cm0p.a(CyBleStackMgr_PSoCHal.o)
                0x10005c10                CyBleStackMgr_TimerStart

i.CyBleStackMgr_TimerStop
                0x10005c30       0x18
 i.CyBleStackMgr_TimerStop
                0x10005c30       0x18 Generated_Source\PSoC6\pdl\middleware\ble\lib\cy_ble_stack_gcc_controller_ipc_cm0p.a(CyBleStackMgr_PSoCHal.o)
                0x10005c30                CyBleStackMgr_TimerStop

i.CyBleStackMgr_isTimerRunning
                0x10005c48        0xc
 i.CyBleStackMgr_isTimerRunning
                0x10005c48        0xc Generated_Source\PSoC6\pdl\middleware\ble\lib\cy_ble_stack_gcc_controller_ipc_cm0p.a(CyBleStackMgr_PSoCHal.o)
                0x10005c48                CyBleStackMgr_isTimerRunning

i.CyBleStackMgr_BleSSFifoRead
                0x10005c54       0x3c
 i.CyBleStackMgr_BleSSFifoRead
                0x10005c54       0x3c Generated_Source\PSoC6\pdl\middleware\ble\lib\cy_ble_stack_gcc_controller_ipc_cm0p.a(CyBleStackMgr_BleSSDriver.o)
                0x10005c54                CyBleStackMgr_BleSSFifoRead

i.CyBleStackMgr_BleSSFifoWrite
                0x10005c90       0x30
 i.CyBleStackMgr_BleSSFifoWrite
                0x10005c90       0x30 Generated_Source\PSoC6\pdl\middleware\ble\lib\cy_ble_stack_gcc_controller_ipc_cm0p.a(CyBleStackMgr_BleSSDriver.o)
                0x10005c90                CyBleStackMgr_BleSSFifoWrite

i.CyBleStackMgr_BleSSInit
                0x10005cc0       0x70
 i.CyBleStackMgr_BleSSInit
                0x10005cc0       0x70 Generated_Source\PSoC6\pdl\middleware\ble\lib\cy_ble_stack_gcc_controller_ipc_cm0p.a(CyBleStackMgr_BleSSDriver.o)
                0x10005cc0                CyBleStackMgr_BleSSInit

i.CyBleStackMgr_BleSSMemRead
                0x10005d30       0x30
 i.CyBleStackMgr_BleSSMemRead
                0x10005d30       0x30 Generated_Source\PSoC6\pdl\middleware\ble\lib\cy_ble_stack_gcc_controller_ipc_cm0p.a(CyBleStackMgr_BleSSDriver.o)
                0x10005d30                CyBleStackMgr_BleSSMemRead

i.CyBleStackMgr_BleSSMemWrite
                0x10005d60       0x34
 i.CyBleStackMgr_BleSSMemWrite
                0x10005d60       0x34 Generated_Source\PSoC6\pdl\middleware\ble\lib\cy_ble_stack_gcc_controller_ipc_cm0p.a(CyBleStackMgr_BleSSDriver.o)
                0x10005d60                CyBleStackMgr_BleSSMemWrite

i.CyBleStackMgr_BleSSMemWriteFields
                0x10005d94       0x70
 i.CyBleStackMgr_BleSSMemWriteFields
                0x10005d94       0x70 Generated_Source\PSoC6\pdl\middleware\ble\lib\cy_ble_stack_gcc_controller_ipc_cm0p.a(CyBleStackMgr_BleSSDriver.o)
                0x10005d94                CyBleStackMgr_BleSSMemWriteFields

i.CyBleStackMgr_BleSSReset
                0x10005e04       0x2c
 i.CyBleStackMgr_BleSSReset
                0x10005e04       0x2c Generated_Source\PSoC6\pdl\middleware\ble\lib\cy_ble_stack_gcc_controller_ipc_cm0p.a(CyBleStackMgr_BleSSDriver.o)
                0x10005e04                CyBleStackMgr_BleSSReset

i.CyBleStackMgr_BleSSShutdown
                0x10005e30       0x34
 i.CyBleStackMgr_BleSSShutdown
                0x10005e30       0x34 Generated_Source\PSoC6\pdl\middleware\ble\lib\cy_ble_stack_gcc_controller_ipc_cm0p.a(CyBleStackMgr_BleSSDriver.o)
                0x10005e30                CyBleStackMgr_BleSSShutdown

i.CyBleStackMgr_GenericIface
                0x10005e64       0x58
 i.CyBleStackMgr_GenericIface
                0x10005e64       0x58 Generated_Source\PSoC6\pdl\middleware\ble\lib\cy_ble_stack_gcc_controller_ipc_cm0p.a(CyBleStackMgr_BleSSDriver.o)
                0x10005e64                CyBleStackMgr_GenericIface

i.CyBleStackMgr_HandleBleSSIntr
                0x10005ebc       0x70
 i.CyBleStackMgr_HandleBleSSIntr
                0x10005ebc       0x70 Generated_Source\PSoC6\pdl\middleware\ble\lib\cy_ble_stack_gcc_controller_ipc_cm0p.a(CyBleStackMgr_BleSSDriver.o)
                0x10005ebc                CyBleStackMgr_HandleBleSSIntr

i.CyBle_ControllerGetBleClockCfgParam
                0x10005f2c       0x20
 i.CyBle_ControllerGetBleClockCfgParam
                0x10005f2c       0x20 Generated_Source\PSoC6\pdl\middleware\ble\lib\cy_ble_stack_gcc_controller_ipc_cm0p.a(CyBleStackMgr_BleSSDriver.o)
                0x10005f2c                CyBle_ControllerGetBleClockCfgParam

i.CyBle_ControllerGetTxPowerLevel
                0x10005f4c       0x3c
 i.CyBle_ControllerGetTxPowerLevel
                0x10005f4c       0x3c Generated_Source\PSoC6\pdl\middleware\ble\lib\cy_ble_stack_gcc_controller_ipc_cm0p.a(CyBleStackMgr_BleSSDriver.o)
                0x10005f4c                CyBle_ControllerGetTxPowerLevel

i.CyBle_ControllerSetBleClockCfgParam
                0x10005f88       0x30
 i.CyBle_ControllerSetBleClockCfgParam
                0x10005f88       0x30 Generated_Source\PSoC6\pdl\middleware\ble\lib\cy_ble_stack_gcc_controller_ipc_cm0p.a(CyBleStackMgr_BleSSDriver.o)
                0x10005f88                CyBle_ControllerSetBleClockCfgParam

i.CyBle_ControllerSetDcxoLdoTrim
                0x10005fb8       0x1c
 i.CyBle_ControllerSetDcxoLdoTrim
                0x10005fb8       0x1c Generated_Source\PSoC6\pdl\middleware\ble\lib\cy_ble_stack_gcc_controller_ipc_cm0p.a(CyBleStackMgr_BleSSDriver.o)
                0x10005fb8                CyBle_ControllerSetDcxoLdoTrim

i.CyBle_ControllerSetTxPowerLevel
                0x10005fd4       0x20
 i.CyBle_ControllerSetTxPowerLevel
                0x10005fd4       0x20 Generated_Source\PSoC6\pdl\middleware\ble\lib\cy_ble_stack_gcc_controller_ipc_cm0p.a(CyBleStackMgr_BleSSDriver.o)
                0x10005fd4                CyBle_ControllerSetTxPowerLevel

i.CyBle_EnterDsmMode
                0x10005ff4       0x34
 i.CyBle_EnterDsmMode
                0x10005ff4       0x34 Generated_Source\PSoC6\pdl\middleware\ble\lib\cy_ble_stack_gcc_controller_ipc_cm0p.a(CyBleStackMgr_BleSSDriver.o)
                0x10005ff4                CyBle_EnterDsmMode

i.CyBle_ExitDsmMode
                0x10006028       0x34
 i.CyBle_ExitDsmMode
                0x10006028       0x34 Generated_Source\PSoC6\pdl\middleware\ble\lib\cy_ble_stack_gcc_controller_ipc_cm0p.a(CyBleStackMgr_BleSSDriver.o)
                0x10006028                CyBle_ExitDsmMode

i.CyBle_GetBleSsOperationalMode
                0x1000605c        0xc
 i.CyBle_GetBleSsOperationalMode
                0x1000605c        0xc Generated_Source\PSoC6\pdl\middleware\ble\lib\cy_ble_stack_gcc_controller_ipc_cm0p.a(CyBleStackMgr_BleSSDriver.o)
                0x1000605c                CyBle_GetBleSsOperationalMode

i.CyBle_GetEventCloseState
                0x10006068       0x10
 i.CyBle_GetEventCloseState
                0x10006068       0x10 Generated_Source\PSoC6\pdl\middleware\ble\lib\cy_ble_stack_gcc_controller_ipc_cm0p.a(CyBleStackMgr_BleSSDriver.o)
                0x10006068                CyBle_GetEventCloseState

i.CyBle_GetLpMode
                0x10006078       0x1c
 i.CyBle_GetLpMode
                0x10006078       0x1c Generated_Source\PSoC6\pdl\middleware\ble\lib\cy_ble_stack_gcc_controller_ipc_cm0p.a(CyBleStackMgr_BleSSDriver.o)
                0x10006078                CyBle_GetLpMode

i.CyBle_GetTxGainMode
                0x10006094        0xe
 i.CyBle_GetTxGainMode
                0x10006094        0xe Generated_Source\PSoC6\pdl\middleware\ble\lib\cy_ble_stack_gcc_controller_ipc_cm0p.a(CyBleStackMgr_BleSSDriver.o)
                0x10006094                CyBle_GetTxGainMode

i.CyBle_SetAutoWakeUp
                0x100060a4        0xc
 i.CyBle_SetAutoWakeUp
                0x100060a4        0xc Generated_Source\PSoC6\pdl\middleware\ble\lib\cy_ble_stack_gcc_controller_ipc_cm0p.a(CyBleStackMgr_BleSSDriver.o)
                0x100060a4                CyBle_SetAutoWakeUp

i.CyBle_SetBleSsOperationalMode
                0x100060b0       0x20
 i.CyBle_SetBleSsOperationalMode
                0x100060b0       0x20 Generated_Source\PSoC6\pdl\middleware\ble\lib\cy_ble_stack_gcc_controller_ipc_cm0p.a(CyBleStackMgr_BleSSDriver.o)
                0x100060b0                CyBle_SetBleSsOperationalMode

i.CyBle_SetEventCloseState
                0x100060d0        0xc
 i.CyBle_SetEventCloseState
                0x100060d0        0xc Generated_Source\PSoC6\pdl\middleware\ble\lib\cy_ble_stack_gcc_controller_ipc_cm0p.a(CyBleStackMgr_BleSSDriver.o)
                0x100060d0                CyBle_SetEventCloseState

i.CyBle_CheckBleStackTaskStatus
                0x100060dc        0x4
 i.CyBle_CheckBleStackTaskStatus
                0x100060dc        0x4 Generated_Source\PSoC6\pdl\middleware\ble\lib\cy_ble_stack_gcc_controller_ipc_cm0p.a(CyBleStackMgr_StackTaskHandler.o)
                0x100060dc                CyBle_CheckBleStackTaskStatus

i.CyBle_CreateBleStackTask
                0x100060e0       0x30
 i.CyBle_CreateBleStackTask
                0x100060e0       0x30 Generated_Source\PSoC6\pdl\middleware\ble\lib\cy_ble_stack_gcc_controller_ipc_cm0p.a(CyBleStackMgr_StackTaskHandler.o)
                0x100060e0                CyBle_CreateBleStackTask

i.CyBle_SignalBleStackTask
                0x10006110       0x44
 i.CyBle_SignalBleStackTask
                0x10006110       0x44 Generated_Source\PSoC6\pdl\middleware\ble\lib\cy_ble_stack_gcc_controller_ipc_cm0p.a(CyBleStackMgr_StackTaskHandler.o)
                0x10006110                CyBle_SignalBleStackTask

i.CyBle_StackTaskHandler
                0x10006154       0x26
 i.CyBle_StackTaskHandler
                0x10006154       0x26 Generated_Source\PSoC6\pdl\middleware\ble\lib\cy_ble_stack_gcc_controller_ipc_cm0p.a(CyBleStackMgr_StackTaskHandler.o)
                0x10006154                CyBle_StackTaskHandler

i.IsStackTaskFree
                0x1000617c       0x10
 i.IsStackTaskFree
                0x1000617c       0x10 Generated_Source\PSoC6\pdl\middleware\ble\lib\cy_ble_stack_gcc_controller_ipc_cm0p.a(CyBleStackMgr_StackTaskHandler.o)
                0x1000617c                IsStackTaskFree

i.BT_start_timer
                0x1000618c       0xe4
 i.BT_start_timer
                0x1000618c       0xe4 Generated_Source\PSoC6\pdl\middleware\ble\lib\cy_ble_stack_gcc_controller_ipc_cm0p.a(BT_timer.o)
                0x1000618c                BT_start_timer

i.BT_start_timer_controller
                0x10006270       0x28
 i.BT_start_timer_controller
                0x10006270       0x28 Generated_Source\PSoC6\pdl\middleware\ble\lib\cy_ble_stack_gcc_controller_ipc_cm0p.a(BT_timer.o)
                0x10006270                BT_start_timer_controller

i.BT_stop_timer
                0x10006298       0xa0
 i.BT_stop_timer
                0x10006298       0xa0 Generated_Source\PSoC6\pdl\middleware\ble\lib\cy_ble_stack_gcc_controller_ipc_cm0p.a(BT_timer.o)
                0x10006298                BT_stop_timer

i.BT_stop_timer_controller
                0x10006338       0x28
 i.BT_stop_timer_controller
                0x10006338       0x28 Generated_Source\PSoC6\pdl\middleware\ble\lib\cy_ble_stack_gcc_controller_ipc_cm0p.a(BT_timer.o)
                0x10006338                BT_stop_timer_controller

i.BT_timer_process_signals
                0x10006360       0xd4
 i.BT_timer_process_signals
                0x10006360       0xd4 Generated_Source\PSoC6\pdl\middleware\ble\lib\cy_ble_stack_gcc_controller_ipc_cm0p.a(BT_timer.o)
                0x10006360                BT_timer_process_signals

i.timer_allocated_entity
                0x10006434       0x34
 i.timer_allocated_entity
                0x10006434       0x34 Generated_Source\PSoC6\pdl\middleware\ble\lib\cy_ble_stack_gcc_controller_ipc_cm0p.a(BT_timer.o)
                0x10006434                timer_allocated_entity

i.timer_init    0x10006468       0x30
 i.timer_init   0x10006468       0x30 Generated_Source\PSoC6\pdl\middleware\ble\lib\cy_ble_stack_gcc_controller_ipc_cm0p.a(BT_timer.o)
                0x10006468                timer_init

i.timer_update_offsets
                0x10006498       0x34
 i.timer_update_offsets
                0x10006498       0x34 Generated_Source\PSoC6\pdl\middleware\ble\lib\cy_ble_stack_gcc_controller_ipc_cm0p.a(BT_timer.o)

i.BT_ISROSQPost
                0x100064cc        0xa
 i.BT_ISROSQPost
                0x100064cc        0xa Generated_Source\PSoC6\pdl\middleware\ble\lib\cy_ble_stack_gcc_controller_ipc_cm0p.a(bt_os_common.o)
                0x100064cc                BT_ISROSQPost

i.BT_OSQPost    0x100064d6        0xa
 i.BT_OSQPost   0x100064d6        0xa Generated_Source\PSoC6\pdl\middleware\ble\lib\cy_ble_stack_gcc_controller_ipc_cm0p.a(bt_os_common.o)
                0x100064d6                BT_OSQPost

i.BT_thread_create
                0x100064e0       0x30
 i.BT_thread_create
                0x100064e0       0x30 Generated_Source\PSoC6\pdl\middleware\ble\lib\cy_ble_stack_gcc_controller_ipc_cm0p.a(bt_os_common.o)
                0x100064e0                BT_thread_create

i.pf_timer_handle_tick
                0x10006510       0x20
 i.pf_timer_handle_tick
                0x10006510       0x20 Generated_Source\PSoC6\pdl\middleware\ble\lib\cy_ble_stack_gcc_controller_ipc_cm0p.a(bt_os_common.o)
                0x10006510                pf_timer_handle_tick

i.CyPilo_ApplyTrim
                0x10006530       0x8c
 i.CyPilo_ApplyTrim
                0x10006530       0x8c Generated_Source\PSoC6\pdl\middleware\ble\lib\cy_ble_stack_gcc_controller_ipc_cm0p.a(CyBleStackMgrIP_Pilo.o)

i.CyPilo_DSMExitCalibration
                0x100065bc       0x14
 i.CyPilo_DSMExitCalibration
                0x100065bc       0x14 Generated_Source\PSoC6\pdl\middleware\ble\lib\cy_ble_stack_gcc_controller_ipc_cm0p.a(CyBleStackMgrIP_Pilo.o)
                0x100065bc                CyPilo_DSMExitCalibration

i.CyPilo_GetState
                0x100065d0        0xc
 i.CyPilo_GetState
                0x100065d0        0xc Generated_Source\PSoC6\pdl\middleware\ble\lib\cy_ble_stack_gcc_controller_ipc_cm0p.a(CyBleStackMgrIP_Pilo.o)
                0x100065d0                CyPilo_GetState

i.CyPilo_InitCalibration
                0x100065dc       0x18
 i.CyPilo_InitCalibration
                0x100065dc       0x18 Generated_Source\PSoC6\pdl\middleware\ble\lib\cy_ble_stack_gcc_controller_ipc_cm0p.a(CyBleStackMgrIP_Pilo.o)
                0x100065dc                CyPilo_InitCalibration

i.CyPilo_PeriodicCalibTimeout
                0x100065f4       0x24
 i.CyPilo_PeriodicCalibTimeout
                0x100065f4       0x24 Generated_Source\PSoC6\pdl\middleware\ble\lib\cy_ble_stack_gcc_controller_ipc_cm0p.a(CyBleStackMgrIP_Pilo.o)

i.CyPilo_SetCalibInterval
                0x10006618        0xc
 i.CyPilo_SetCalibInterval
                0x10006618        0xc Generated_Source\PSoC6\pdl\middleware\ble\lib\cy_ble_stack_gcc_controller_ipc_cm0p.a(CyBleStackMgrIP_Pilo.o)
                0x10006618                CyPilo_SetCalibInterval

i.CyPilo_SetState
                0x10006624        0xc
 i.CyPilo_SetState
                0x10006624        0xc Generated_Source\PSoC6\pdl\middleware\ble\lib\cy_ble_stack_gcc_controller_ipc_cm0p.a(CyBleStackMgrIP_Pilo.o)
                0x10006624                CyPilo_SetState

i.CyPilo_ShutdownCalibration
                0x10006630       0x1c
 i.CyPilo_ShutdownCalibration
                0x10006630       0x1c Generated_Source\PSoC6\pdl\middleware\ble\lib\cy_ble_stack_gcc_controller_ipc_cm0p.a(CyBleStackMgrIP_Pilo.o)
                0x10006630                CyPilo_ShutdownCalibration

i.CyPilo_StopPeriodicTimer
                0x1000664c       0x10
 i.CyPilo_StopPeriodicTimer
                0x1000664c       0x10 Generated_Source\PSoC6\pdl\middleware\ble\lib\cy_ble_stack_gcc_controller_ipc_cm0p.a(CyBleStackMgrIP_Pilo.o)
                0x1000664c                CyPilo_StopPeriodicTimer

i.CyPilo_TriggerCalibration
                0x1000665c       0x44
 i.CyPilo_TriggerCalibration
                0x1000665c       0x44 Generated_Source\PSoC6\pdl\middleware\ble\lib\cy_ble_stack_gcc_controller_ipc_cm0p.a(CyBleStackMgrIP_Pilo.o)
                0x1000665c                CyPilo_TriggerCalibration

i.CyPilo_UpdateCalibInterval
                0x100066a0       0x34
 i.CyPilo_UpdateCalibInterval
                0x100066a0       0x34 Generated_Source\PSoC6\pdl\middleware\ble\lib\cy_ble_stack_gcc_controller_ipc_cm0p.a(CyBleStackMgrIP_Pilo.o)
                0x100066a0                CyPilo_UpdateCalibInterval

i.OS_init       0x100066d4       0x64
 i.OS_init      0x100066d4       0x64 Generated_Source\PSoC6\pdl\middleware\ble\lib\cy_ble_stack_gcc_controller_ipc_cm0p.a(mint_os.o)
                0x100066d4                OS_init

i.OS_shutdown   0x10006738        0x4
 i.OS_shutdown  0x10006738        0x4 Generated_Source\PSoC6\pdl\middleware\ble\lib\cy_ble_stack_gcc_controller_ipc_cm0p.a(mint_os.o)
                0x10006738                OS_shutdown

i.mintos_malloc
                0x1000673c       0x34
 i.mintos_malloc
                0x1000673c       0x34 Generated_Source\PSoC6\pdl\middleware\ble\lib\cy_ble_stack_gcc_controller_ipc_cm0p.a(mint_os.o)
                0x1000673c                mintos_malloc

i.OS_create_queue
                0x10006770       0x64
 i.OS_create_queue
                0x10006770       0x64 Generated_Source\PSoC6\pdl\middleware\ble\lib\cy_ble_stack_gcc_controller_ipc_cm0p.a(mint_os_queue.o)
                0x10006770                OS_create_queue

i.OS_enqueue_item
                0x100067d4       0x8c
 i.OS_enqueue_item
                0x100067d4       0x8c Generated_Source\PSoC6\pdl\middleware\ble\lib\cy_ble_stack_gcc_controller_ipc_cm0p.a(mint_os_queue.o)
                0x100067d4                OS_enqueue_item

i.OS_queue_get_num_of_items
                0x10006860       0x28
 i.OS_queue_get_num_of_items
                0x10006860       0x28 Generated_Source\PSoC6\pdl\middleware\ble\lib\cy_ble_stack_gcc_controller_ipc_cm0p.a(mint_os_queue.o)
                0x10006860                OS_queue_get_num_of_items

i.OS_queue_mgmt_init
                0x10006888       0x40
 i.OS_queue_mgmt_init
                0x10006888       0x40 Generated_Source\PSoC6\pdl\middleware\ble\lib\cy_ble_stack_gcc_controller_ipc_cm0p.a(mint_os_queue.o)
                0x10006888                OS_queue_mgmt_init

i.OS_remove_item
                0x100068c8       0xa0
 i.OS_remove_item
                0x100068c8       0xa0 Generated_Source\PSoC6\pdl\middleware\ble\lib\cy_ble_stack_gcc_controller_ipc_cm0p.a(mint_os_queue.o)
                0x100068c8                OS_remove_item

i.OS_create_task
                0x10006968       0x88
 i.OS_create_task
                0x10006968       0x88 Generated_Source\PSoC6\pdl\middleware\ble\lib\cy_ble_stack_gcc_controller_ipc_cm0p.a(mint_os_task.o)
                0x10006968                OS_create_task

i.OS_is_task_free
                0x100069f0       0x30
 i.OS_is_task_free
                0x100069f0       0x30 Generated_Source\PSoC6\pdl\middleware\ble\lib\cy_ble_stack_gcc_controller_ipc_cm0p.a(mint_os_task.o)
                0x100069f0                OS_is_task_free

i.OS_isr_send_signal_to_task
                0x10006a20        0xc
 i.OS_isr_send_signal_to_task
                0x10006a20        0xc Generated_Source\PSoC6\pdl\middleware\ble\lib\cy_ble_stack_gcc_controller_ipc_cm0p.a(mint_os_task.o)
                0x10006a20                OS_isr_send_signal_to_task

i.OS_scheduler  0x10006a2c       0x64
 i.OS_scheduler
                0x10006a2c       0x64 Generated_Source\PSoC6\pdl\middleware\ble\lib\cy_ble_stack_gcc_controller_ipc_cm0p.a(mint_os_task.o)
                0x10006a2c                OS_scheduler

i.OS_send_signal_to_task
                0x10006a90        0xc
 i.OS_send_signal_to_task
                0x10006a90        0xc Generated_Source\PSoC6\pdl\middleware\ble\lib\cy_ble_stack_gcc_controller_ipc_cm0p.a(mint_os_task.o)
                0x10006a90                OS_send_signal_to_task

i.OS_send_signal_to_task_context
                0x10006a9c       0x3c
 i.OS_send_signal_to_task_context
                0x10006a9c       0x3c Generated_Source\PSoC6\pdl\middleware\ble\lib\cy_ble_stack_gcc_controller_ipc_cm0p.a(mint_os_task.o)

i.OS_task_mgmt_init
                0x10006ad8       0x50
 i.OS_task_mgmt_init
                0x10006ad8       0x50 Generated_Source\PSoC6\pdl\middleware\ble\lib\cy_ble_stack_gcc_controller_ipc_cm0p.a(mint_os_task.o)
                0x10006ad8                OS_task_mgmt_init

i.mint_buf_mgmt_allocate_buffer
                0x10006b28       0x4c
 i.mint_buf_mgmt_allocate_buffer
                0x10006b28       0x4c Generated_Source\PSoC6\pdl\middleware\ble\lib\cy_ble_stack_gcc_controller_ipc_cm0p.a(mint_buf_mgmt.o)
                0x10006b28                mint_buf_mgmt_allocate_buffer

i.mint_buf_mgmt_create_pool
                0x10006b74       0xd4
 i.mint_buf_mgmt_create_pool
                0x10006b74       0xd4 Generated_Source\PSoC6\pdl\middleware\ble\lib\cy_ble_stack_gcc_controller_ipc_cm0p.a(mint_buf_mgmt.o)
                0x10006b74                mint_buf_mgmt_create_pool

i.mint_buf_mgmt_free_buffer
                0x10006c48       0xa4
 i.mint_buf_mgmt_free_buffer
                0x10006c48       0xa4 Generated_Source\PSoC6\pdl\middleware\ble\lib\cy_ble_stack_gcc_controller_ipc_cm0p.a(mint_buf_mgmt.o)
                0x10006c48                mint_buf_mgmt_free_buffer

i.mint_buf_mgmt_init
                0x10006cec       0x44
 i.mint_buf_mgmt_init
                0x10006cec       0x44 Generated_Source\PSoC6\pdl\middleware\ble\lib\cy_ble_stack_gcc_controller_ipc_cm0p.a(mint_buf_mgmt.o)
                0x10006cec                mint_buf_mgmt_init

i.mint_buf_mgmt_malloc
                0x10006d30       0x28
 i.mint_buf_mgmt_malloc
                0x10006d30       0x28 Generated_Source\PSoC6\pdl\middleware\ble\lib\cy_ble_stack_gcc_controller_ipc_cm0p.a(mint_buf_mgmt.o)
                0x10006d30                mint_buf_mgmt_malloc

i.mint_buf_mgmt_pl_init
                0x10006d58       0x4c
 i.mint_buf_mgmt_pl_init
                0x10006d58       0x4c Generated_Source\PSoC6\pdl\middleware\ble\lib\cy_ble_stack_gcc_controller_ipc_cm0p.a(mint_buf_mgmt.o)
                0x10006d58                mint_buf_mgmt_pl_init

i.mint_buf_mgmt_reset_pool
                0x10006da4       0x70
 i.mint_buf_mgmt_reset_pool
                0x10006da4       0x70 Generated_Source\PSoC6\pdl\middleware\ble\lib\cy_ble_stack_gcc_controller_ipc_cm0p.a(mint_buf_mgmt.o)
                0x10006da4                mint_buf_mgmt_reset_pool

i.mint_buf_mgmt_stack_init
                0x10006e14       0x24
 i.mint_buf_mgmt_stack_init
                0x10006e14       0x24 Generated_Source\PSoC6\pdl\middleware\ble\lib\cy_ble_stack_gcc_controller_ipc_cm0p.a(mint_buf_mgmt.o)
                0x10006e14                mint_buf_mgmt_stack_init

i.mint_buf_mgmt_stack_pop
                0x10006e38       0x36
 i.mint_buf_mgmt_stack_pop
                0x10006e38       0x36 Generated_Source\PSoC6\pdl\middleware\ble\lib\cy_ble_stack_gcc_controller_ipc_cm0p.a(mint_buf_mgmt.o)
                0x10006e38                mint_buf_mgmt_stack_pop

i.mint_buf_mgmt_stack_push
                0x10006e6e       0x36
 i.mint_buf_mgmt_stack_push
                0x10006e6e       0x36 Generated_Source\PSoC6\pdl\middleware\ble\lib\cy_ble_stack_gcc_controller_ipc_cm0p.a(mint_buf_mgmt.o)
                0x10006e6e                mint_buf_mgmt_stack_push

i.mint_buf_mgmt_stack_reset
                0x10006ea4       0x1e
 i.mint_buf_mgmt_stack_reset
                0x10006ea4       0x1e Generated_Source\PSoC6\pdl\middleware\ble\lib\cy_ble_stack_gcc_controller_ipc_cm0p.a(mint_buf_mgmt.o)
                0x10006ea4                mint_buf_mgmt_stack_reset

i.mint_buf_mgmt_stack_search_item
                0x10006ec2       0x30
 i.mint_buf_mgmt_stack_search_item
                0x10006ec2       0x30 Generated_Source\PSoC6\pdl\middleware\ble\lib\cy_ble_stack_gcc_controller_ipc_cm0p.a(mint_buf_mgmt.o)
                0x10006ec2                mint_buf_mgmt_stack_search_item

i.CyBleController_HciIpcExtractPacket
                0x10006ef4       0x84
 i.CyBleController_HciIpcExtractPacket
                0x10006ef4       0x84 Generated_Source\PSoC6\pdl\middleware\ble\lib\cy_ble_stack_gcc_controller_ipc_cm0p.a(transport_ipc.o)
                0x10006ef4                CyBleController_HciIpcExtractPacket

i.CyBleController_HciIpcInit
                0x10006f78       0x10
 i.CyBleController_HciIpcInit
                0x10006f78       0x10 Generated_Source\PSoC6\pdl\middleware\ble\lib\cy_ble_stack_gcc_controller_ipc_cm0p.a(transport_ipc.o)
                0x10006f78                CyBleController_HciIpcInit

i.CyBleController_HciIpcMsgCompleteReceive
                0x10006f88       0x20
 i.CyBleController_HciIpcMsgCompleteReceive
                0x10006f88       0x20 Generated_Source\PSoC6\pdl\middleware\ble\lib\cy_ble_stack_gcc_controller_ipc_cm0p.a(transport_ipc.o)
                0x10006f88                CyBleController_HciIpcMsgCompleteReceive

i.CyBleController_HciIpcMsgReceive
                0x10006fa8       0xb4
 i.CyBleController_HciIpcMsgReceive
                0x10006fa8       0xb4 Generated_Source\PSoC6\pdl\middleware\ble\lib\cy_ble_stack_gcc_controller_ipc_cm0p.a(transport_ipc.o)
                0x10006fa8                CyBleController_HciIpcMsgReceive

i.CyBleController_HciIpcSend
                0x1000705c       0x16
 i.CyBleController_HciIpcSend
                0x1000705c       0x16 Generated_Source\PSoC6\pdl\middleware\ble\lib\cy_ble_stack_gcc_controller_ipc_cm0p.a(transport_ipc.o)
                0x1000705c                CyBleController_HciIpcSend

i.CyBleController_IpcSendStackInitHWError
                0x10007072        0x8
 i.CyBleController_IpcSendStackInitHWError
                0x10007072        0x8 Generated_Source\PSoC6\pdl\middleware\ble\lib\cy_ble_stack_gcc_controller_ipc_cm0p.a(transport_ipc.o)
                0x10007072                CyBleController_IpcSendStackInitHWError

i.CyBleController_IPC_HAL_Init
                0x1000707c       0x40
 i.CyBleController_IPC_HAL_Init
                0x1000707c       0x40 Generated_Source\PSoC6\pdl\middleware\ble\lib\cy_ble_stack_gcc_controller_ipc_cm0p.a(CyBleStackMgr_PSoCIPCHal.o)
                0x1000707c                CyBleController_IPC_HAL_Init

i.CyBleController_IPC_HAL_InitWithStaticMem
                0x100070bc       0x10
 i.CyBleController_IPC_HAL_InitWithStaticMem
                0x100070bc       0x10 Generated_Source\PSoC6\pdl\middleware\ble\lib\cy_ble_stack_gcc_controller_ipc_cm0p.a(CyBleStackMgr_PSoCIPCHal.o)
                0x100070bc                CyBleController_IPC_HAL_InitWithStaticMem

i.CyBleController_IPC_HAL_IsQueueEmpty
                0x100070cc       0x24
 i.CyBleController_IPC_HAL_IsQueueEmpty
                0x100070cc       0x24 Generated_Source\PSoC6\pdl\middleware\ble\lib\cy_ble_stack_gcc_controller_ipc_cm0p.a(CyBleStackMgr_PSoCIPCHal.o)
                0x100070cc                CyBleController_IPC_HAL_IsQueueEmpty

i.CyBleController_IPC_HAL_PipeReleaseCallback
                0x100070f0       0x1c
 i.CyBleController_IPC_HAL_PipeReleaseCallback
                0x100070f0       0x1c Generated_Source\PSoC6\pdl\middleware\ble\lib\cy_ble_stack_gcc_controller_ipc_cm0p.a(CyBleStackMgr_PSoCIPCHal.o)

i.CyBleController_IPC_HAL_ProcessMsgQ
                0x1000710c       0x40
 i.CyBleController_IPC_HAL_ProcessMsgQ
                0x1000710c       0x40 Generated_Source\PSoC6\pdl\middleware\ble\lib\cy_ble_stack_gcc_controller_ipc_cm0p.a(CyBleStackMgr_PSoCIPCHal.o)
                0x1000710c                CyBleController_IPC_HAL_ProcessMsgQ

i.CyBleController_IPC_HAL_PushMessage
                0x1000714c       0x4c
 i.CyBleController_IPC_HAL_PushMessage
                0x1000714c       0x4c Generated_Source\PSoC6\pdl\middleware\ble\lib\cy_ble_stack_gcc_controller_ipc_cm0p.a(CyBleStackMgr_PSoCIPCHal.o)

i.CyBleController_IPC_HAL_Reset
                0x10007198        0x2
 i.CyBleController_IPC_HAL_Reset
                0x10007198        0x2 Generated_Source\PSoC6\pdl\middleware\ble\lib\cy_ble_stack_gcc_controller_ipc_cm0p.a(CyBleStackMgr_PSoCIPCHal.o)
                0x10007198                CyBleController_IPC_HAL_Reset

i.CyBleController_IPC_HAL_SendEnqueue
                0x1000719a       0x10
 i.CyBleController_IPC_HAL_SendEnqueue
                0x1000719a       0x10 Generated_Source\PSoC6\pdl\middleware\ble\lib\cy_ble_stack_gcc_controller_ipc_cm0p.a(CyBleStackMgr_PSoCIPCHal.o)
                0x1000719a                CyBleController_IPC_HAL_SendEnqueue

i.CyBle_ControllerAesCcmDecrypt
                0x100071ac       0x50
 i.CyBle_ControllerAesCcmDecrypt
                0x100071ac       0x50 Generated_Source\PSoC6\pdl\middleware\ble\lib\cy_ble_stack_gcc_controller_ipc_cm0p.a(CyBleControllerIP_Interface.o)
                0x100071ac                CyBle_ControllerAesCcmDecrypt

i.CyBle_ControllerAesCcmEncrypt
                0x100071fc       0x44
 i.CyBle_ControllerAesCcmEncrypt
                0x100071fc       0x44 Generated_Source\PSoC6\pdl\middleware\ble\lib\cy_ble_stack_gcc_controller_ipc_cm0p.a(CyBleControllerIP_Interface.o)
                0x100071fc                CyBle_ControllerAesCcmEncrypt

i.CyBle_ControllerAesEncrypt
                0x10007240       0x60
 i.CyBle_ControllerAesEncrypt
                0x10007240       0x60 Generated_Source\PSoC6\pdl\middleware\ble\lib\cy_ble_stack_gcc_controller_ipc_cm0p.a(CyBleControllerIP_Interface.o)
                0x10007240                CyBle_ControllerAesEncrypt

i.CyBle_ControllerDisableDleFeature
                0x100072a0       0x10
 i.CyBle_ControllerDisableDleFeature
                0x100072a0       0x10 Generated_Source\PSoC6\pdl\middleware\ble\lib\cy_ble_stack_gcc_controller_ipc_cm0p.a(CyBleControllerIP_Interface.o)
                0x100072a0                CyBle_ControllerDisableDleFeature

i.CyBle_ControllerDisablePhyUpdateFeature
                0x100072b0        0xc
 i.CyBle_ControllerDisablePhyUpdateFeature
                0x100072b0        0xc Generated_Source\PSoC6\pdl\middleware\ble\lib\cy_ble_stack_gcc_controller_ipc_cm0p.a(CyBleControllerIP_Interface.o)
                0x100072b0                CyBle_ControllerDisablePhyUpdateFeature

i.CyBle_ControllerDisablePrivacyFeature
                0x100072bc        0xc
 i.CyBle_ControllerDisablePrivacyFeature
                0x100072bc        0xc Generated_Source\PSoC6\pdl\middleware\ble\lib\cy_ble_stack_gcc_controller_ipc_cm0p.a(CyBleControllerIP_Interface.o)
                0x100072bc                CyBle_ControllerDisablePrivacyFeature

i.CyBle_ControllerEnablePrivacyFeature
                0x100072c8       0x10
 i.CyBle_ControllerEnablePrivacyFeature
                0x100072c8       0x10 Generated_Source\PSoC6\pdl\middleware\ble\lib\cy_ble_stack_gcc_controller_ipc_cm0p.a(CyBleControllerIP_Interface.o)
                0x100072c8                CyBle_ControllerEnablePrivacyFeature

i.CyBle_ControllerEnterLPM
                0x100072d8       0x14
 i.CyBle_ControllerEnterLPM
                0x100072d8       0x14 Generated_Source\PSoC6\pdl\middleware\ble\lib\cy_ble_stack_gcc_controller_ipc_cm0p.a(CyBleControllerIP_Interface.o)
                0x100072d8                CyBle_ControllerEnterLPM

i.CyBle_ControllerExitLPM
                0x100072ec       0x10
 i.CyBle_ControllerExitLPM
                0x100072ec       0x10 Generated_Source\PSoC6\pdl\middleware\ble\lib\cy_ble_stack_gcc_controller_ipc_cm0p.a(CyBleControllerIP_Interface.o)
                0x100072ec                CyBle_ControllerExitLPM

i.CyBle_ControllerGetBleSsState
                0x100072fc       0x10
 i.CyBle_ControllerGetBleSsState
                0x100072fc       0x10 Generated_Source\PSoC6\pdl\middleware\ble\lib\cy_ble_stack_gcc_controller_ipc_cm0p.a(CyBleControllerIP_Interface.o)
                0x100072fc                CyBle_ControllerGetBleSsState

i.CyBle_ControllerGetFeatureHeapReq
                0x1000730c       0x56
 i.CyBle_ControllerGetFeatureHeapReq
                0x1000730c       0x56 Generated_Source\PSoC6\pdl\middleware\ble\lib\cy_ble_stack_gcc_controller_ipc_cm0p.a(CyBleControllerIP_Interface.o)
                0x1000730c                CyBle_ControllerGetFeatureHeapReq

i.CyBle_ControllerGetFirmwareProgrammedDSM
                0x10007364        0xc
 i.CyBle_ControllerGetFirmwareProgrammedDSM
                0x10007364        0xc Generated_Source\PSoC6\pdl\middleware\ble\lib\cy_ble_stack_gcc_controller_ipc_cm0p.a(CyBleControllerIP_Interface.o)
                0x10007364                CyBle_ControllerGetFirmwareProgrammedDSM

i.CyBle_ControllerGetHeapMemory
                0x10007370       0x18
 i.CyBle_ControllerGetHeapMemory
                0x10007370       0x18 Generated_Source\PSoC6\pdl\middleware\ble\lib\cy_ble_stack_gcc_controller_ipc_cm0p.a(CyBleControllerIP_Interface.o)
                0x10007370                CyBle_ControllerGetHeapMemory

i.CyBle_ControllerGetInternalHeapReq
                0x10007388       0x3c
 i.CyBle_ControllerGetInternalHeapReq
                0x10007388       0x3c Generated_Source\PSoC6\pdl\middleware\ble\lib\cy_ble_stack_gcc_controller_ipc_cm0p.a(CyBleControllerIP_Interface.o)
                0x10007388                CyBle_ControllerGetInternalHeapReq

i.CyBle_ControllerHCIReInit
                0x100073c4       0x60
 i.CyBle_ControllerHCIReInit
                0x100073c4       0x60 Generated_Source\PSoC6\pdl\middleware\ble\lib\cy_ble_stack_gcc_controller_ipc_cm0p.a(CyBleControllerIP_Interface.o)
                0x100073c4                CyBle_ControllerHCIReInit

i.CyBle_ControllerInit
                0x10007424       0x68
 i.CyBle_ControllerInit
                0x10007424       0x68 Generated_Source\PSoC6\pdl\middleware\ble\lib\cy_ble_stack_gcc_controller_ipc_cm0p.a(CyBleControllerIP_Interface.o)
                0x10007424                CyBle_ControllerInit

i.CyBle_ControllerReset
                0x1000748c       0x20
 i.CyBle_ControllerReset
                0x1000748c       0x20 Generated_Source\PSoC6\pdl\middleware\ble\lib\cy_ble_stack_gcc_controller_ipc_cm0p.a(CyBleControllerIP_Interface.o)
                0x1000748c                CyBle_ControllerReset

i.CyBle_ControllerSetFeatureConfig
                0x100074ac       0x5c
 i.CyBle_ControllerSetFeatureConfig
                0x100074ac       0x5c Generated_Source\PSoC6\pdl\middleware\ble\lib\cy_ble_stack_gcc_controller_ipc_cm0p.a(CyBleControllerIP_Interface.o)
                0x100074ac                CyBle_ControllerSetFeatureConfig

i.CyBle_ControllerSetFirmwareProgrammedDSM
                0x10007508        0xc
 i.CyBle_ControllerSetFirmwareProgrammedDSM
                0x10007508        0xc Generated_Source\PSoC6\pdl\middleware\ble\lib\cy_ble_stack_gcc_controller_ipc_cm0p.a(CyBleControllerIP_Interface.o)
                0x10007508                CyBle_ControllerSetFirmwareProgrammedDSM

i.CyBle_ControllerValidateInputParams
                0x10007514       0x24
 i.CyBle_ControllerValidateInputParams
                0x10007514       0x24 Generated_Source\PSoC6\pdl\middleware\ble\lib\cy_ble_stack_gcc_controller_ipc_cm0p.a(CyBleControllerIP_Interface.o)
                0x10007514                CyBle_ControllerValidateInputParams

i.Cy_BLE_IsControllerActive
                0x10007538       0x30
 i.Cy_BLE_IsControllerActive
                0x10007538       0x30 Generated_Source\PSoC6\pdl\middleware\ble\lib\cy_ble_stack_gcc_controller_ipc_cm0p.a(ll.o)
                0x10007538                Cy_BLE_IsControllerActive

i.ll_check_and_mark_packet_ready_for_transmission
                0x10007568       0x5c
 i.ll_check_and_mark_packet_ready_for_transmission
                0x10007568       0x5c Generated_Source\PSoC6\pdl\middleware\ble\lib\cy_ble_stack_gcc_controller_ipc_cm0p.a(ll.o)
                0x10007568                ll_check_and_mark_packet_ready_for_transmission

i.ll_cleanup_pending_data_pdu
                0x100075c4       0x3c
 i.ll_cleanup_pending_data_pdu
                0x100075c4       0x3c Generated_Source\PSoC6\pdl\middleware\ble\lib\cy_ble_stack_gcc_controller_ipc_cm0p.a(ll.o)
                0x100075c4                ll_cleanup_pending_data_pdu

i.ll_dequeue_data_in_pdu_q_mgr
                0x10007600      0x144
 i.ll_dequeue_data_in_pdu_q_mgr
                0x10007600      0x144 Generated_Source\PSoC6\pdl\middleware\ble\lib\cy_ble_stack_gcc_controller_ipc_cm0p.a(ll.o)
                0x10007600                ll_dequeue_data_in_pdu_q_mgr

i.ll_derive_window_offset
                0x10007744       0x20
 i.ll_derive_window_offset
                0x10007744       0x20 Generated_Source\PSoC6\pdl\middleware\ble\lib\cy_ble_stack_gcc_controller_ipc_cm0p.a(ll.o)
                0x10007744                ll_derive_window_offset

i.ll_derive_window_size
                0x10007764        0xc
 i.ll_derive_window_size
                0x10007764        0xc Generated_Source\PSoC6\pdl\middleware\ble\lib\cy_ble_stack_gcc_controller_ipc_cm0p.a(ll.o)
                0x10007764                ll_derive_window_size

i.ll_enqueue_data_in_pdu_q_mgr
                0x10007770       0x84
 i.ll_enqueue_data_in_pdu_q_mgr
                0x10007770       0x84 Generated_Source\PSoC6\pdl\middleware\ble\lib\cy_ble_stack_gcc_controller_ipc_cm0p.a(ll.o)
                0x10007770                ll_enqueue_data_in_pdu_q_mgr

i.ll_enter_dsm_mode
                0x100077f4      0x200
 i.ll_enter_dsm_mode
                0x100077f4      0x200 Generated_Source\PSoC6\pdl\middleware\ble\lib\cy_ble_stack_gcc_controller_ipc_cm0p.a(ll.o)
                0x100077f4                ll_enter_dsm_mode

i.ll_exit_low_power_mode
                0x100079f4       0x6c
 i.ll_exit_low_power_mode
                0x100079f4       0x6c Generated_Source\PSoC6\pdl\middleware\ble\lib\cy_ble_stack_gcc_controller_ipc_cm0p.a(ll.o)
                0x100079f4                ll_exit_low_power_mode

i.ll_get_ack_status
                0x10007a60       0x44
 i.ll_get_ack_status
                0x10007a60       0x44 Generated_Source\PSoC6\pdl\middleware\ble\lib\cy_ble_stack_gcc_controller_ipc_cm0p.a(ll.o)
                0x10007a60                ll_get_ack_status

i.ll_get_ack_status_for_all_connections
                0x10007aa4       0x38
 i.ll_get_ack_status_for_all_connections
                0x10007aa4       0x38 Generated_Source\PSoC6\pdl\middleware\ble\lib\cy_ble_stack_gcc_controller_ipc_cm0p.a(ll.o)
                0x10007aa4                ll_get_ack_status_for_all_connections

i.ll_get_adv_ch_tx_power
                0x10007adc       0x16
 i.ll_get_adv_ch_tx_power
                0x10007adc       0x16 Generated_Source\PSoC6\pdl\middleware\ble\lib\cy_ble_stack_gcc_controller_ipc_cm0p.a(ll.o)
                0x10007adc                ll_get_adv_ch_tx_power

i.ll_get_data_channel_map
                0x10007af2       0x28
 i.ll_get_data_channel_map
                0x10007af2       0x28 Generated_Source\PSoC6\pdl\middleware\ble\lib\cy_ble_stack_gcc_controller_ipc_cm0p.a(ll.o)
                0x10007af2                ll_get_data_channel_map

i.ll_get_max_white_list_size
                0x10007b1c        0xc
 i.ll_get_max_white_list_size
                0x10007b1c        0xc Generated_Source\PSoC6\pdl\middleware\ble\lib\cy_ble_stack_gcc_controller_ipc_cm0p.a(ll.o)
                0x10007b1c                ll_get_max_white_list_size

i.ll_get_my_role
                0x10007b28        0xc
 i.ll_get_my_role
                0x10007b28        0xc Generated_Source\PSoC6\pdl\middleware\ble\lib\cy_ble_stack_gcc_controller_ipc_cm0p.a(ll.o)
                0x10007b28                ll_get_my_role

i.ll_get_next_available_fifo_for_data_pdu
                0x10007b34        0x8
 i.ll_get_next_available_fifo_for_data_pdu
                0x10007b34        0x8 Generated_Source\PSoC6\pdl\middleware\ble\lib\cy_ble_stack_gcc_controller_ipc_cm0p.a(ll.o)
                0x10007b34                ll_get_next_available_fifo_for_data_pdu

i.ll_get_next_available_fifo_for_ll_pdu
                0x10007b3c       0x30
 i.ll_get_next_available_fifo_for_ll_pdu
                0x10007b3c       0x30 Generated_Source\PSoC6\pdl\middleware\ble\lib\cy_ble_stack_gcc_controller_ipc_cm0p.a(ll.o)
                0x10007b3c                ll_get_next_available_fifo_for_ll_pdu

i.ll_get_rssi_value
                0x10007b6c       0x28
 i.ll_get_rssi_value
                0x10007b6c       0x28 Generated_Source\PSoC6\pdl\middleware\ble\lib\cy_ble_stack_gcc_controller_ipc_cm0p.a(ll.o)
                0x10007b6c                ll_get_rssi_value

i.ll_get_transmit_power_level
                0x10007b94       0x20
 i.ll_get_transmit_power_level
                0x10007b94       0x20 Generated_Source\PSoC6\pdl\middleware\ble\lib\cy_ble_stack_gcc_controller_ipc_cm0p.a(ll.o)
                0x10007b94                ll_get_transmit_power_level

i.ll_handle_ack_received
                0x10007bb4       0x6c
 i.ll_handle_ack_received
                0x10007bb4       0x6c Generated_Source\PSoC6\pdl\middleware\ble\lib\cy_ble_stack_gcc_controller_ipc_cm0p.a(ll.o)
                0x10007bb4                ll_handle_ack_received

i.ll_handle_add_device_in_whitelist
                0x10007c20       0xbc
 i.ll_handle_add_device_in_whitelist
                0x10007c20       0xbc Generated_Source\PSoC6\pdl\middleware\ble\lib\cy_ble_stack_gcc_controller_ipc_cm0p.a(ll.o)
                0x10007c20                ll_handle_add_device_in_whitelist

i.ll_handle_clear_whitelist
                0x10007cdc       0x2c
 i.ll_handle_clear_whitelist
                0x10007cdc       0x2c Generated_Source\PSoC6\pdl\middleware\ble\lib\cy_ble_stack_gcc_controller_ipc_cm0p.a(ll.o)
                0x10007cdc                ll_handle_clear_whitelist

i.ll_handle_encrypt_host_data
                0x10007d08       0x36
 i.ll_handle_encrypt_host_data
                0x10007d08       0x36 Generated_Source\PSoC6\pdl\middleware\ble\lib\cy_ble_stack_gcc_controller_ipc_cm0p.a(ll.o)
                0x10007d08                ll_handle_encrypt_host_data

i.ll_handle_host_data_packet
                0x10007d40       0xa0
 i.ll_handle_host_data_packet
                0x10007d40       0xa0 Generated_Source\PSoC6\pdl\middleware\ble\lib\cy_ble_stack_gcc_controller_ipc_cm0p.a(ll.o)
                0x10007d40                ll_handle_host_data_packet

i.ll_handle_read_host_channel_map
                0x10007de0        0x4
 i.ll_handle_read_host_channel_map
                0x10007de0        0x4 Generated_Source\PSoC6\pdl\middleware\ble\lib\cy_ble_stack_gcc_controller_ipc_cm0p.a(ll.o)
                0x10007de0                ll_handle_read_host_channel_map

i.ll_handle_remove_device_in_whitelist
                0x10007de4      0x118
 i.ll_handle_remove_device_in_whitelist
                0x10007de4      0x118 Generated_Source\PSoC6\pdl\middleware\ble\lib\cy_ble_stack_gcc_controller_ipc_cm0p.a(ll.o)
                0x10007de4                ll_handle_remove_device_in_whitelist

i.ll_handle_reset
                0x10007efc        0xe
 i.ll_handle_reset
                0x10007efc        0xe Generated_Source\PSoC6\pdl\middleware\ble\lib\cy_ble_stack_gcc_controller_ipc_cm0p.a(ll.o)
                0x10007efc                ll_handle_reset

i.ll_handle_set_host_channel_map
                0x10007f0c       0x34
 i.ll_handle_set_host_channel_map
                0x10007f0c       0x34 Generated_Source\PSoC6\pdl\middleware\ble\lib\cy_ble_stack_gcc_controller_ipc_cm0p.a(ll.o)
                0x10007f0c                ll_handle_set_host_channel_map

i.ll_handle_set_random_address
                0x10007f40       0x36
 i.ll_handle_set_random_address
                0x10007f40       0x36 Generated_Source\PSoC6\pdl\middleware\ble\lib\cy_ble_stack_gcc_controller_ipc_cm0p.a(ll.o)
                0x10007f40                ll_handle_set_random_address

i.ll_handle_start_receiver_test
                0x10007f78       0x18
 i.ll_handle_start_receiver_test
                0x10007f78       0x18 Generated_Source\PSoC6\pdl\middleware\ble\lib\cy_ble_stack_gcc_controller_ipc_cm0p.a(ll.o)
                0x10007f78                ll_handle_start_receiver_test

i.ll_handle_start_transmitter_test
                0x10007f90       0x1c
 i.ll_handle_start_transmitter_test
                0x10007f90       0x1c Generated_Source\PSoC6\pdl\middleware\ble\lib\cy_ble_stack_gcc_controller_ipc_cm0p.a(ll.o)
                0x10007f90                ll_handle_start_transmitter_test

i.ll_handle_test_test_end
                0x10007fac       0x28
 i.ll_handle_test_test_end
                0x10007fac       0x28 Generated_Source\PSoC6\pdl\middleware\ble\lib\cy_ble_stack_gcc_controller_ipc_cm0p.a(ll.o)
                0x10007fac                ll_handle_test_test_end

i.ll_handle_vendor_read_retention_list_address
                0x10007fd4       0x10
 i.ll_handle_vendor_read_retention_list_address